Archive member included to satisfy reference by file (symbol)

f:/mounriver/mounriver_studio/toolchain/risc-v embedded gcc/bin/../lib/gcc/riscv-none-embed/8.2.0/../../../../riscv-none-embed/lib/rv32imac/ilp32\libg_nano.a(lib_a-printf.o)
                              ./User/main.o (printf)
f:/mounriver/mounriver_studio/toolchain/risc-v embedded gcc/bin/../lib/gcc/riscv-none-embed/8.2.0/../../../../riscv-none-embed/lib/rv32imac/ilp32\libg_nano.a(lib_a-puts.o)
                              ./User/main.o (puts)
f:/mounriver/mounriver_studio/toolchain/risc-v embedded gcc/bin/../lib/gcc/riscv-none-embed/8.2.0/../../../../riscv-none-embed/lib/rv32imac/ilp32\libg_nano.a(lib_a-wbuf.o)
                              f:/mounriver/mounriver_studio/toolchain/risc-v embedded gcc/bin/../lib/gcc/riscv-none-embed/8.2.0/../../../../riscv-none-embed/lib/rv32imac/ilp32\libg_nano.a(lib_a-puts.o) (__swbuf_r)
f:/mounriver/mounriver_studio/toolchain/risc-v embedded gcc/bin/../lib/gcc/riscv-none-embed/8.2.0/../../../../riscv-none-embed/lib/rv32imac/ilp32\libg_nano.a(lib_a-wsetup.o)
                              f:/mounriver/mounriver_studio/toolchain/risc-v embedded gcc/bin/../lib/gcc/riscv-none-embed/8.2.0/../../../../riscv-none-embed/lib/rv32imac/ilp32\libg_nano.a(lib_a-puts.o) (__swsetup_r)
f:/mounriver/mounriver_studio/toolchain/risc-v embedded gcc/bin/../lib/gcc/riscv-none-embed/8.2.0/../../../../riscv-none-embed/lib/rv32imac/ilp32\libg_nano.a(lib_a-fflush.o)
                              f:/mounriver/mounriver_studio/toolchain/risc-v embedded gcc/bin/../lib/gcc/riscv-none-embed/8.2.0/../../../../riscv-none-embed/lib/rv32imac/ilp32\libg_nano.a(lib_a-wbuf.o) (_fflush_r)
f:/mounriver/mounriver_studio/toolchain/risc-v embedded gcc/bin/../lib/gcc/riscv-none-embed/8.2.0/../../../../riscv-none-embed/lib/rv32imac/ilp32\libg_nano.a(lib_a-findfp.o)
                              f:/mounriver/mounriver_studio/toolchain/risc-v embedded gcc/bin/../lib/gcc/riscv-none-embed/8.2.0/../../../../riscv-none-embed/lib/rv32imac/ilp32\libg_nano.a(lib_a-printf.o) (__sinit)
f:/mounriver/mounriver_studio/toolchain/risc-v embedded gcc/bin/../lib/gcc/riscv-none-embed/8.2.0/../../../../riscv-none-embed/lib/rv32imac/ilp32\libg_nano.a(lib_a-fwalk.o)
                              f:/mounriver/mounriver_studio/toolchain/risc-v embedded gcc/bin/../lib/gcc/riscv-none-embed/8.2.0/../../../../riscv-none-embed/lib/rv32imac/ilp32\libg_nano.a(lib_a-findfp.o) (_fwalk)
f:/mounriver/mounriver_studio/toolchain/risc-v embedded gcc/bin/../lib/gcc/riscv-none-embed/8.2.0/../../../../riscv-none-embed/lib/rv32imac/ilp32\libg_nano.a(lib_a-impure.o)
                              f:/mounriver/mounriver_studio/toolchain/risc-v embedded gcc/bin/../lib/gcc/riscv-none-embed/8.2.0/../../../../riscv-none-embed/lib/rv32imac/ilp32\libg_nano.a(lib_a-fflush.o) (_global_impure_ptr)
f:/mounriver/mounriver_studio/toolchain/risc-v embedded gcc/bin/../lib/gcc/riscv-none-embed/8.2.0/../../../../riscv-none-embed/lib/rv32imac/ilp32\libg_nano.a(lib_a-makebuf.o)
                              f:/mounriver/mounriver_studio/toolchain/risc-v embedded gcc/bin/../lib/gcc/riscv-none-embed/8.2.0/../../../../riscv-none-embed/lib/rv32imac/ilp32\libg_nano.a(lib_a-wsetup.o) (__smakebuf_r)
f:/mounriver/mounriver_studio/toolchain/risc-v embedded gcc/bin/../lib/gcc/riscv-none-embed/8.2.0/../../../../riscv-none-embed/lib/rv32imac/ilp32\libg_nano.a(lib_a-memset.o)
                              f:/mounriver/mounriver_studio/toolchain/risc-v embedded gcc/bin/../lib/gcc/riscv-none-embed/8.2.0/../../../../riscv-none-embed/lib/rv32imac/ilp32\libg_nano.a(lib_a-findfp.o) (memset)
f:/mounriver/mounriver_studio/toolchain/risc-v embedded gcc/bin/../lib/gcc/riscv-none-embed/8.2.0/../../../../riscv-none-embed/lib/rv32imac/ilp32\libg_nano.a(lib_a-nano-freer.o)
                              f:/mounriver/mounriver_studio/toolchain/risc-v embedded gcc/bin/../lib/gcc/riscv-none-embed/8.2.0/../../../../riscv-none-embed/lib/rv32imac/ilp32\libg_nano.a(lib_a-wsetup.o) (_free_r)
f:/mounriver/mounriver_studio/toolchain/risc-v embedded gcc/bin/../lib/gcc/riscv-none-embed/8.2.0/../../../../riscv-none-embed/lib/rv32imac/ilp32\libg_nano.a(lib_a-nano-mallocr.o)
                              f:/mounriver/mounriver_studio/toolchain/risc-v embedded gcc/bin/../lib/gcc/riscv-none-embed/8.2.0/../../../../riscv-none-embed/lib/rv32imac/ilp32\libg_nano.a(lib_a-findfp.o) (_malloc_r)
f:/mounriver/mounriver_studio/toolchain/risc-v embedded gcc/bin/../lib/gcc/riscv-none-embed/8.2.0/../../../../riscv-none-embed/lib/rv32imac/ilp32\libg_nano.a(lib_a-nano-vfprintf.o)
                              f:/mounriver/mounriver_studio/toolchain/risc-v embedded gcc/bin/../lib/gcc/riscv-none-embed/8.2.0/../../../../riscv-none-embed/lib/rv32imac/ilp32\libg_nano.a(lib_a-printf.o) (_vfprintf_r)
[...]
Memory Configuration

Name             Origin             Length             Attributes
FLASH            0x0000000000000000 0x0000000000048000 xr
RAM              0x0000000020000000 0x0000000000008000 xrw
*default*        0x0000000000000000 0xffffffffffffffff

Linker script and memory map

LOAD ./User/ch32v30x_it.o
LOAD ./User/main.o
LOAD ./User/system_ch32v30x.o
LOAD ./Startup/startup_ch32v30x_D8C.o
LOAD ./Peripheral/src/ch32v30x_adc.o
LOAD ./Peripheral/src/ch32v30x_bkp.o
LOAD ./Peripheral/src/ch32v30x_can.o
LOAD ./Peripheral/src/ch32v30x_crc.o
LOAD ./Peripheral/src/ch32v30x_dac.o
LOAD ./Peripheral/src/ch32v30x_dbgmcu.o
LOAD ./Peripheral/src/ch32v30x_dma.o
LOAD ./Peripheral/src/ch32v30x_dvp.o
LOAD ./Peripheral/src/ch32v30x_eth.o
LOAD ./Peripheral/src/ch32v30x_exti.o
LOAD ./Peripheral/src/ch32v30x_flash.o
LOAD ./Peripheral/src/ch32v30x_fsmc.o
LOAD ./Peripheral/src/ch32v30x_gpio.o
LOAD ./Peripheral/src/ch32v30x_i2c.o
LOAD ./Peripheral/src/ch32v30x_iwdg.o
LOAD ./Peripheral/src/ch32v30x_misc.o
LOAD ./Peripheral/src/ch32v30x_opa.o
LOAD ./Peripheral/src/ch32v30x_pwr.o
LOAD ./Peripheral/src/ch32v30x_rcc.o
LOAD ./Peripheral/src/ch32v30x_rng.o
LOAD ./Peripheral/src/ch32v30x_rtc.o
LOAD ./Peripheral/src/ch32v30x_sdio.o
LOAD ./Peripheral/src/ch32v30x_spi.o
LOAD ./Peripheral/src/ch32v30x_tim.o
LOAD ./Peripheral/src/ch32v30x_usart.o
LOAD ./Peripheral/src/ch32v30x_wwdg.o
LOAD ./Debug/debug.o
LOAD ./Core/core_riscv.o
LOAD f:/mounriver/mounriver_studio/toolchain/risc-v embedded gcc/bin/../lib/gcc/riscv-none-embed/8.2.0/rv32imac/ilp32\libgcc.a
LOAD f:/mounriver/mounriver_studio/toolchain/risc-v embedded gcc/bin/../lib/gcc/riscv-none-embed/8.2.0/../../../../riscv-none-embed/lib/rv32imac/ilp32\libg_nano.a
LOAD f:/mounriver/mounriver_studio/toolchain/risc-v embedded gcc/bin/../lib/gcc/riscv-none-embed/8.2.0/../../../../riscv-none-embed/lib/rv32imac/ilp32\libc_nano.a
LOAD f:/mounriver/mounriver_studio/toolchain/risc-v embedded gcc/bin/../lib/gcc/riscv-none-embed/8.2.0/rv32imac/ilp32\libgcc.a
START GROUP
LOAD f:/mounriver/mounriver_studio/toolchain/risc-v embedded gcc/bin/../lib/gcc/riscv-none-embed/8.2.0/rv32imac/ilp32\libgcc.a
LOAD f:/mounriver/mounriver_studio/toolchain/risc-v embedded gcc/bin/../lib/gcc/riscv-none-embed/8.2.0/../../../../riscv-none-embed/lib/rv32imac/ilp32\libc_nano.a
LOAD f:/mounriver/mounriver_studio/toolchain/risc-v embedded gcc/bin/../lib/gcc/riscv-none-embed/8.2.0/../../../../riscv-none-embed/lib/rv32imac/ilp32\libnosys.a
END GROUP
START GROUP
LOAD f:/mounriver/mounriver_studio/toolchain/risc-v embedded gcc/bin/../lib/gcc/riscv-none-embed/8.2.0/rv32imac/ilp32\libgcc.a
LOAD f:/mounriver/mounriver_studio/toolchain/risc-v embedded gcc/bin/../lib/gcc/riscv-none-embed/8.2.0/../../../../riscv-none-embed/lib/rv32imac/ilp32\libc_nano.a
LOAD f:/mounriver/mounriver_studio/toolchain/risc-v embedded gcc/bin/../lib/gcc/riscv-none-embed/8.2.0/../../../../riscv-none-embed/lib/rv32imac/ilp32\libnosys.a
END GROUP
                0x0000000000000800                __stack_size = 0x800
                [!provide]                        PROVIDE (_stack_size = __stack_size)

.init           0x0000000000000000       0x38
                0x0000000000000000                _sinit = .
                0x0000000000000000                . = ALIGN (0x4)
 *(SORT_NONE(.init))
 .init          0x0000000000000000       0x38 ./Startup/startup_ch32v30x_D8C.o
                0x0000000000000000                _start
                0x0000000000000038                . = ALIGN (0x4)
                0x0000000000000038                _einit = .

.vector         0x0000000000000038      0x1c8
 *(.vector)
 .vector        0x0000000000000038      0x1a0 ./Startup/startup_ch32v30x_D8C.o
                0x0000000000000200                . = ALIGN (0x40)
 *fill*         0x00000000000001d8       0x28 

.text           0x0000000000000200     0x1b24
                0x0000000000000200                . = ALIGN (0x4)
 *(.text)
 .text          0x0000000000000200       0xa8 f:/mounriver/mounriver_studio/toolchain/risc-v embedded gcc/bin/../lib/gcc/riscv-none-embed/8.2.0/../../../../riscv-none-embed/lib/rv32imac/ilp32\libg_nano.a(lib_a-memset.o)
                0x0000000000000200                memset
 *(.text.*)
 .text.NMI_Handler
                0x00000000000002a8        0x4 ./User/ch32v30x_it.o
                0x00000000000002a8                NMI_Handler
 .text.HardFault_Handler
                0x00000000000002ac        0x2 ./User/ch32v30x_it.o
                0x00000000000002ac                HardFault_Handler
 .text.Dac_Init
                0x00000000000002ae       0x84 ./User/main.o
                0x00000000000002ae                Dac_Init
 .text.DAC1_Triangle_Gen_Test
                0x0000000000000332       0x14 ./User/main.o
                0x0000000000000332                DAC1_Triangle_Gen_Test
 .text.startup.main
                0x0000000000000346       0x32 ./User/main.o
                0x0000000000000346                main
 .text.SystemInit
                0x0000000000000378       0xfc ./User/system_ch32v30x.o
                0x0000000000000378                SystemInit
 .text.vector_handler
                0x0000000000000474       0xbe ./Startup/startup_ch32v30x_D8C.o
                0x0000000000000478                Ecall_M_Mode_Handler
                0x000000000000047a                Ecall_U_Mode_Handler
                0x000000000000047c                Break_Point_Handler
                0x000000000000047e                SysTick_Handler
                0x0000000000000480                SW_Handler
                0x0000000000000482                WWDG_IRQHandler
                0x0000000000000484                PVD_IRQHandler
                0x0000000000000486                TAMPER_IRQHandler
                0x0000000000000488                RTC_IRQHandler
                0x000000000000048a                FLASH_IRQHandler
                0x000000000000048c                RCC_IRQHandler
                0x000000000000048e                EXTI0_IRQHandler
                0x0000000000000490                EXTI1_IRQHandler
                0x0000000000000492                EXTI2_IRQHandler
                0x0000000000000494                EXTI3_IRQHandler
                0x0000000000000496                EXTI4_IRQHandler
                0x0000000000000498                DMA1_Channel1_IRQHandler
                0x000000000000049a                DMA1_Channel2_IRQHandler
                0x000000000000049c                DMA1_Channel3_IRQHandler
                0x000000000000049e                DMA1_Channel4_IRQHandler
                0x00000000000004a0                DMA1_Channel5_IRQHandler
                0x00000000000004a2                DMA1_Channel6_IRQHandler
                0x00000000000004a4                DMA1_Channel7_IRQHandler
                0x00000000000004a6                ADC1_2_IRQHandler
                0x00000000000004a8                USB_HP_CAN1_TX_IRQHandler
                0x00000000000004aa                USB_LP_CAN1_RX0_IRQHandler
                0x00000000000004ac                CAN1_RX1_IRQHandler
                0x00000000000004ae                CAN1_SCE_IRQHandler
                0x00000000000004b0                EXTI9_5_IRQHandler
                0x00000000000004b2                TIM1_BRK_IRQHandler
                0x00000000000004b4                TIM1_UP_IRQHandler
                0x00000000000004b6                TIM1_TRG_COM_IRQHandler
                0x00000000000004b8                TIM1_CC_IRQHandler
                0x00000000000004ba                TIM2_IRQHandler
                0x00000000000004bc                TIM3_IRQHandler
                0x00000000000004be                TIM4_IRQHandler
                0x00000000000004c0                I2C1_EV_IRQHandler
                0x00000000000004c2                I2C1_ER_IRQHandler
                0x00000000000004c4                I2C2_EV_IRQHandler
                0x00000000000004c6                I2C2_ER_IRQHandler
                0x00000000000004c8                SPI1_IRQHandler
                0x00000000000004ca                SPI2_IRQHandler
                0x00000000000004cc                USART1_IRQHandler
                0x00000000000004ce                USART2_IRQHandler
                0x00000000000004d0                USART3_IRQHandler
                0x00000000000004d2                EXTI15_10_IRQHandler
                0x00000000000004d4                RTCAlarm_IRQHandler
                0x00000000000004d6                USBWakeUp_IRQHandler
                0x00000000000004d8                TIM8_BRK_IRQHandler
                0x00000000000004da                TIM8_UP_IRQHandler
                0x00000000000004dc                TIM8_TRG_COM_IRQHandler
                0x00000000000004de                TIM8_CC_IRQHandler
                0x00000000000004e0                RNG_IRQHandler
                0x00000000000004e2                FSMC_IRQHandler
                0x00000000000004e4                SDIO_IRQHandler
                0x00000000000004e6                TIM5_IRQHandler
                0x00000000000004e8                SPI3_IRQHandler
                0x00000000000004ea                UART4_IRQHandler
                0x00000000000004ec                UART5_IRQHandler
                0x00000000000004ee                TIM6_IRQHandler
                0x00000000000004f0                TIM7_IRQHandler
                0x00000000000004f2                DMA2_Channel1_IRQHandler
                0x00000000000004f4                DMA2_Channel2_IRQHandler
                0x00000000000004f6                DMA2_Channel3_IRQHandler
                0x00000000000004f8                DMA2_Channel4_IRQHandler
                0x00000000000004fa                DMA2_Channel5_IRQHandler
                0x00000000000004fc                ETH_IRQHandler
                0x00000000000004fe                ETH_WKUP_IRQHandler
                0x0000000000000500                CAN2_TX_IRQHandler
                0x0000000000000502                CAN2_RX0_IRQHandler
                0x0000000000000504                CAN2_RX1_IRQHandler
                0x0000000000000506                CAN2_SCE_IRQHandler
                0x0000000000000508                OTG_FS_IRQHandler
                0x000000000000050a                USBHSWakeup_IRQHandler
                0x000000000000050c                USBHS_IRQHandler
                0x000000000000050e                DVP_IRQHandler
                0x0000000000000510                UART6_IRQHandler
                0x0000000000000512                UART7_IRQHandler
                0x0000000000000514                UART8_IRQHandler
                0x0000000000000516                TIM9_BRK_IRQHandler
                0x0000000000000518                TIM9_UP_IRQHandler
                0x000000000000051a                TIM9_TRG_COM_IRQHandler
                0x000000000000051c                TIM9_CC_IRQHandler
                0x000000000000051e                TIM10_BRK_IRQHandler
                0x0000000000000520                TIM10_UP_IRQHandler
                0x0000000000000522                TIM10_TRG_COM_IRQHandler
                0x0000000000000524                TIM10_CC_IRQHandler
                0x0000000000000526                DMA2_Channel6_IRQHandler
                0x0000000000000528                DMA2_Channel7_IRQHandler
                0x000000000000052a                DMA2_Channel8_IRQHandler
                0x000000000000052c                DMA2_Channel9_IRQHandler
                0x000000000000052e                DMA2_Channel10_IRQHandler
                0x0000000000000530                DMA2_Channel11_IRQHandler
 .text.handle_reset
                0x0000000000000532       0x8a ./Startup/startup_ch32v30x_D8C.o
                0x0000000000000532                handle_reset
 .text.DAC_Init
                0x00000000000005bc       0x30 ./Peripheral/src/ch32v30x_dac.o
                0x00000000000005bc                DAC_Init
 .text.DAC_Cmd  0x00000000000005ec       0x2c ./Peripheral/src/ch32v30x_dac.o
                0x00000000000005ec                DAC_Cmd
 .text.DAC_SetChannel1Data
                0x0000000000000618       0x1e ./Peripheral/src/ch32v30x_dac.o
                0x0000000000000618                DAC_SetChannel1Data
 .text.GPIO_Init
                0x0000000000000636       0xc2 ./Peripheral/src/ch32v30x_gpio.o
                0x0000000000000636                GPIO_Init
 .text.GPIO_SetBits
                0x00000000000006f8        0x4 ./Peripheral/src/ch32v30x_gpio.o
                0x00000000000006f8                GPIO_SetBits
 .text.RCC_GetClocksFreq
                0x00000000000006fc      0x10e ./Peripheral/src/ch32v30x_rcc.o
                0x00000000000006fc                RCC_GetClocksFreq
 .text.RCC_APB2PeriphClockCmd
                0x000000000000080a       0x1e ./Peripheral/src/ch32v30x_rcc.o
                0x000000000000080a                RCC_APB2PeriphClockCmd
 .text.RCC_APB1PeriphClockCmd
                0x0000000000000828       0x1e ./Peripheral/src/ch32v30x_rcc.o
                0x0000000000000828                RCC_APB1PeriphClockCmd
 .text.USART_Init
                0x0000000000000846       0xd8 ./Peripheral/src/ch32v30x_usart.o
                0x0000000000000846                USART_Init
 .text.USART_Cmd
                0x000000000000091e       0x1c ./Peripheral/src/ch32v30x_usart.o
                0x000000000000091e                USART_Cmd
 .text.USART_SendData
                0x000000000000093a        0xa ./Peripheral/src/ch32v30x_usart.o
                0x000000000000093a                USART_SendData
 .text.USART_GetFlagStatus
                0x0000000000000944        0xc ./Peripheral/src/ch32v30x_usart.o
                0x0000000000000944                USART_GetFlagStatus
 .text.Delay_Init
                0x0000000000000950       0x2a ./Debug/debug.o
                0x0000000000000950                Delay_Init
 .text.USART_Printf_Init
                0x000000000000097a       0x56 ./Debug/debug.o
                0x000000000000097a                USART_Printf_Init
 .text._write   0x00000000000009d0       0x4c ./Debug/debug.o
                0x00000000000009d0                _write
 .text.printf   0x0000000000000a1c       0x40 f:/mounriver/mounriver_studio/toolchain/risc-v embedded gcc/bin/../lib/gcc/riscv-none-embed/8.2.0/../../../../riscv-none-embed/lib/rv32imac/ilp32\libg_nano.a(lib_a-printf.o)
                0x0000000000000a1c                iprintf
                0x0000000000000a1c                printf
 .text._puts_r  0x0000000000000a5c       0xda f:/mounriver/mounriver_studio/toolchain/risc-v embedded gcc/bin/../lib/gcc/riscv-none-embed/8.2.0/../../../../riscv-none-embed/lib/rv32imac/ilp32\libg_nano.a(lib_a-puts.o)
                0x0000000000000a5c                _puts_r
 .text.puts     0x0000000000000b36        0xa f:/mounriver/mounriver_studio/toolchain/risc-v embedded gcc/bin/../lib/gcc/riscv-none-embed/8.2.0/../../../../riscv-none-embed/lib/rv32imac/ilp32\libg_nano.a(lib_a-puts.o)
                0x0000000000000b36                puts
 .text.__swbuf_r
                0x0000000000000b40       0xc0 f:/mounriver/mounriver_studio/toolchain/risc-v embedded gcc/bin/../lib/gcc/riscv-none-embed/8.2.0/../../../../riscv-none-embed/lib/rv32imac/ilp32\libg_nano.a(lib_a-wbuf.o)
                0x0000000000000b40                __swbuf_r
 .text.__swsetup_r
                0x0000000000000c00      0x10c f:/mounriver/mounriver_studio/toolchain/risc-v embedded gcc/bin/../lib/gcc/riscv-none-embed/8.2.0/../../../../riscv-none-embed/lib/rv32imac/ilp32\libg_nano.a(lib_a-wsetup.o)
                0x0000000000000c00                __swsetup_r
 .text.__sflush_r
                0x0000000000000d0c      0x13c f:/mounriver/mounriver_studio/toolchain/risc-v embedded gcc/bin/../lib/gcc/riscv-none-embed/8.2.0/../../../../riscv-none-embed/lib/rv32imac/ilp32\libg_nano.a(lib_a-fflush.o)
                0x0000000000000d0c                __sflush_r
 .text._fflush_r
                0x0000000000000e48       0x64 f:/mounriver/mounriver_studio/toolchain/risc-v embedded gcc/bin/../lib/gcc/riscv-none-embed/8.2.0/../../../../riscv-none-embed/lib/rv32imac/ilp32\libg_nano.a(lib_a-fflush.o)
                0x0000000000000e48                _fflush_r
 .text.std      0x0000000000000eac       0x6a f:/mounriver/mounriver_studio/toolchain/risc-v embedded gcc/bin/../lib/gcc/riscv-none-embed/8.2.0/../../../../riscv-none-embed/lib/rv32imac/ilp32\libg_nano.a(lib_a-findfp.o)
 .text._cleanup_r
                0x0000000000000f16        0xa f:/mounriver/mounriver_studio/toolchain/risc-v embedded gcc/bin/../lib/gcc/riscv-none-embed/8.2.0/../../../../riscv-none-embed/lib/rv32imac/ilp32\libg_nano.a(lib_a-findfp.o)
                0x0000000000000f16                _cleanup_r
 .text.__sfmoreglue
                0x0000000000000f20       0x46 f:/mounriver/mounriver_studio/toolchain/risc-v embedded gcc/bin/../lib/gcc/riscv-none-embed/8.2.0/../../../../riscv-none-embed/lib/rv32imac/ilp32\libg_nano.a(lib_a-findfp.o)
                0x0000000000000f20                __sfmoreglue
 .text.__sinit  0x0000000000000f66       0x66 f:/mounriver/mounriver_studio/toolchain/risc-v embedded gcc/bin/../lib/gcc/riscv-none-embed/8.2.0/../../../../riscv-none-embed/lib/rv32imac/ilp32\libg_nano.a(lib_a-findfp.o)
                0x0000000000000f66                __sinit
 .text.__sfp    0x0000000000000fcc       0x9c f:/mounriver/mounriver_studio/toolchain/risc-v embedded gcc/bin/../lib/gcc/riscv-none-embed/8.2.0/../../../../riscv-none-embed/lib/rv32imac/ilp32\libg_nano.a(lib_a-findfp.o)
                0x0000000000000fcc                __sfp
 .text._fwalk_reent
                0x0000000000001068       0x6c f:/mounriver/mounriver_studio/toolchain/risc-v embedded gcc/bin/../lib/gcc/riscv-none-embed/8.2.0/../../../../riscv-none-embed/lib/rv32imac/ilp32\libg_nano.a(lib_a-fwalk.o)
                0x0000000000001068                _fwalk_reent
 .text.__swhatbuf_r
                0x00000000000010d4       0x5a f:/mounriver/mounriver_studio/toolchain/risc-v embedded gcc/bin/../lib/gcc/riscv-none-embed/8.2.0/../../../../riscv-none-embed/lib/rv32imac/ilp32\libg_nano.a(lib_a-makebuf.o)
                0x00000000000010d4                __swhatbuf_r
 .text.__smakebuf_r
                0x000000000000112e       0x9e f:/mounriver/mounriver_studio/toolchain/risc-v embedded gcc/bin/../lib/gcc/riscv-none-embed/8.2.0/../../../../riscv-none-embed/lib/rv32imac/ilp32\libg_nano.a(lib_a-makebuf.o)
                0x000000000000112e                __smakebuf_r
 .text._free_r  0x00000000000011cc       0xa8 f:/mounriver/mounriver_studio/toolchain/risc-v embedded gcc/bin/../lib/gcc/riscv-none-embed/8.2.0/../../../../riscv-none-embed/lib/rv32imac/ilp32\libg_nano.a(lib_a-nano-freer.o)
                0x00000000000011cc                _free_r
 .text._malloc_r
                0x0000000000001274       0xd4 f:/mounriver/mounriver_studio/toolchain/risc-v embedded gcc/bin/../lib/gcc/riscv-none-embed/8.2.0/../../../../riscv-none-embed/lib/rv32imac/ilp32\libg_nano.a(lib_a-nano-mallocr.o)
                0x0000000000001274                _malloc_r
 .text.__sfputc_r
                0x0000000000001348       0x2a f:/mounriver/mounriver_studio/toolchain/risc-v embedded gcc/bin/../lib/gcc/riscv-none-embed/8.2.0/../../../../riscv-none-embed/lib/rv32imac/ilp32\libg_nano.a(lib_a-nano-vfprintf.o)
 .text.__sfputs_r
                0x0000000000001372       0x42 f:/mounriver/mounriver_studio/toolchain/risc-v embedded gcc/bin/../lib/gcc/riscv-none-embed/8.2.0/../../../../riscv-none-embed/lib/rv32imac/ilp32\libg_nano.a(lib_a-nano-vfprintf.o)
                0x0000000000001372                __sfputs_r
 .text._vfprintf_r
                0x00000000000013b4      0x298 f:/mounriver/mounriver_studio/toolchain/risc-v embedded gcc/bin/../lib/gcc/riscv-none-embed/8.2.0/../../../../riscv-none-embed/lib/rv32imac/ilp32\libg_nano.a(lib_a-nano-vfprintf.o)
                0x00000000000013b4                _vfprintf_r
                0x00000000000013b4                _vfiprintf_r
 .text._printf_common
                0x000000000000164c      0x10c f:/mounriver/mounriver_studio/toolchain/risc-v embedded gcc/bin/../lib/gcc/riscv-none-embed/8.2.0/../../../../riscv-none-embed/lib/rv32imac/ilp32\libg_nano.a(lib_a-nano-vfprintf_i.o)
                0x000000000000164c                _printf_common
 .text._printf_i
                0x0000000000001758      0x2a2 f:/mounriver/mounriver_studio/toolchain/risc-v embedded gcc/bin/../lib/gcc/riscv-none-embed/8.2.0/../../../../riscv-none-embed/lib/rv32imac/ilp32\libg_nano.a(lib_a-nano-vfprintf_i.o)
                0x0000000000001758                _printf_i
 .text._sbrk_r  0x00000000000019fa       0x28 f:/mounriver/mounriver_studio/toolchain/risc-v embedded gcc/bin/../lib/gcc/riscv-none-embed/8.2.0/../../../../riscv-none-embed/lib/rv32imac/ilp32\libg_nano.a(lib_a-sbrkr.o)
                0x00000000000019fa                _sbrk_r
 .text.__sread  0x0000000000001a22       0x30 f:/mounriver/mounriver_studio/toolchain/risc-v embedded gcc/bin/../lib/gcc/riscv-none-embed/8.2.0/../../../../riscv-none-embed/lib/rv32imac/ilp32\libg_nano.a(lib_a-stdio.o)
                0x0000000000001a22                __sread
 .text.__swrite
                0x0000000000001a52       0x4e f:/mounriver/mounriver_studio/toolchain/risc-v embedded gcc/bin/../lib/gcc/riscv-none-embed/8.2.0/../../../../riscv-none-embed/lib/rv32imac/ilp32\libg_nano.a(lib_a-stdio.o)
                0x0000000000001a52                __swrite
 .text.__sseek  0x0000000000001aa0       0x36 f:/mounriver/mounriver_studio/toolchain/risc-v embedded gcc/bin/../lib/gcc/riscv-none-embed/8.2.0/../../../../riscv-none-embed/lib/rv32imac/ilp32\libg_nano.a(lib_a-stdio.o)
                0x0000000000001aa0                __sseek
 .text.__sclose
                0x0000000000001ad6        0x6 f:/mounriver/mounriver_studio/toolchain/risc-v embedded gcc/bin/../lib/gcc/riscv-none-embed/8.2.0/../../../../riscv-none-embed/lib/rv32imac/ilp32\libg_nano.a(lib_a-stdio.o)
                0x0000000000001ad6                __sclose
 .text._write_r
                0x0000000000001adc       0x2e f:/mounriver/mounriver_studio/toolchain/risc-v embedded gcc/bin/../lib/gcc/riscv-none-embed/8.2.0/../../../../riscv-none-embed/lib/rv32imac/ilp32\libg_nano.a(lib_a-writer.o)
                0x0000000000001adc                _write_r
 .text._close_r
                0x0000000000001b0a       0x28 f:/mounriver/mounriver_studio/toolchain/risc-v embedded gcc/bin/../lib/gcc/riscv-none-embed/8.2.0/../../../../riscv-none-embed/lib/rv32imac/ilp32\libg_nano.a(lib_a-closer.o)
                0x0000000000001b0a                _close_r
 .text._fstat_r
                0x0000000000001b32       0x2a f:/mounriver/mounriver_studio/toolchain/risc-v embedded gcc/bin/../lib/gcc/riscv-none-embed/8.2.0/../../../../riscv-none-embed/lib/rv32imac/ilp32\libg_nano.a(lib_a-fstatr.o)
                0x0000000000001b32                _fstat_r
 .text._isatty_r
                0x0000000000001b5c       0x28 f:/mounriver/mounriver_studio/toolchain/risc-v embedded gcc/bin/../lib/gcc/riscv-none-embed/8.2.0/../../../../riscv-none-embed/lib/rv32imac/ilp32\libg_nano.a(lib_a-isattyr.o)
                0x0000000000001b5c                _isatty_r
 .text._lseek_r
                0x0000000000001b84       0x2c f:/mounriver/mounriver_studio/toolchain/risc-v embedded gcc/bin/../lib/gcc/riscv-none-embed/8.2.0/../../../../riscv-none-embed/lib/rv32imac/ilp32\libg_nano.a(lib_a-lseekr.o)
                0x0000000000001b84                _lseek_r
 .text.memchr   0x0000000000001bb0       0x1a f:/mounriver/mounriver_studio/toolchain/risc-v embedded gcc/bin/../lib/gcc/riscv-none-embed/8.2.0/../../../../riscv-none-embed/lib/rv32imac/ilp32\libg_nano.a(lib_a-memchr.o)
                0x0000000000001bb0                memchr
 .text.__malloc_lock
                0x0000000000001bca        0x2 f:/mounriver/mounriver_studio/toolchain/risc-v embedded gcc/bin/../lib/gcc/riscv-none-embed/8.2.0/../../../../riscv-none-embed/lib/rv32imac/ilp32\libg_nano.a(lib_a-mlock.o)
                0x0000000000001bca                __malloc_lock
 .text.__malloc_unlock
                0x0000000000001bcc        0x2 f:/mounriver/mounriver_studio/toolchain/risc-v embedded gcc/bin/../lib/gcc/riscv-none-embed/8.2.0/../../../../riscv-none-embed/lib/rv32imac/ilp32\libg_nano.a(lib_a-mlock.o)
                0x0000000000001bcc                __malloc_unlock
 .text._read_r  0x0000000000001bce       0x2c f:/mounriver/mounriver_studio/toolchain/risc-v embedded gcc/bin/../lib/gcc/riscv-none-embed/8.2.0/../../../../riscv-none-embed/lib/rv32imac/ilp32\libg_nano.a(lib_a-readr.o)
                0x0000000000001bce                _read_r
 .text._close   0x0000000000001bfa        0xc f:/mounriver/mounriver_studio/toolchain/risc-v embedded gcc/bin/../lib/gcc/riscv-none-embed/8.2.0/../../../../riscv-none-embed/lib/rv32imac/ilp32\libnosys.a(close.o)
                0x0000000000001bfa                _close
 .text._fstat   0x0000000000001c06        0xc f:/mounriver/mounriver_studio/toolchain/risc-v embedded gcc/bin/../lib/gcc/riscv-none-embed/8.2.0/../../../../riscv-none-embed/lib/rv32imac/ilp32\libnosys.a(fstat.o)
                0x0000000000001c06                _fstat
 .text._isatty  0x0000000000001c12        0xc f:/mounriver/mounriver_studio/toolchain/risc-v embedded gcc/bin/../lib/gcc/riscv-none-embed/8.2.0/../../../../riscv-none-embed/lib/rv32imac/ilp32\libnosys.a(isatty.o)
                0x0000000000001c12                _isatty
 .text._lseek   0x0000000000001c1e        0xc f:/mounriver/mounriver_studio/toolchain/risc-v embedded gcc/bin/../lib/gcc/riscv-none-embed/8.2.0/../../../../riscv-none-embed/lib/rv32imac/ilp32\libnosys.a(lseek.o)
                0x0000000000001c1e                _lseek
 .text._read    0x0000000000001c2a        0xc f:/mounriver/mounriver_studio/toolchain/risc-v embedded gcc/bin/../lib/gcc/riscv-none-embed/8.2.0/../../../../riscv-none-embed/lib/rv32imac/ilp32\libnosys.a(read.o)
                0x0000000000001c2a                _read
 .text._sbrk    0x0000000000001c36       0x20 f:/mounriver/mounriver_studio/toolchain/risc-v embedded gcc/bin/../lib/gcc/riscv-none-embed/8.2.0/../../../../riscv-none-embed/lib/rv32imac/ilp32\libnosys.a(sbrk.o)
                0x0000000000001c36                _sbrk
 *(.rodata)
 *(.rodata*)
 *fill*         0x0000000000001c56        0x2 
 .rodata.main.str1.4
                0x0000000000001c58       0x2f ./User/main.o
 *fill*         0x0000000000001c87        0x1 
 .rodata.__sf_fake_stderr
                0x0000000000001c88       0x20 f:/mounriver/mounriver_studio/toolchain/risc-v embedded gcc/bin/../lib/gcc/riscv-none-embed/8.2.0/../../../../riscv-none-embed/lib/rv32imac/ilp32\libg_nano.a(lib_a-findfp.o)
                0x0000000000001c88                __sf_fake_stderr
 .rodata.__sf_fake_stdin
                0x0000000000001ca8       0x20 f:/mounriver/mounriver_studio/toolchain/risc-v embedded gcc/bin/../lib/gcc/riscv-none-embed/8.2.0/../../../../riscv-none-embed/lib/rv32imac/ilp32\libg_nano.a(lib_a-findfp.o)
                0x0000000000001ca8                __sf_fake_stdin
 .rodata.__sf_fake_stdout
                0x0000000000001cc8       0x20 f:/mounriver/mounriver_studio/toolchain/risc-v embedded gcc/bin/../lib/gcc/riscv-none-embed/8.2.0/../../../../riscv-none-embed/lib/rv32imac/ilp32\libg_nano.a(lib_a-findfp.o)
                0x0000000000001cc8                __sf_fake_stdout
 .rodata._vfprintf_r.str1.4
                0x0000000000001ce8       0x13 f:/mounriver/mounriver_studio/toolchain/risc-v embedded gcc/bin/../lib/gcc/riscv-none-embed/8.2.0/../../../../riscv-none-embed/lib/rv32imac/ilp32\libg_nano.a(lib_a-nano-vfprintf.o)
 *fill*         0x0000000000001cfb        0x1 
 .rodata._printf_i.str1.4
                0x0000000000001cfc       0x28 f:/mounriver/mounriver_studio/toolchain/risc-v embedded gcc/bin/../lib/gcc/riscv-none-embed/8.2.0/../../../../riscv-none-embed/lib/rv32imac/ilp32\libg_nano.a(lib_a-nano-vfprintf_i.o)
                                         0x25 (size before relaxing)
 *(.glue_7)
 *(.glue_7t)
 *(.gnu.linkonce.t.*)
                0x0000000000001d24                . = ALIGN (0x4)

.rela.dyn       0x0000000000001d24        0x0
 .rela.init     0x0000000000001d24        0x0 ./User/ch32v30x_it.o
 .rela.vector   0x0000000000001d24        0x0 ./User/ch32v30x_it.o
 .rela.text.handle_reset
                0x0000000000001d24        0x0 ./User/ch32v30x_it.o
 .rela.text._vfprintf_r
                0x0000000000001d24        0x0 ./User/ch32v30x_it.o
 .rela.text._sbrk_r
                0x0000000000001d24        0x0 ./User/ch32v30x_it.o
 .rela.text._write_r
                0x0000000000001d24        0x0 ./User/ch32v30x_it.o
 .rela.text._close_r
                0x0000000000001d24        0x0 ./User/ch32v30x_it.o
 .rela.text._fstat_r
                0x0000000000001d24        0x0 ./User/ch32v30x_it.o
 .rela.text._isatty_r
                0x0000000000001d24        0x0 ./User/ch32v30x_it.o
 .rela.text._lseek_r
                0x0000000000001d24        0x0 ./User/ch32v30x_it.o
 .rela.text._read_r
                0x0000000000001d24        0x0 ./User/ch32v30x_it.o
 .rela.text._close
                0x0000000000001d24        0x0 ./User/ch32v30x_it.o
 .rela.text._fstat
                0x0000000000001d24        0x0 ./User/ch32v30x_it.o
 .rela.text._isatty
                0x0000000000001d24        0x0 ./User/ch32v30x_it.o
 .rela.text._lseek
                0x0000000000001d24        0x0 ./User/ch32v30x_it.o
 .rela.text._read
                0x0000000000001d24        0x0 ./User/ch32v30x_it.o
 .rela.text._sbrk
                0x0000000000001d24        0x0 ./User/ch32v30x_it.o

.fini           0x0000000000001d24        0x0
 *(SORT_NONE(.fini))
                0x0000000000001d24                . = ALIGN (0x4)
                [!provide]                        PROVIDE (_etext = .)
                [!provide]                        PROVIDE (_eitcm = .)

.preinit_array  0x0000000000001d24        0x0
                [!provide]                        PROVIDE (__preinit_array_start = .)
 *(.preinit_array)
                [!provide]                        PROVIDE (__preinit_array_end = .)

.init_array     0x0000000000001d24        0x0
                [!provide]                        PROVIDE (__init_array_start = .)
 *(SORT_BY_INIT_PRIORITY(.init_array.*) SORT_BY_INIT_PRIORITY(.ctors.*))
 *(.init_array EXCLUDE_FILE(*crtend?.o *crtend.o *crtbegin?.o *crtbegin.o) .ctors)
                [!provide]                        PROVIDE (__init_array_end = .)

.fini_array     0x0000000000001d24        0x0
                [!provide]                        PROVIDE (__fini_array_start = .)
 *(SORT_BY_INIT_PRIORITY(.fini_array.*) SORT_BY_INIT_PRIORITY(.dtors.*))
 *(.fini_array EXCLUDE_FILE(*crtend?.o *crtend.o *crtbegin?.o *crtbegin.o) .dtors)
                [!provide]                        PROVIDE (__fini_array_end = .)

.ctors
 *crtbegin.o(.ctors)
 *crtbegin?.o(.ctors)
 *(EXCLUDE_FILE(*crtend?.o *crtend.o) .ctors)
 *(SORT_BY_NAME(.ctors.*))
 *(.ctors)

.dtors
 *crtbegin.o(.dtors)
 *crtbegin?.o(.dtors)
 *(EXCLUDE_FILE(*crtend?.o *crtend.o) .dtors)
 *(SORT_BY_NAME(.dtors.*))
 *(.dtors)

.dalign         0x0000000020000000        0x0 load address 0x0000000000001d24
                0x0000000020000000                . = ALIGN (0x4)
                0x0000000020000000                PROVIDE (_data_vma = .)

.dlalign        0x0000000000001d24        0x0
                0x0000000000001d24                . = ALIGN (0x4)
                0x0000000000001d24                PROVIDE (_data_lma = .)

.data           0x0000000020000000       0x80 load address 0x0000000000001d24
 *(.gnu.linkonce.r.*)
 *(.data .data.*)
 .data.APBAHBPrescTable
                0x0000000020000000       0x10 ./Peripheral/src/ch32v30x_rcc.o
 .data.impure_data
                0x0000000020000010       0x60 f:/mounriver/mounriver_studio/toolchain/risc-v embedded gcc/bin/../lib/gcc/riscv-none-embed/8.2.0/../../../../riscv-none-embed/lib/rv32imac/ilp32\libg_nano.a(lib_a-impure.o)
 *(.gnu.linkonce.d.*)
                0x0000000020000070                . = ALIGN (0x8)
                0x0000000020000870                PROVIDE (__global_pointer$ = (. + 0x800))
 *(.sdata .sdata.*)
 .sdata.SystemCoreClock
                0x0000000020000070        0x4 ./User/system_ch32v30x.o
                0x0000000020000070                SystemCoreClock
 .sdata.ADCPrescTable
                0x0000000020000074        0x4 ./Peripheral/src/ch32v30x_rcc.o
 .sdata._impure_ptr
                0x0000000020000078        0x4 f:/mounriver/mounriver_studio/toolchain/risc-v embedded gcc/bin/../lib/gcc/riscv-none-embed/8.2.0/../../../../riscv-none-embed/lib/rv32imac/ilp32\libg_nano.a(lib_a-impure.o)
                0x0000000020000078                _impure_ptr
 *(.sdata2.*)
 .sdata2._global_impure_ptr
                0x000000002000007c        0x4 f:/mounriver/mounriver_studio/toolchain/risc-v embedded gcc/bin/../lib/gcc/riscv-none-embed/8.2.0/../../../../riscv-none-embed/lib/rv32imac/ilp32\libg_nano.a(lib_a-impure.o)
                0x000000002000007c                _global_impure_ptr
 *(.gnu.linkonce.s.*)
                0x0000000020000080                . = ALIGN (0x8)
 *(.srodata.cst16)
 *(.srodata.cst8)
 *(.srodata.cst4)
 *(.srodata.cst2)
 *(.srodata .srodata.*)
                0x0000000020000080                . = ALIGN (0x4)
                0x0000000020000080                PROVIDE (_edata = .)

.bss            0x0000000020000080       0x14 load address 0x0000000000001da4
                0x0000000020000080                . = ALIGN (0x4)
                0x0000000020000080                PROVIDE (_sbss = .)
 *(.sbss*)
 .sbss.p_ms     0x0000000020000080        0x2 ./Debug/debug.o
 .sbss.p_us     0x0000000020000082        0x1 ./Debug/debug.o
 *fill*         0x0000000020000083        0x1 
 .sbss.__malloc_free_list
                0x0000000020000084        0x4 f:/mounriver/mounriver_studio/toolchain/risc-v embedded gcc/bin/../lib/gcc/riscv-none-embed/8.2.0/../../../../riscv-none-embed/lib/rv32imac/ilp32\libg_nano.a(lib_a-nano-mallocr.o)
                0x0000000020000084                __malloc_free_list
 .sbss.__malloc_sbrk_start
                0x0000000020000088        0x4 f:/mounriver/mounriver_studio/toolchain/risc-v embedded gcc/bin/../lib/gcc/riscv-none-embed/8.2.0/../../../../riscv-none-embed/lib/rv32imac/ilp32\libg_nano.a(lib_a-nano-mallocr.o)
                0x0000000020000088                __malloc_sbrk_start
 .sbss.heap_end.1518
                0x000000002000008c        0x4 f:/mounriver/mounriver_studio/toolchain/risc-v embedded gcc/bin/../lib/gcc/riscv-none-embed/8.2.0/../../../../riscv-none-embed/lib/rv32imac/ilp32\libnosys.a(sbrk.o)
 *(.gnu.linkonce.sb.*)
 *(.bss*)
 *(.gnu.linkonce.b.*)
 *(COMMON*)
 COMMON         0x0000000020000090        0x4 f:/mounriver/mounriver_studio/toolchain/risc-v embedded gcc/bin/../lib/gcc/riscv-none-embed/8.2.0/../../../../riscv-none-embed/lib/rv32imac/ilp32\libg_nano.a(lib_a-reent.o)
                0x0000000020000090                errno
                0x0000000020000094                . = ALIGN (0x4)
                0x0000000020000094                PROVIDE (_ebss = .)
                [!provide]                        PROVIDE (_end = _ebss)
                0x0000000020000094                PROVIDE (end = .)

.stack          0x0000000020007800      0x800
                0x0000000020007800                . = ALIGN (0x4)
                [!provide]                        PROVIDE (_susrstack = .)
                0x0000000020008000                . = (. + __stack_size)
 *fill*         0x0000000020007800      0x800 
                0x0000000020008000                PROVIDE (_eusrstack = .)
OUTPUT(DAC_Triangle_Generation.elf elf32-littleriscv)

.debug_info     0x0000000000000000     0x793e
 .debug_info    0x0000000000000000      0x962 ./User/ch32v30x_it.o
 .debug_info    0x0000000000000962      0xddd ./User/main.o
 .debug_info    0x000000000000173f      0xb63 ./User/system_ch32v30x.o
 .debug_info    0x00000000000022a2       0x22 ./Startup/startup_ch32v30x_D8C.o
 .debug_info    0x00000000000022c4      0xdbd ./Peripheral/src/ch32v30x_dac.o
 .debug_info    0x0000000000003081     0x1093 ./Peripheral/src/ch32v30x_gpio.o
 .debug_info    0x0000000000004114     0x155a ./Peripheral/src/ch32v30x_rcc.o
 .debug_info    0x000000000000566e     0x1420 ./Peripheral/src/ch32v30x_usart.o
 .debug_info    0x0000000000006a8e      0xeb0 ./Debug/debug.o

.debug_abbrev   0x0000000000000000     0x16fc
 .debug_abbrev  0x0000000000000000      0x1cf ./User/ch32v30x_it.o
 .debug_abbrev  0x00000000000001cf      0x2d6 ./User/main.o
 .debug_abbrev  0x00000000000004a5      0x2c0 ./User/system_ch32v30x.o
 .debug_abbrev  0x0000000000000765       0x12 ./Startup/startup_ch32v30x_D8C.o
 .debug_abbrev  0x0000000000000777      0x301 ./Peripheral/src/ch32v30x_dac.o
 .debug_abbrev  0x0000000000000a78      0x31a ./Peripheral/src/ch32v30x_gpio.o
 .debug_abbrev  0x0000000000000d92      0x351 ./Peripheral/src/ch32v30x_rcc.o
 .debug_abbrev  0x00000000000010e3      0x325 ./Peripheral/src/ch32v30x_usart.o
 .debug_abbrev  0x0000000000001408      0x2f4 ./Debug/debug.o

.debug_aranges  0x0000000000000000      0x4b8
 .debug_aranges
                0x0000000000000000       0x28 ./User/ch32v30x_it.o
 .debug_aranges
                0x0000000000000028       0x30 ./User/main.o
 .debug_aranges
                0x0000000000000058       0x28 ./User/system_ch32v30x.o
 .debug_aranges
                0x0000000000000080       0x30 ./Startup/startup_ch32v30x_D8C.o
 .debug_aranges
                0x00000000000000b0       0x78 ./Peripheral/src/ch32v30x_dac.o
 .debug_aranges
                0x0000000000000128       0xa8 ./Peripheral/src/ch32v30x_gpio.o
 .debug_aranges
                0x00000000000001d0      0x1a8 ./Peripheral/src/ch32v30x_rcc.o
 .debug_aranges
                0x0000000000000378      0x100 ./Peripheral/src/ch32v30x_usart.o
 .debug_aranges
                0x0000000000000478       0x40 ./Debug/debug.o

.debug_ranges   0x0000000000000000      0x450
 .debug_ranges  0x0000000000000000       0x18 ./User/ch32v30x_it.o
 .debug_ranges  0x0000000000000018       0x20 ./User/main.o
 .debug_ranges  0x0000000000000038       0x38 ./User/system_ch32v30x.o
 .debug_ranges  0x0000000000000070       0x28 ./Startup/startup_ch32v30x_D8C.o
 .debug_ranges  0x0000000000000098       0x68 ./Peripheral/src/ch32v30x_dac.o
 .debug_ranges  0x0000000000000100       0x98 ./Peripheral/src/ch32v30x_gpio.o
 .debug_ranges  0x0000000000000198      0x198 ./Peripheral/src/ch32v30x_rcc.o
 .debug_ranges  0x0000000000000330       0xf0 ./Peripheral/src/ch32v30x_usart.o
 .debug_ranges  0x0000000000000420       0x30 ./Debug/debug.o

.debug_line     0x0000000000000000     0x59ed
 .debug_line    0x0000000000000000      0x24e ./User/ch32v30x_it.o
 .debug_line    0x000000000000024e      0x598 ./User/main.o
 .debug_line    0x00000000000007e6      0x764 ./User/system_ch32v30x.o
 .debug_line    0x0000000000000f4a      0x392 ./Startup/startup_ch32v30x_D8C.o
 .debug_line    0x00000000000012dc      0x8a7 ./Peripheral/src/ch32v30x_dac.o
 .debug_line    0x0000000000001b83      0xe1e ./Peripheral/src/ch32v30x_gpio.o
 .debug_line    0x00000000000029a1     0x1874 ./Peripheral/src/ch32v30x_rcc.o
 .debug_line    0x0000000000004215     0x111f ./Peripheral/src/ch32v30x_usart.o
 .debug_line    0x0000000000005334      0x6b9 ./Debug/debug.o

.debug_str      0x0000000000000000     0x1923
 .debug_str     0x0000000000000000      0x569 ./User/ch32v30x_it.o
                                        0x5ca (size before relaxing)
 .debug_str     0x0000000000000569      0x313 ./User/main.o
                                        0x8bc (size before relaxing)
 .debug_str     0x000000000000087c       0xf9 ./User/system_ch32v30x.o
                                        0x6c4 (size before relaxing)
 .debug_str     0x0000000000000975       0x6a ./Startup/startup_ch32v30x_D8C.o
                                         0xc5 (size before relaxing)
 .debug_str     0x00000000000009df      0x186 ./Peripheral/src/ch32v30x_dac.o
                                        0x84f (size before relaxing)
 .debug_str     0x0000000000000b65      0x292 ./Peripheral/src/ch32v30x_gpio.o
                                        0x9c1 (size before relaxing)
 .debug_str     0x0000000000000df7      0x5ee ./Peripheral/src/ch32v30x_rcc.o
                                        0xd11 (size before relaxing)
 .debug_str     0x00000000000013e5      0x4a0 ./Peripheral/src/ch32v30x_usart.o
                                        0xb67 (size before relaxing)
 .debug_str     0x0000000000001885       0x9e ./Debug/debug.o
                                        0x924 (size before relaxing)

.comment        0x0000000000000000       0x33
 .comment       0x0000000000000000       0x33 ./User/ch32v30x_it.o
                                         0x34 (size before relaxing)
 .comment       0x0000000000000033       0x34 ./User/main.o
 .comment       0x0000000000000033       0x34 ./User/system_ch32v30x.o
 .comment       0x0000000000000033       0x34 ./Peripheral/src/ch32v30x_dac.o
 .comment       0x0000000000000033       0x34 ./Peripheral/src/ch32v30x_gpio.o
 .comment       0x0000000000000033       0x34 ./Peripheral/src/ch32v30x_rcc.o
 .comment       0x0000000000000033       0x34 ./Peripheral/src/ch32v30x_usart.o
 .comment       0x0000000000000033       0x34 ./Debug/debug.o

.debug_frame    0x0000000000000000     0x1220
 .debug_frame   0x0000000000000000       0x30 ./User/ch32v30x_it.o
 .debug_frame   0x0000000000000030       0x58 ./User/main.o
 .debug_frame   0x0000000000000088       0x3c ./User/system_ch32v30x.o
 .debug_frame   0x00000000000000c4       0xf4 ./Peripheral/src/ch32v30x_dac.o
 .debug_frame   0x00000000000001b8      0x150 ./Peripheral/src/ch32v30x_gpio.o
 .debug_frame   0x0000000000000308      0x340 ./Peripheral/src/ch32v30x_rcc.o
 .debug_frame   0x0000000000000648      0x210 ./Peripheral/src/ch32v30x_usart.o
 .debug_frame   0x0000000000000858       0x94 ./Debug/debug.o
 .debug_frame   0x00000000000008ec       0x54 f:/mounriver/mounriver_studio/toolchain/risc-v embedded gcc/bin/../lib/gcc/riscv-none-embed/8.2.0/../../../../riscv-none-embed/lib/rv32imac/ilp32\libg_nano.a(lib_a-printf.o)
 .debug_frame   0x0000000000000940       0x54 f:/mounriver/mounriver_studio/toolchain/risc-v embedded gcc/bin/../lib/gcc/riscv-none-embed/8.2.0/../../../../riscv-none-embed/lib/rv32imac/ilp32\libg_nano.a(lib_a-puts.o)
 .debug_frame   0x0000000000000994       0x50 f:/mounriver/mounriver_studio/toolchain/risc-v embedded gcc/bin/../lib/gcc/riscv-none-embed/8.2.0/../../../../riscv-none-embed/lib/rv32imac/ilp32\libg_nano.a(lib_a-wbuf.o)
 .debug_frame   0x00000000000009e4       0x3c f:/mounriver/mounriver_studio/toolchain/risc-v embedded gcc/bin/../lib/gcc/riscv-none-embed/8.2.0/../../../../riscv-none-embed/lib/rv32imac/ilp32\libg_nano.a(lib_a-wsetup.o)
 .debug_frame   0x0000000000000a20       0x7c f:/mounriver/mounriver_studio/toolchain/risc-v embedded gcc/bin/../lib/gcc/riscv-none-embed/8.2.0/../../../../riscv-none-embed/lib/rv32imac/ilp32\libg_nano.a(lib_a-fflush.o)
 .debug_frame   0x0000000000000a9c      0x148 f:/mounriver/mounriver_studio/toolchain/risc-v embedded gcc/bin/../lib/gcc/riscv-none-embed/8.2.0/../../../../riscv-none-embed/lib/rv32imac/ilp32\libg_nano.a(lib_a-findfp.o)
 .debug_frame   0x0000000000000be4       0x88 f:/mounriver/mounriver_studio/toolchain/risc-v embedded gcc/bin/../lib/gcc/riscv-none-embed/8.2.0/../../../../riscv-none-embed/lib/rv32imac/ilp32\libg_nano.a(lib_a-fwalk.o)
 .debug_frame   0x0000000000000c6c       0x64 f:/mounriver/mounriver_studio/toolchain/risc-v embedded gcc/bin/../lib/gcc/riscv-none-embed/8.2.0/../../../../riscv-none-embed/lib/rv32imac/ilp32\libg_nano.a(lib_a-makebuf.o)
 .debug_frame   0x0000000000000cd0       0x40 f:/mounriver/mounriver_studio/toolchain/risc-v embedded gcc/bin/../lib/gcc/riscv-none-embed/8.2.0/../../../../riscv-none-embed/lib/rv32imac/ilp32\libg_nano.a(lib_a-nano-freer.o)
 .debug_frame   0x0000000000000d10       0x40 f:/mounriver/mounriver_studio/toolchain/risc-v embedded gcc/bin/../lib/gcc/riscv-none-embed/8.2.0/../../../../riscv-none-embed/lib/rv32imac/ilp32\libg_nano.a(lib_a-nano-mallocr.o)
 .debug_frame   0x0000000000000d50       0xd0 f:/mounriver/mounriver_studio/toolchain/risc-v embedded gcc/bin/../lib/gcc/riscv-none-embed/8.2.0/../../../../riscv-none-embed/lib/rv32imac/ilp32\libg_nano.a(lib_a-nano-vfprintf.o)
 .debug_frame   0x0000000000000e20       0x8c f:/mounriver/mounriver_studio/toolchain/risc-v embedded gcc/bin/../lib/gcc/riscv-none-embed/8.2.0/../../../../riscv-none-embed/lib/rv32imac/ilp32\libg_nano.a(lib_a-nano-vfprintf_i.o)
 .debug_frame   0x0000000000000eac       0x30 f:/mounriver/mounriver_studio/toolchain/risc-v embedded gcc/bin/../lib/gcc/riscv-none-embed/8.2.0/../../../../riscv-none-embed/lib/rv32imac/ilp32\libg_nano.a(lib_a-sbrkr.o)
 .debug_frame   0x0000000000000edc       0xa4 f:/mounriver/mounriver_studio/toolchain/risc-v embedded gcc/bin/../lib/gcc/riscv-none-embed/8.2.0/../../../../riscv-none-embed/lib/rv32imac/ilp32\libg_nano.a(lib_a-stdio.o)
 .debug_frame   0x0000000000000f80       0x30 f:/mounriver/mounriver_studio/toolchain/risc-v embedded gcc/bin/../lib/gcc/riscv-none-embed/8.2.0/../../../../riscv-none-embed/lib/rv32imac/ilp32\libg_nano.a(lib_a-writer.o)
 .debug_frame   0x0000000000000fb0       0x30 f:/mounriver/mounriver_studio/toolchain/risc-v embedded gcc/bin/../lib/gcc/riscv-none-embed/8.2.0/../../../../riscv-none-embed/lib/rv32imac/ilp32\libg_nano.a(lib_a-closer.o)
 .debug_frame   0x0000000000000fe0       0x30 f:/mounriver/mounriver_studio/toolchain/risc-v embedded gcc/bin/../lib/gcc/riscv-none-embed/8.2.0/../../../../riscv-none-embed/lib/rv32imac/ilp32\libg_nano.a(lib_a-fstatr.o)
 .debug_frame   0x0000000000001010       0x30 f:/mounriver/mounriver_studio/toolchain/risc-v embedded gcc/bin/../lib/gcc/riscv-none-embed/8.2.0/../../../../riscv-none-embed/lib/rv32imac/ilp32\libg_nano.a(lib_a-isattyr.o)
 .debug_frame   0x0000000000001040       0x30 f:/mounriver/mounriver_studio/toolchain/risc-v embedded gcc/bin/../lib/gcc/riscv-none-embed/8.2.0/../../../../riscv-none-embed/lib/rv32imac/ilp32\libg_nano.a(lib_a-lseekr.o)
 .debug_frame   0x0000000000001070       0x20 f:/mounriver/mounriver_studio/toolchain/risc-v embedded gcc/bin/../lib/gcc/riscv-none-embed/8.2.0/../../../../riscv-none-embed/lib/rv32imac/ilp32\libg_nano.a(lib_a-memchr.o)
 .debug_frame   0x0000000000001090       0x30 f:/mounriver/mounriver_studio/toolchain/risc-v embedded gcc/bin/../lib/gcc/riscv-none-embed/8.2.0/../../../../riscv-none-embed/lib/rv32imac/ilp32\libg_nano.a(lib_a-mlock.o)
 .debug_frame   0x00000000000010c0       0x30 f:/mounriver/mounriver_studio/toolchain/risc-v embedded gcc/bin/../lib/gcc/riscv-none-embed/8.2.0/../../../../riscv-none-embed/lib/rv32imac/ilp32\libg_nano.a(lib_a-readr.o)
 .debug_frame   0x00000000000010f0       0x70 f:/mounriver/mounriver_studio/toolchain/risc-v embedded gcc/bin/../lib/gcc/riscv-none-embed/8.2.0/../../../../riscv-none-embed/lib/rv32imac/ilp32\libg_nano.a(lib_a-reent.o)
 .debug_frame   0x0000000000001160       0x20 f:/mounriver/mounriver_studio/toolchain/risc-v embedded gcc/bin/../lib/gcc/riscv-none-embed/8.2.0/../../../../riscv-none-embed/lib/rv32imac/ilp32\libnosys.a(close.o)
 .debug_frame   0x0000000000001180       0x20 f:/mounriver/mounriver_studio/toolchain/risc-v embedded gcc/bin/../lib/gcc/riscv-none-embed/8.2.0/../../../../riscv-none-embed/lib/rv32imac/ilp32\libnosys.a(fstat.o)
 .debug_frame   0x00000000000011a0       0x20 f:/mounriver/mounriver_studio/toolchain/risc-v embedded gcc/bin/../lib/gcc/riscv-none-embed/8.2.0/../../../../riscv-none-embed/lib/rv32imac/ilp32\libnosys.a(isatty.o)
 .debug_frame   0x00000000000011c0       0x20 f:/mounriver/mounriver_studio/toolchain/risc-v embedded gcc/bin/../lib/gcc/riscv-none-embed/8.2.0/../../../../riscv-none-embed/lib/rv32imac/ilp32\libnosys.a(lseek.o)
 .debug_frame   0x00000000000011e0       0x20 f:/mounriver/mounriver_studio/toolchain/risc-v embedded gcc/bin/../lib/gcc/riscv-none-embed/8.2.0/../../../../riscv-none-embed/lib/rv32imac/ilp32\libnosys.a(read.o)
 .debug_frame   0x0000000000001200       0x20 f:/mounriver/mounriver_studio/toolchain/risc-v embedded gcc/bin/../lib/gcc/riscv-none-embed/8.2.0/../../../../riscv-none-embed/lib/rv32imac/ilp32\libnosys.a(sbrk.o)

.debug_loc      0x0000000000000000     0x1d6e
 .debug_loc     0x0000000000000000       0xe5 ./User/system_ch32v30x.o
 .debug_loc     0x00000000000000e5      0x23b ./Peripheral/src/ch32v30x_dac.o
 .debug_loc     0x0000000000000320      0x67b ./Peripheral/src/ch32v30x_gpio.o
 .debug_loc     0x000000000000099b      0xa54 ./Peripheral/src/ch32v30x_rcc.o
 .debug_loc     0x00000000000013ef      0x7f8 ./Peripheral/src/ch32v30x_usart.o
 .debug_loc     0x0000000000001be7      0x187 ./Debug/debug.o

.stab           0x0000000000000000       0x84
 .stab          0x0000000000000000       0x24 f:/mounriver/mounriver_studio/toolchain/risc-v embedded gcc/bin/../lib/gcc/riscv-none-embed/8.2.0/../../../../riscv-none-embed/lib/rv32imac/ilp32\libnosys.a(close.o)
 .stab          0x0000000000000024       0x18 f:/mounriver/mounriver_studio/toolchain/risc-v embedded gcc/bin/../lib/gcc/riscv-none-embed/8.2.0/../../../../riscv-none-embed/lib/rv32imac/ilp32\libnosys.a(fstat.o)
                                         0x24 (size before relaxing)
 .stab          0x000000000000003c       0x18 f:/mounriver/mounriver_studio/toolchain/risc-v embedded gcc/bin/../lib/gcc/riscv-none-embed/8.2.0/../../../../riscv-none-embed/lib/rv32imac/ilp32\libnosys.a(isatty.o)
                                         0x24 (size before relaxing)
 .stab          0x0000000000000054       0x18 f:/mounriver/mounriver_studio/toolchain/risc-v embedded gcc/bin/../lib/gcc/riscv-none-embed/8.2.0/../../../../riscv-none-embed/lib/rv32imac/ilp32\libnosys.a(lseek.o)
                                         0x24 (size before relaxing)
 .stab          0x000000000000006c       0x18 f:/mounriver/mounriver_studio/toolchain/risc-v embedded gcc/bin/../lib/gcc/riscv-none-embed/8.2.0/../../../../riscv-none-embed/lib/rv32imac/ilp32\libnosys.a(read.o)
                                         0x24 (size before relaxing)

.stabstr        0x0000000000000000      0x117
 .stabstr       0x0000000000000000      0x117 f:/mounriver/mounriver_studio/toolchain/risc-v embedded gcc/bin/../lib/gcc/riscv-none-embed/8.2.0/../../../../riscv-none-embed/lib/rv32imac/ilp32\libnosys.a(close.o)
