Archive member included to satisfy reference by file (symbol)

d:/newmounriver/mounriver/mounriver_studio/toolchain/risc-v embedded gcc/bin/../lib/gcc/riscv-none-embed/8.2.0/rv32imacxw/ilp32\libgcc.a(save-restore.o)
                              ./Peripheral/src/ch32v30x_flash.o (__riscv_save_4)
d:/newmounriver/mounriver/mounriver_studio/toolchain/risc-v embedded gcc/bin/../lib/gcc/riscv-none-embed/8.2.0/../../../../riscv-none-embed/lib/rv32imacxw/ilp32\libg_nano.a(lib_a-atexit.o)
                              ./Startup/startup_ch32v30x_D8C.o (atexit)
d:/newmounriver/mounriver/mounriver_studio/toolchain/risc-v embedded gcc/bin/../lib/gcc/riscv-none-embed/8.2.0/../../../../riscv-none-embed/lib/rv32imacxw/ilp32\libg_nano.a(lib_a-fini.o)
                              ./Startup/startup_ch32v30x_D8C.o (__libc_fini_array)
d:/newmounriver/mounriver/mounriver_studio/toolchain/risc-v embedded gcc/bin/../lib/gcc/riscv-none-embed/8.2.0/../../../../riscv-none-embed/lib/rv32imacxw/ilp32\libg_nano.a(lib_a-init.o)
                              ./Startup/startup_ch32v30x_D8C.o (__libc_init_array)
d:/newmounriver/mounriver/mounriver_studio/toolchain/risc-v embedded gcc/bin/../lib/gcc/riscv-none-embed/8.2.0/../../../../riscv-none-embed/lib/rv32imacxw/ilp32\libg_nano.a(lib_a-printf.o)
                              ./User/main.o (printf)
d:/newmounriver/mounriver/mounriver_studio/toolchain/risc-v embedded gcc/bin/../lib/gcc/riscv-none-embed/8.2.0/../../../../riscv-none-embed/lib/rv32imacxw/ilp32\libg_nano.a(lib_a-puts.o)
                              ./User/main.o (puts)
d:/newmounriver/mounriver/mounriver_studio/toolchain/risc-v embedded gcc/bin/../lib/gcc/riscv-none-embed/8.2.0/../../../../riscv-none-embed/lib/rv32imacxw/ilp32\libg_nano.a(lib_a-wbuf.o)
                              d:/newmounriver/mounriver/mounriver_studio/toolchain/risc-v embedded gcc/bin/../lib/gcc/riscv-none-embed/8.2.0/../../../../riscv-none-embed/lib/rv32imacxw/ilp32\libg_nano.a(lib_a-puts.o) (__swbuf_r)
d:/newmounriver/mounriver/mounriver_studio/toolchain/risc-v embedded gcc/bin/../lib/gcc/riscv-none-embed/8.2.0/../../../../riscv-none-embed/lib/rv32imacxw/ilp32\libg_nano.a(lib_a-wsetup.o)
                              d:/newmounriver/mounriver/mounriver_studio/toolchain/risc-v embedded gcc/bin/../lib/gcc/riscv-none-embed/8.2.0/../../../../riscv-none-embed/lib/rv32imacxw/ilp32\libg_nano.a(lib_a-puts.o) (__swsetup_r)
d:/newmounriver/mounriver/mounriver_studio/toolchain/risc-v embedded gcc/bin/../lib/gcc/riscv-none-embed/8.2.0/../../../../riscv-none-embed/lib/rv32imacxw/ilp32\libg_nano.a(lib_a-__atexit.o)
                              d:/newmounriver/mounriver/mounriver_studio/toolchain/risc-v embedded gcc/bin/../lib/gcc/riscv-none-embed/8.2.0/../../../../riscv-none-embed/lib/rv32imacxw/ilp32\libg_nano.a(lib_a-atexit.o) (__register_exitproc)
d:/newmounriver/mounriver/mounriver_studio/toolchain/risc-v embedded gcc/bin/../lib/gcc/riscv-none-embed/8.2.0/../../../../riscv-none-embed/lib/rv32imacxw/ilp32\libg_nano.a(lib_a-__call_atexit.o)
                              d:/newmounriver/mounriver/mounriver_studio/toolchain/risc-v embedded gcc/bin/../lib/gcc/riscv-none-embed/8.2.0/../../../../riscv-none-embed/lib/rv32imacxw/ilp32\libg_nano.a(lib_a-__atexit.o) (__call_exitprocs)
d:/newmounriver/mounriver/mounriver_studio/toolchain/risc-v embedded gcc/bin/../lib/gcc/riscv-none-embed/8.2.0/../../../../riscv-none-embed/lib/rv32imacxw/ilp32\libg_nano.a(lib_a-fflush.o)
                              d:/newmounriver/mounriver/mounriver_studio/toolchain/risc-v embedded gcc/bin/../lib/gcc/riscv-none-embed/8.2.0/../../../../riscv-none-embed/lib/rv32imacxw/ilp32\libg_nano.a(lib_a-wbuf.o) (_fflush_r)
d:/newmounriver/mounriver/mounriver_studio/toolchain/risc-v embedded gcc/bin/../lib/gcc/riscv-none-embed/8.2.0/../../../../riscv-none-embed/lib/rv32imacxw/ilp32\libg_nano.a(lib_a-findfp.o)
                              d:/newmounriver/mounriver/mounriver_studio/toolchain/risc-v embedded gcc/bin/../lib/gcc/riscv-none-embed/8.2.0/../../../../riscv-none-embed/lib/rv32imacxw/ilp32\libg_nano.a(lib_a-printf.o) (__sinit)
d:/newmounriver/mounriver/mounriver_studio/toolchain/risc-v embedded gcc/bin/../lib/gcc/riscv-none-embed/8.2.0/../../../../riscv-none-embed/lib/rv32imacxw/ilp32\libg_nano.a(lib_a-fwalk.o)
                              d:/newmounriver/mounriver/mounriver_studio/toolchain/risc-v embedded gcc/bin/../lib/gcc/riscv-none-embed/8.2.0/../../../../riscv-none-embed/lib/rv32imacxw/ilp32\libg_nano.a(lib_a-findfp.o) (_fwalk)
d:/newmounriver/mounriver/mounriver_studio/toolchain/risc-v embedded gcc/bin/../lib/gcc/riscv-none-embed/8.2.0/../../../../riscv-none-embed/lib/rv32imacxw/ilp32\libg_nano.a(lib_a-impure.o)
                              d:/newmounriver/mounriver/mounriver_studio/toolchain/risc-v embedded gcc/bin/../lib/gcc/riscv-none-embed/8.2.0/../../../../riscv-none-embed/lib/rv32imacxw/ilp32\libg_nano.a(lib_a-fflush.o) (_global_impure_ptr)
[...]
Memory Configuration

Name             Origin             Length             Attributes
FLASH            0x0000000000000000 0x0000000000048000 xr
RAM              0x0000000020000000 0x0000000000008000 xrw
*default*        0x0000000000000000 0xffffffffffffffff

Linker script and memory map

LOAD ./User/ch32v30x_it.o
LOAD ./User/main.o
LOAD ./User/system_ch32v30x.o
LOAD ./Startup/startup_ch32v30x_D8C.o
LOAD ./Peripheral/src/ch32v30x_adc.o
LOAD ./Peripheral/src/ch32v30x_bkp.o
LOAD ./Peripheral/src/ch32v30x_can.o
LOAD ./Peripheral/src/ch32v30x_crc.o
LOAD ./Peripheral/src/ch32v30x_dac.o
LOAD ./Peripheral/src/ch32v30x_dbgmcu.o
LOAD ./Peripheral/src/ch32v30x_dma.o
LOAD ./Peripheral/src/ch32v30x_dvp.o
LOAD ./Peripheral/src/ch32v30x_eth.o
LOAD ./Peripheral/src/ch32v30x_exti.o
LOAD ./Peripheral/src/ch32v30x_flash.o
LOAD ./Peripheral/src/ch32v30x_fsmc.o
LOAD ./Peripheral/src/ch32v30x_gpio.o
LOAD ./Peripheral/src/ch32v30x_i2c.o
LOAD ./Peripheral/src/ch32v30x_iwdg.o
LOAD ./Peripheral/src/ch32v30x_misc.o
LOAD ./Peripheral/src/ch32v30x_opa.o
LOAD ./Peripheral/src/ch32v30x_pwr.o
LOAD ./Peripheral/src/ch32v30x_rcc.o
LOAD ./Peripheral/src/ch32v30x_rng.o
LOAD ./Peripheral/src/ch32v30x_rtc.o
LOAD ./Peripheral/src/ch32v30x_sdio.o
LOAD ./Peripheral/src/ch32v30x_spi.o
LOAD ./Peripheral/src/ch32v30x_tim.o
LOAD ./Peripheral/src/ch32v30x_usart.o
LOAD ./Peripheral/src/ch32v30x_wwdg.o
LOAD ./Debug/debug.o
LOAD ./Core/core_riscv.o
LOAD d:/newmounriver/mounriver/mounriver_studio/toolchain/risc-v embedded gcc/bin/../lib/gcc/riscv-none-embed/8.2.0/../../../../riscv-none-embed/lib/rv32imacxw/ilp32\libstdc++_nano.a
LOAD d:/newmounriver/mounriver/mounriver_studio/toolchain/risc-v embedded gcc/bin/../lib/gcc/riscv-none-embed/8.2.0/../../../../riscv-none-embed/lib/rv32imacxw/ilp32\libm.a
LOAD d:/newmounriver/mounriver/mounriver_studio/toolchain/risc-v embedded gcc/bin/../lib/gcc/riscv-none-embed/8.2.0/rv32imacxw/ilp32\libgcc.a
LOAD d:/newmounriver/mounriver/mounriver_studio/toolchain/risc-v embedded gcc/bin/../lib/gcc/riscv-none-embed/8.2.0/../../../../riscv-none-embed/lib/rv32imacxw/ilp32\libg_nano.a
LOAD d:/newmounriver/mounriver/mounriver_studio/toolchain/risc-v embedded gcc/bin/../lib/gcc/riscv-none-embed/8.2.0/../../../../riscv-none-embed/lib/rv32imacxw/ilp32\libc_nano.a
LOAD d:/newmounriver/mounriver/mounriver_studio/toolchain/risc-v embedded gcc/bin/../lib/gcc/riscv-none-embed/8.2.0/rv32imacxw/ilp32\libgcc.a
START GROUP
LOAD d:/newmounriver/mounriver/mounriver_studio/toolchain/risc-v embedded gcc/bin/../lib/gcc/riscv-none-embed/8.2.0/rv32imacxw/ilp32\libgcc.a
LOAD d:/newmounriver/mounriver/mounriver_studio/toolchain/risc-v embedded gcc/bin/../lib/gcc/riscv-none-embed/8.2.0/../../../../riscv-none-embed/lib/rv32imacxw/ilp32\libc_nano.a
LOAD d:/newmounriver/mounriver/mounriver_studio/toolchain/risc-v embedded gcc/bin/../lib/gcc/riscv-none-embed/8.2.0/../../../../riscv-none-embed/lib/rv32imacxw/ilp32\libnosys.a
END GROUP
START GROUP
LOAD d:/newmounriver/mounriver/mounriver_studio/toolchain/risc-v embedded gcc/bin/../lib/gcc/riscv-none-embed/8.2.0/rv32imacxw/ilp32\libgcc.a
LOAD d:/newmounriver/mounriver/mounriver_studio/toolchain/risc-v embedded gcc/bin/../lib/gcc/riscv-none-embed/8.2.0/../../../../riscv-none-embed/lib/rv32imacxw/ilp32\libc_nano.a
LOAD d:/newmounriver/mounriver/mounriver_studio/toolchain/risc-v embedded gcc/bin/../lib/gcc/riscv-none-embed/8.2.0/../../../../riscv-none-embed/lib/rv32imacxw/ilp32\libnosys.a
END GROUP
                0x0000000000000800                __stack_size = 0x800
                [!provide]                        PROVIDE (_stack_size = __stack_size)

.init           0x0000000000000000       0x38
                0x0000000000000000                _sinit = .
                0x0000000000000000                . = ALIGN (0x4)
 *(SORT_NONE(.init))
 .init          0x0000000000000000       0x38 ./Startup/startup_ch32v30x_D8C.o
                0x0000000000000000                _start
                0x0000000000000038                . = ALIGN (0x4)
                0x0000000000000038                _einit = .

.vector         0x0000000000000038      0x1c8
 *(.vector)
 .vector        0x0000000000000038      0x1a0 ./Startup/startup_ch32v30x_D8C.o
                0x0000000000000200                . = ALIGN (0x40)
 *fill*         0x00000000000001d8       0x28 

.text           0x0000000000000200     0x1b5c
                0x0000000000000200                . = ALIGN (0x4)
 *(.text)
 .text          0x0000000000000200       0x60 d:/newmounriver/mounriver/mounriver_studio/toolchain/risc-v embedded gcc/bin/../lib/gcc/riscv-none-embed/8.2.0/rv32imacxw/ilp32\libgcc.a(save-restore.o)
                0x0000000000000200                __riscv_save_12
                0x0000000000000208                __riscv_save_9
                0x0000000000000208                __riscv_save_11
                0x0000000000000208                __riscv_save_10
                0x0000000000000208                __riscv_save_8
                0x0000000000000216                __riscv_save_4
                0x0000000000000216                __riscv_save_6
                0x0000000000000216                __riscv_save_5
                0x0000000000000216                __riscv_save_7
                0x0000000000000230                __riscv_save_3
                0x0000000000000230                __riscv_save_2
                0x0000000000000230                __riscv_save_1
                0x0000000000000230                __riscv_save_0
                0x000000000000023c                __riscv_restore_12
                0x0000000000000240                __riscv_restore_11
                0x0000000000000240                __riscv_restore_9
                0x0000000000000240                __riscv_restore_10
                0x0000000000000240                __riscv_restore_8
                0x000000000000024a                __riscv_restore_5
                0x000000000000024a                __riscv_restore_7
                0x000000000000024a                __riscv_restore_6
                0x000000000000024a                __riscv_restore_4
                0x0000000000000254                __riscv_restore_3
                0x0000000000000254                __riscv_restore_0
                0x0000000000000254                __riscv_restore_2
                0x0000000000000254                __riscv_restore_1
 .text          0x0000000000000260       0xa8 d:/newmounriver/mounriver/mounriver_studio/toolchain/risc-v embedded gcc/bin/../lib/gcc/riscv-none-embed/8.2.0/../../../../riscv-none-embed/lib/rv32imacxw/ilp32\libg_nano.a(lib_a-memset.o)
                0x0000000000000260                memset
 *(.text.*)
 .text.NMI_Handler
                0x0000000000000308        0x4 ./User/ch32v30x_it.o
                0x0000000000000308                NMI_Handler
 .text.HardFault_Handler
                0x000000000000030c        0x2 ./User/ch32v30x_it.o
                0x000000000000030c                HardFault_Handler
 .text.startup.main
                0x000000000000030e       0x32 ./User/main.o
                0x000000000000030e                main
 .text.SystemInit
                0x0000000000000340       0xfa ./User/system_ch32v30x.o
                0x0000000000000340                SystemInit
 .text.vector_handler
                0x000000000000043a       0xbe ./Startup/startup_ch32v30x_D8C.o
                0x000000000000043e                Ecall_M_Mode_Handler
                0x0000000000000440                Ecall_U_Mode_Handler
                0x0000000000000442                Break_Point_Handler
                0x0000000000000444                SysTick_Handler
                0x0000000000000446                SW_Handler
                0x0000000000000448                WWDG_IRQHandler
                0x000000000000044a                PVD_IRQHandler
                0x000000000000044c                TAMPER_IRQHandler
                0x000000000000044e                RTC_IRQHandler
                0x0000000000000450                FLASH_IRQHandler
                0x0000000000000452                RCC_IRQHandler
                0x0000000000000454                EXTI0_IRQHandler
                0x0000000000000456                EXTI1_IRQHandler
                0x0000000000000458                EXTI2_IRQHandler
                0x000000000000045a                EXTI3_IRQHandler
                0x000000000000045c                EXTI4_IRQHandler
                0x000000000000045e                DMA1_Channel1_IRQHandler
                0x0000000000000460                DMA1_Channel2_IRQHandler
                0x0000000000000462                DMA1_Channel3_IRQHandler
                0x0000000000000464                DMA1_Channel4_IRQHandler
                0x0000000000000466                DMA1_Channel5_IRQHandler
                0x0000000000000468                DMA1_Channel6_IRQHandler
                0x000000000000046a                DMA1_Channel7_IRQHandler
                0x000000000000046c                ADC1_2_IRQHandler
                0x000000000000046e                USB_HP_CAN1_TX_IRQHandler
                0x0000000000000470                USB_LP_CAN1_RX0_IRQHandler
                0x0000000000000472                CAN1_RX1_IRQHandler
                0x0000000000000474                CAN1_SCE_IRQHandler
                0x0000000000000476                EXTI9_5_IRQHandler
                0x0000000000000478                TIM1_BRK_IRQHandler
                0x000000000000047a                TIM1_UP_IRQHandler
                0x000000000000047c                TIM1_TRG_COM_IRQHandler
                0x000000000000047e                TIM1_CC_IRQHandler
                0x0000000000000480                TIM2_IRQHandler
                0x0000000000000482                TIM3_IRQHandler
                0x0000000000000484                TIM4_IRQHandler
                0x0000000000000486                I2C1_EV_IRQHandler
                0x0000000000000488                I2C1_ER_IRQHandler
                0x000000000000048a                I2C2_EV_IRQHandler
                0x000000000000048c                I2C2_ER_IRQHandler
                0x000000000000048e                SPI1_IRQHandler
                0x0000000000000490                SPI2_IRQHandler
                0x0000000000000492                USART1_IRQHandler
                0x0000000000000494                USART2_IRQHandler
                0x0000000000000496                USART3_IRQHandler
                0x0000000000000498                EXTI15_10_IRQHandler
                0x000000000000049a                RTCAlarm_IRQHandler
                0x000000000000049c                USBWakeUp_IRQHandler
                0x000000000000049e                TIM8_BRK_IRQHandler
                0x00000000000004a0                TIM8_UP_IRQHandler
                0x00000000000004a2                TIM8_TRG_COM_IRQHandler
                0x00000000000004a4                TIM8_CC_IRQHandler
                0x00000000000004a6                RNG_IRQHandler
                0x00000000000004a8                FSMC_IRQHandler
                0x00000000000004aa                SDIO_IRQHandler
                0x00000000000004ac                TIM5_IRQHandler
                0x00000000000004ae                SPI3_IRQHandler
                0x00000000000004b0                UART4_IRQHandler
                0x00000000000004b2                UART5_IRQHandler
                0x00000000000004b4                TIM6_IRQHandler
                0x00000000000004b6                TIM7_IRQHandler
                0x00000000000004b8                DMA2_Channel1_IRQHandler
                0x00000000000004ba                DMA2_Channel2_IRQHandler
                0x00000000000004bc                DMA2_Channel3_IRQHandler
                0x00000000000004be                DMA2_Channel4_IRQHandler
                0x00000000000004c0                DMA2_Channel5_IRQHandler
                0x00000000000004c2                ETH_IRQHandler
                0x00000000000004c4                ETH_WKUP_IRQHandler
                0x00000000000004c6                CAN2_TX_IRQHandler
                0x00000000000004c8                CAN2_RX0_IRQHandler
                0x00000000000004ca                CAN2_RX1_IRQHandler
                0x00000000000004cc                CAN2_SCE_IRQHandler
                0x00000000000004ce                OTG_FS_IRQHandler
                0x00000000000004d0                USBHSWakeup_IRQHandler
                0x00000000000004d2                USBHS_IRQHandler
                0x00000000000004d4                DVP_IRQHandler
                0x00000000000004d6                UART6_IRQHandler
                0x00000000000004d8                UART7_IRQHandler
                0x00000000000004da                UART8_IRQHandler
                0x00000000000004dc                TIM9_BRK_IRQHandler
                0x00000000000004de                TIM9_UP_IRQHandler
                0x00000000000004e0                TIM9_TRG_COM_IRQHandler
                0x00000000000004e2                TIM9_CC_IRQHandler
                0x00000000000004e4                TIM10_BRK_IRQHandler
                0x00000000000004e6                TIM10_UP_IRQHandler
                0x00000000000004e8                TIM10_TRG_COM_IRQHandler
                0x00000000000004ea                TIM10_CC_IRQHandler
                0x00000000000004ec                DMA2_Channel6_IRQHandler
                0x00000000000004ee                DMA2_Channel7_IRQHandler
                0x00000000000004f0                DMA2_Channel8_IRQHandler
                0x00000000000004f2                DMA2_Channel9_IRQHandler
                0x00000000000004f4                DMA2_Channel10_IRQHandler
                0x00000000000004f6                DMA2_Channel11_IRQHandler
 .text.handle_reset
                0x00000000000004f8       0x96 ./Startup/startup_ch32v30x_D8C.o
                0x00000000000004f8                handle_reset
 .text.GPIO_Init
                0x000000000000058e       0xc0 ./Peripheral/src/ch32v30x_gpio.o
                0x000000000000058e                GPIO_Init
 .text.NVIC_PriorityGroupConfig
                0x000000000000064e        0x6 ./Peripheral/src/ch32v30x_misc.o
                0x000000000000064e                NVIC_PriorityGroupConfig
 .text.RCC_GetClocksFreq
                0x0000000000000654      0x176 ./Peripheral/src/ch32v30x_rcc.o
                0x0000000000000654                RCC_GetClocksFreq
 .text.RCC_APB2PeriphClockCmd
                0x00000000000007ca       0x1e ./Peripheral/src/ch32v30x_rcc.o
                0x00000000000007ca                RCC_APB2PeriphClockCmd
 .text.USART_Init
                0x00000000000007e8       0xb8 ./Peripheral/src/ch32v30x_usart.o
                0x00000000000007e8                USART_Init
 .text.USART_Cmd
                0x00000000000008a0       0x16 ./Peripheral/src/ch32v30x_usart.o
                0x00000000000008a0                USART_Cmd
 .text.USART_SendData
                0x00000000000008b6        0x8 ./Peripheral/src/ch32v30x_usart.o
                0x00000000000008b6                USART_SendData
 .text.USART_GetFlagStatus
                0x00000000000008be        0xa ./Peripheral/src/ch32v30x_usart.o
                0x00000000000008be                USART_GetFlagStatus
 .text.Delay_Init
                0x00000000000008c8       0x2a ./Debug/debug.o
                0x00000000000008c8                Delay_Init
 .text.USART_Printf_Init
                0x00000000000008f2       0x50 ./Debug/debug.o
                0x00000000000008f2                USART_Printf_Init
 .text._write   0x0000000000000942       0x38 ./Debug/debug.o
                0x0000000000000942                _write
 .text._sbrk    0x000000000000097a       0x26 ./Debug/debug.o
                0x000000000000097a                _sbrk
 .text._fini    0x00000000000009a0        0x2 ./Debug/debug.o
                0x00000000000009a0                _fini
 .text._init    0x00000000000009a2        0x2 ./Debug/debug.o
                0x00000000000009a2                _init
 .text.atexit   0x00000000000009a4        0xa d:/newmounriver/mounriver/mounriver_studio/toolchain/risc-v embedded gcc/bin/../lib/gcc/riscv-none-embed/8.2.0/../../../../riscv-none-embed/lib/rv32imacxw/ilp32\libg_nano.a(lib_a-atexit.o)
                0x00000000000009a4                atexit
 .text.__libc_fini_array
                0x00000000000009ae       0x38 d:/newmounriver/mounriver/mounriver_studio/toolchain/risc-v embedded gcc/bin/../lib/gcc/riscv-none-embed/8.2.0/../../../../riscv-none-embed/lib/rv32imacxw/ilp32\libg_nano.a(lib_a-fini.o)
                0x00000000000009ae                __libc_fini_array
 .text.__libc_init_array
                0x00000000000009e6       0x6c d:/newmounriver/mounriver/mounriver_studio/toolchain/risc-v embedded gcc/bin/../lib/gcc/riscv-none-embed/8.2.0/../../../../riscv-none-embed/lib/rv32imacxw/ilp32\libg_nano.a(lib_a-init.o)
                0x00000000000009e6                __libc_init_array
 .text.printf   0x0000000000000a52       0x40 d:/newmounriver/mounriver/mounriver_studio/toolchain/risc-v embedded gcc/bin/../lib/gcc/riscv-none-embed/8.2.0/../../../../riscv-none-embed/lib/rv32imacxw/ilp32\libg_nano.a(lib_a-printf.o)
                0x0000000000000a52                iprintf
                0x0000000000000a52                printf
 .text._puts_r  0x0000000000000a92       0xd4 d:/newmounriver/mounriver/mounriver_studio/toolchain/risc-v embedded gcc/bin/../lib/gcc/riscv-none-embed/8.2.0/../../../../riscv-none-embed/lib/rv32imacxw/ilp32\libg_nano.a(lib_a-puts.o)
                0x0000000000000a92                _puts_r
 .text.puts     0x0000000000000b66        0xa d:/newmounriver/mounriver/mounriver_studio/toolchain/risc-v embedded gcc/bin/../lib/gcc/riscv-none-embed/8.2.0/../../../../riscv-none-embed/lib/rv32imacxw/ilp32\libg_nano.a(lib_a-puts.o)
                0x0000000000000b66                puts
 .text.__swbuf_r
                0x0000000000000b70       0xbc d:/newmounriver/mounriver/mounriver_studio/toolchain/risc-v embedded gcc/bin/../lib/gcc/riscv-none-embed/8.2.0/../../../../riscv-none-embed/lib/rv32imacxw/ilp32\libg_nano.a(lib_a-wbuf.o)
                0x0000000000000b70                __swbuf_r
 .text.__swsetup_r
                0x0000000000000c2c       0xfc d:/newmounriver/mounriver/mounriver_studio/toolchain/risc-v embedded gcc/bin/../lib/gcc/riscv-none-embed/8.2.0/../../../../riscv-none-embed/lib/rv32imacxw/ilp32\libg_nano.a(lib_a-wsetup.o)
                0x0000000000000c2c                __swsetup_r
 .text.__register_exitproc
                0x0000000000000d28       0x7c d:/newmounriver/mounriver/mounriver_studio/toolchain/risc-v embedded gcc/bin/../lib/gcc/riscv-none-embed/8.2.0/../../../../riscv-none-embed/lib/rv32imacxw/ilp32\libg_nano.a(lib_a-__atexit.o)
                0x0000000000000d28                __register_exitproc
 .text.startup.register_fini
                0x0000000000000da4       0x16 d:/newmounriver/mounriver/mounriver_studio/toolchain/risc-v embedded gcc/bin/../lib/gcc/riscv-none-embed/8.2.0/../../../../riscv-none-embed/lib/rv32imacxw/ilp32\libg_nano.a(lib_a-__call_atexit.o)
 .text.__sflush_r
                0x0000000000000dba      0x130 d:/newmounriver/mounriver/mounriver_studio/toolchain/risc-v embedded gcc/bin/../lib/gcc/riscv-none-embed/8.2.0/../../../../riscv-none-embed/lib/rv32imacxw/ilp32\libg_nano.a(lib_a-fflush.o)
                0x0000000000000dba                __sflush_r
 .text._fflush_r
                0x0000000000000eea       0x64 d:/newmounriver/mounriver/mounriver_studio/toolchain/risc-v embedded gcc/bin/../lib/gcc/riscv-none-embed/8.2.0/../../../../riscv-none-embed/lib/rv32imacxw/ilp32\libg_nano.a(lib_a-fflush.o)
                0x0000000000000eea                _fflush_r
 .text.std      0x0000000000000f4e       0x66 d:/newmounriver/mounriver/mounriver_studio/toolchain/risc-v embedded gcc/bin/../lib/gcc/riscv-none-embed/8.2.0/../../../../riscv-none-embed/lib/rv32imacxw/ilp32\libg_nano.a(lib_a-findfp.o)
 .text._cleanup_r
                0x0000000000000fb4        0xa d:/newmounriver/mounriver/mounriver_studio/toolchain/risc-v embedded gcc/bin/../lib/gcc/riscv-none-embed/8.2.0/../../../../riscv-none-embed/lib/rv32imacxw/ilp32\libg_nano.a(lib_a-findfp.o)
                0x0000000000000fb4                _cleanup_r
 .text.__sfmoreglue
                0x0000000000000fbe       0x46 d:/newmounriver/mounriver/mounriver_studio/toolchain/risc-v embedded gcc/bin/../lib/gcc/riscv-none-embed/8.2.0/../../../../riscv-none-embed/lib/rv32imacxw/ilp32\libg_nano.a(lib_a-findfp.o)
                0x0000000000000fbe                __sfmoreglue
 .text.__sinit  0x0000000000001004       0x66 d:/newmounriver/mounriver/mounriver_studio/toolchain/risc-v embedded gcc/bin/../lib/gcc/riscv-none-embed/8.2.0/../../../../riscv-none-embed/lib/rv32imacxw/ilp32\libg_nano.a(lib_a-findfp.o)
                0x0000000000001004                __sinit
 .text.__sfp    0x000000000000106a       0x9c d:/newmounriver/mounriver/mounriver_studio/toolchain/risc-v embedded gcc/bin/../lib/gcc/riscv-none-embed/8.2.0/../../../../riscv-none-embed/lib/rv32imacxw/ilp32\libg_nano.a(lib_a-findfp.o)
                0x000000000000106a                __sfp
 .text._fwalk_reent
                0x0000000000001106       0x6a d:/newmounriver/mounriver/mounriver_studio/toolchain/risc-v embedded gcc/bin/../lib/gcc/riscv-none-embed/8.2.0/../../../../riscv-none-embed/lib/rv32imacxw/ilp32\libg_nano.a(lib_a-fwalk.o)
                0x0000000000001106                _fwalk_reent
 .text.__swhatbuf_r
                0x0000000000001170       0x58 d:/newmounriver/mounriver/mounriver_studio/toolchain/risc-v embedded gcc/bin/../lib/gcc/riscv-none-embed/8.2.0/../../../../riscv-none-embed/lib/rv32imacxw/ilp32\libg_nano.a(lib_a-makebuf.o)
                0x0000000000001170                __swhatbuf_r
 .text.__smakebuf_r
                0x00000000000011c8       0x90 d:/newmounriver/mounriver/mounriver_studio/toolchain/risc-v embedded gcc/bin/../lib/gcc/riscv-none-embed/8.2.0/../../../../riscv-none-embed/lib/rv32imacxw/ilp32\libg_nano.a(lib_a-makebuf.o)
                0x00000000000011c8                __smakebuf_r
 .text._free_r  0x0000000000001258       0xa8 d:/newmounriver/mounriver/mounriver_studio/toolchain/risc-v embedded gcc/bin/../lib/gcc/riscv-none-embed/8.2.0/../../../../riscv-none-embed/lib/rv32imacxw/ilp32\libg_nano.a(lib_a-nano-freer.o)
                0x0000000000001258                _free_r
 .text._malloc_r
                0x0000000000001300       0xd4 d:/newmounriver/mounriver/mounriver_studio/toolchain/risc-v embedded gcc/bin/../lib/gcc/riscv-none-embed/8.2.0/../../../../riscv-none-embed/lib/rv32imacxw/ilp32\libg_nano.a(lib_a-nano-mallocr.o)
                0x0000000000001300                _malloc_r
 .text.__sfputc_r
                0x00000000000013d4       0x28 d:/newmounriver/mounriver/mounriver_studio/toolchain/risc-v embedded gcc/bin/../lib/gcc/riscv-none-embed/8.2.0/../../../../riscv-none-embed/lib/rv32imacxw/ilp32\libg_nano.a(lib_a-nano-vfprintf.o)
 .text.__sfputs_r
                0x00000000000013fc       0x40 d:/newmounriver/mounriver/mounriver_studio/toolchain/risc-v embedded gcc/bin/../lib/gcc/riscv-none-embed/8.2.0/../../../../riscv-none-embed/lib/rv32imacxw/ilp32\libg_nano.a(lib_a-nano-vfprintf.o)
                0x00000000000013fc                __sfputs_r
 .text._vfprintf_r
                0x000000000000143c      0x284 d:/newmounriver/mounriver/mounriver_studio/toolchain/risc-v embedded gcc/bin/../lib/gcc/riscv-none-embed/8.2.0/../../../../riscv-none-embed/lib/rv32imacxw/ilp32\libg_nano.a(lib_a-nano-vfprintf.o)
                0x000000000000143c                _vfprintf_r
                0x000000000000143c                _vfiprintf_r
 .text._printf_common
                0x00000000000016c0      0x10c d:/newmounriver/mounriver/mounriver_studio/toolchain/risc-v embedded gcc/bin/../lib/gcc/riscv-none-embed/8.2.0/../../../../riscv-none-embed/lib/rv32imacxw/ilp32\libg_nano.a(lib_a-nano-vfprintf_i.o)
                0x00000000000016c0                _printf_common
 .text._printf_i
                0x00000000000017cc      0x2a0 d:/newmounriver/mounriver/mounriver_studio/toolchain/risc-v embedded gcc/bin/../lib/gcc/riscv-none-embed/8.2.0/../../../../riscv-none-embed/lib/rv32imacxw/ilp32\libg_nano.a(lib_a-nano-vfprintf_i.o)
                0x00000000000017cc                _printf_i
 .text._sbrk_r  0x0000000000001a6c       0x2a d:/newmounriver/mounriver/mounriver_studio/toolchain/risc-v embedded gcc/bin/../lib/gcc/riscv-none-embed/8.2.0/../../../../riscv-none-embed/lib/rv32imacxw/ilp32\libg_nano.a(lib_a-sbrkr.o)
                0x0000000000001a6c                _sbrk_r
 .text.__sread  0x0000000000001a96       0x2c d:/newmounriver/mounriver/mounriver_studio/toolchain/risc-v embedded gcc/bin/../lib/gcc/riscv-none-embed/8.2.0/../../../../riscv-none-embed/lib/rv32imacxw/ilp32\libg_nano.a(lib_a-stdio.o)
                0x0000000000001a96                __sread
 .text.__swrite
                0x0000000000001ac2       0x48 d:/newmounriver/mounriver/mounriver_studio/toolchain/risc-v embedded gcc/bin/../lib/gcc/riscv-none-embed/8.2.0/../../../../riscv-none-embed/lib/rv32imacxw/ilp32\libg_nano.a(lib_a-stdio.o)
                0x0000000000001ac2                __swrite
 .text.__sseek  0x0000000000001b0a       0x30 d:/newmounriver/mounriver/mounriver_studio/toolchain/risc-v embedded gcc/bin/../lib/gcc/riscv-none-embed/8.2.0/../../../../riscv-none-embed/lib/rv32imacxw/ilp32\libg_nano.a(lib_a-stdio.o)
                0x0000000000001b0a                __sseek
 .text.__sclose
                0x0000000000001b3a        0x6 d:/newmounriver/mounriver/mounriver_studio/toolchain/risc-v embedded gcc/bin/../lib/gcc/riscv-none-embed/8.2.0/../../../../riscv-none-embed/lib/rv32imacxw/ilp32\libg_nano.a(lib_a-stdio.o)
                0x0000000000001b3a                __sclose
 .text._write_r
                0x0000000000001b40       0x2e d:/newmounriver/mounriver/mounriver_studio/toolchain/risc-v embedded gcc/bin/../lib/gcc/riscv-none-embed/8.2.0/../../../../riscv-none-embed/lib/rv32imacxw/ilp32\libg_nano.a(lib_a-writer.o)
                0x0000000000001b40                _write_r
 .text._close_r
                0x0000000000001b6e       0x28 d:/newmounriver/mounriver/mounriver_studio/toolchain/risc-v embedded gcc/bin/../lib/gcc/riscv-none-embed/8.2.0/../../../../riscv-none-embed/lib/rv32imacxw/ilp32\libg_nano.a(lib_a-closer.o)
                0x0000000000001b6e                _close_r
 .text._fstat_r
                0x0000000000001b96       0x2a d:/newmounriver/mounriver/mounriver_studio/toolchain/risc-v embedded gcc/bin/../lib/gcc/riscv-none-embed/8.2.0/../../../../riscv-none-embed/lib/rv32imacxw/ilp32\libg_nano.a(lib_a-fstatr.o)
                0x0000000000001b96                _fstat_r
 .text._isatty_r
                0x0000000000001bc0       0x28 d:/newmounriver/mounriver/mounriver_studio/toolchain/risc-v embedded gcc/bin/../lib/gcc/riscv-none-embed/8.2.0/../../../../riscv-none-embed/lib/rv32imacxw/ilp32\libg_nano.a(lib_a-isattyr.o)
                0x0000000000001bc0                _isatty_r
 .text._lseek_r
                0x0000000000001be8       0x2c d:/newmounriver/mounriver/mounriver_studio/toolchain/risc-v embedded gcc/bin/../lib/gcc/riscv-none-embed/8.2.0/../../../../riscv-none-embed/lib/rv32imacxw/ilp32\libg_nano.a(lib_a-lseekr.o)
                0x0000000000001be8                _lseek_r
 .text.memchr   0x0000000000001c14       0x18 d:/newmounriver/mounriver/mounriver_studio/toolchain/risc-v embedded gcc/bin/../lib/gcc/riscv-none-embed/8.2.0/../../../../riscv-none-embed/lib/rv32imacxw/ilp32\libg_nano.a(lib_a-memchr.o)
                0x0000000000001c14                memchr
 .text.__malloc_lock
                0x0000000000001c2c        0x2 d:/newmounriver/mounriver/mounriver_studio/toolchain/risc-v embedded gcc/bin/../lib/gcc/riscv-none-embed/8.2.0/../../../../riscv-none-embed/lib/rv32imacxw/ilp32\libg_nano.a(lib_a-mlock.o)
                0x0000000000001c2c                __malloc_lock
 .text.__malloc_unlock
                0x0000000000001c2e        0x2 d:/newmounriver/mounriver/mounriver_studio/toolchain/risc-v embedded gcc/bin/../lib/gcc/riscv-none-embed/8.2.0/../../../../riscv-none-embed/lib/rv32imacxw/ilp32\libg_nano.a(lib_a-mlock.o)
                0x0000000000001c2e                __malloc_unlock
 .text._read_r  0x0000000000001c30       0x2c d:/newmounriver/mounriver/mounriver_studio/toolchain/risc-v embedded gcc/bin/../lib/gcc/riscv-none-embed/8.2.0/../../../../riscv-none-embed/lib/rv32imacxw/ilp32\libg_nano.a(lib_a-readr.o)
                0x0000000000001c30                _read_r
 .text._close   0x0000000000001c5c        0xc d:/newmounriver/mounriver/mounriver_studio/toolchain/risc-v embedded gcc/bin/../lib/gcc/riscv-none-embed/8.2.0/../../../../riscv-none-embed/lib/rv32imacxw/ilp32\libnosys.a(close.o)
                0x0000000000001c5c                _close
 .text._fstat   0x0000000000001c68        0xc d:/newmounriver/mounriver/mounriver_studio/toolchain/risc-v embedded gcc/bin/../lib/gcc/riscv-none-embed/8.2.0/../../../../riscv-none-embed/lib/rv32imacxw/ilp32\libnosys.a(fstat.o)
                0x0000000000001c68                _fstat
 .text._isatty  0x0000000000001c74        0xc d:/newmounriver/mounriver/mounriver_studio/toolchain/risc-v embedded gcc/bin/../lib/gcc/riscv-none-embed/8.2.0/../../../../riscv-none-embed/lib/rv32imacxw/ilp32\libnosys.a(isatty.o)
                0x0000000000001c74                _isatty
 .text._lseek   0x0000000000001c80        0xc d:/newmounriver/mounriver/mounriver_studio/toolchain/risc-v embedded gcc/bin/../lib/gcc/riscv-none-embed/8.2.0/../../../../riscv-none-embed/lib/rv32imacxw/ilp32\libnosys.a(lseek.o)
                0x0000000000001c80                _lseek
 .text._read    0x0000000000001c8c        0xc d:/newmounriver/mounriver/mounriver_studio/toolchain/risc-v embedded gcc/bin/../lib/gcc/riscv-none-embed/8.2.0/../../../../riscv-none-embed/lib/rv32imacxw/ilp32\libnosys.a(read.o)
                0x0000000000001c8c                _read
 *(.rodata)
 *(.rodata*)
 *fill*         0x0000000000001c98        0x0 
 .rodata.main.str1.4
                0x0000000000001c98       0x28 ./User/main.o
 .rodata.__sf_fake_stderr
                0x0000000000001cc0       0x20 d:/newmounriver/mounriver/mounriver_studio/toolchain/risc-v embedded gcc/bin/../lib/gcc/riscv-none-embed/8.2.0/../../../../riscv-none-embed/lib/rv32imacxw/ilp32\libg_nano.a(lib_a-findfp.o)
                0x0000000000001cc0                __sf_fake_stderr
 .rodata.__sf_fake_stdin
                0x0000000000001ce0       0x20 d:/newmounriver/mounriver/mounriver_studio/toolchain/risc-v embedded gcc/bin/../lib/gcc/riscv-none-embed/8.2.0/../../../../riscv-none-embed/lib/rv32imacxw/ilp32\libg_nano.a(lib_a-findfp.o)
                0x0000000000001ce0                __sf_fake_stdin
 .rodata.__sf_fake_stdout
                0x0000000000001d00       0x20 d:/newmounriver/mounriver/mounriver_studio/toolchain/risc-v embedded gcc/bin/../lib/gcc/riscv-none-embed/8.2.0/../../../../riscv-none-embed/lib/rv32imacxw/ilp32\libg_nano.a(lib_a-findfp.o)
                0x0000000000001d00                __sf_fake_stdout
 .rodata._vfprintf_r.str1.4
                0x0000000000001d20       0x13 d:/newmounriver/mounriver/mounriver_studio/toolchain/risc-v embedded gcc/bin/../lib/gcc/riscv-none-embed/8.2.0/../../../../riscv-none-embed/lib/rv32imacxw/ilp32\libg_nano.a(lib_a-nano-vfprintf.o)
 *fill*         0x0000000000001d33        0x1 
 .rodata._printf_i.str1.4
                0x0000000000001d34       0x28 d:/newmounriver/mounriver/mounriver_studio/toolchain/risc-v embedded gcc/bin/../lib/gcc/riscv-none-embed/8.2.0/../../../../riscv-none-embed/lib/rv32imacxw/ilp32\libg_nano.a(lib_a-nano-vfprintf_i.o)
                                         0x25 (size before relaxing)
 *(.gnu.linkonce.t.*)
                0x0000000000001d5c                . = ALIGN (0x4)

.rela.dyn       0x0000000000001d5c        0x0
 .rela.init     0x0000000000001d5c        0x0 ./User/ch32v30x_it.o
 .rela.vector   0x0000000000001d5c        0x0 ./User/ch32v30x_it.o
 .rela.text.handle_reset
                0x0000000000001d5c        0x0 ./User/ch32v30x_it.o
 .rela.text._sbrk
                0x0000000000001d5c        0x0 ./User/ch32v30x_it.o
 .rela.sdata.curbrk.5216
                0x0000000000001d5c        0x0 ./User/ch32v30x_it.o
 .rela.text.__libc_fini_array
                0x0000000000001d5c        0x0 ./User/ch32v30x_it.o
 .rela.text.__libc_init_array
                0x0000000000001d5c        0x0 ./User/ch32v30x_it.o
 .rela.text.__register_exitproc
                0x0000000000001d5c        0x0 ./User/ch32v30x_it.o
 .rela.text.startup.register_fini
                0x0000000000001d5c        0x0 ./User/ch32v30x_it.o
 .rela.text._vfprintf_r
                0x0000000000001d5c        0x0 ./User/ch32v30x_it.o
 .rela.text._sbrk_r
                0x0000000000001d5c        0x0 ./User/ch32v30x_it.o
 .rela.text._write_r
                0x0000000000001d5c        0x0 ./User/ch32v30x_it.o
 .rela.text._close_r
                0x0000000000001d5c        0x0 ./User/ch32v30x_it.o
 .rela.text._fstat_r
                0x0000000000001d5c        0x0 ./User/ch32v30x_it.o
 .rela.text._isatty_r
                0x0000000000001d5c        0x0 ./User/ch32v30x_it.o
 .rela.text._lseek_r
                0x0000000000001d5c        0x0 ./User/ch32v30x_it.o
 .rela.text._read_r
                0x0000000000001d5c        0x0 ./User/ch32v30x_it.o
 .rela.text._close
                0x0000000000001d5c        0x0 ./User/ch32v30x_it.o
 .rela.text._fstat
                0x0000000000001d5c        0x0 ./User/ch32v30x_it.o
 .rela.text._isatty
                0x0000000000001d5c        0x0 ./User/ch32v30x_it.o
 .rela.text._lseek
                0x0000000000001d5c        0x0 ./User/ch32v30x_it.o
 .rela.text._read
                0x0000000000001d5c        0x0 ./User/ch32v30x_it.o

.fini           0x0000000000001d5c        0x0
 *(SORT_NONE(.fini))
                0x0000000000001d5c                . = ALIGN (0x4)
                [!provide]                        PROVIDE (_etext = .)
                [!provide]                        PROVIDE (_eitcm = .)

.preinit_array  0x0000000000001d5c        0x0
                0x0000000000001d5c                PROVIDE (__preinit_array_start = .)
 *(.preinit_array)
                0x0000000000001d5c                PROVIDE (__preinit_array_end = .)

.init_array     0x0000000000001d5c        0x4
                0x0000000000001d5c                PROVIDE (__init_array_start = .)
 *(SORT_BY_INIT_PRIORITY(.init_array.*) SORT_BY_INIT_PRIORITY(.ctors.*))
 .init_array.00000
                0x0000000000001d5c        0x4 d:/newmounriver/mounriver/mounriver_studio/toolchain/risc-v embedded gcc/bin/../lib/gcc/riscv-none-embed/8.2.0/../../../../riscv-none-embed/lib/rv32imacxw/ilp32\libg_nano.a(lib_a-__call_atexit.o)
 *(.init_array EXCLUDE_FILE(*crtend?.o *crtend.o *crtbegin?.o *crtbegin.o) .ctors)
                0x0000000000001d60                PROVIDE (__init_array_end = .)

.fini_array     0x0000000000001d60        0x0
                0x0000000000001d60                PROVIDE (__fini_array_start = .)
 *(SORT_BY_INIT_PRIORITY(.fini_array.*) SORT_BY_INIT_PRIORITY(.dtors.*))
 *(.fini_array EXCLUDE_FILE(*crtend?.o *crtend.o *crtbegin?.o *crtbegin.o) .dtors)
                0x0000000000001d60                PROVIDE (__fini_array_end = .)

.ctors
 *crtbegin.o(.ctors)
 *crtbegin?.o(.ctors)
 *(EXCLUDE_FILE(*crtend?.o *crtend.o) .ctors)
 *(SORT_BY_NAME(.ctors.*))
 *(.ctors)

.dtors
 *crtbegin.o(.dtors)
 *crtbegin?.o(.dtors)
 *(EXCLUDE_FILE(*crtend?.o *crtend.o) .dtors)
 *(SORT_BY_NAME(.dtors.*))
 *(.dtors)

.dalign         0x0000000020000000        0x0 load address 0x0000000000001d60
                0x0000000020000000                . = ALIGN (0x4)
                0x0000000020000000                PROVIDE (_data_vma = .)

.dlalign        0x0000000000001d60        0x0
                0x0000000000001d60                . = ALIGN (0x4)
                0x0000000000001d60                PROVIDE (_data_lma = .)

.data           0x0000000020000000       0x88 load address 0x0000000000001d60
 *(.gnu.linkonce.r.*)
 *(.data .data.*)
 .data.APBAHBPrescTable
                0x0000000020000000       0x10 ./Peripheral/src/ch32v30x_rcc.o
 .data.impure_data
                0x0000000020000010       0x60 d:/newmounriver/mounriver/mounriver_studio/toolchain/risc-v embedded gcc/bin/../lib/gcc/riscv-none-embed/8.2.0/../../../../riscv-none-embed/lib/rv32imacxw/ilp32\libg_nano.a(lib_a-impure.o)
 *(.gnu.linkonce.d.*)
                0x0000000020000070                . = ALIGN (0x8)
                0x0000000020000870                PROVIDE (__global_pointer$ = (. + 0x800))
 *(.sdata .sdata.*)
 .sdata.SystemCoreClock
                0x0000000020000070        0x4 ./User/system_ch32v30x.o
                0x0000000020000070                SystemCoreClock
 .sdata.ADCPrescTable
                0x0000000020000074        0x4 ./Peripheral/src/ch32v30x_rcc.o
 .sdata.curbrk.5216
                0x0000000020000078        0x4 ./Debug/debug.o
 .sdata._impure_ptr
                0x000000002000007c        0x4 d:/newmounriver/mounriver/mounriver_studio/toolchain/risc-v embedded gcc/bin/../lib/gcc/riscv-none-embed/8.2.0/../../../../riscv-none-embed/lib/rv32imacxw/ilp32\libg_nano.a(lib_a-impure.o)
                0x000000002000007c                _impure_ptr
 *(.sdata2.*)
 .sdata2._global_impure_ptr
                0x0000000020000080        0x4 d:/newmounriver/mounriver/mounriver_studio/toolchain/risc-v embedded gcc/bin/../lib/gcc/riscv-none-embed/8.2.0/../../../../riscv-none-embed/lib/rv32imacxw/ilp32\libg_nano.a(lib_a-impure.o)
                0x0000000020000080                _global_impure_ptr
 *(.gnu.linkonce.s.*)
                0x0000000020000088                . = ALIGN (0x8)
 *fill*         0x0000000020000084        0x4 
 *(.srodata.cst16)
 *(.srodata.cst8)
 *(.srodata.cst4)
 *(.srodata.cst2)
 *(.srodata .srodata.*)
                0x0000000020000088                . = ALIGN (0x4)
                0x0000000020000088                PROVIDE (_edata = .)

.bss            0x0000000020000088       0xa4 load address 0x0000000000001de8
                0x0000000020000088                . = ALIGN (0x4)
                0x0000000020000088                PROVIDE (_sbss = .)
 *(.sbss*)
 .sbss.NVIC_Priority_Group
                0x0000000020000088        0x4 ./Peripheral/src/ch32v30x_misc.o
                0x0000000020000088                NVIC_Priority_Group
 .sbss.p_ms     0x000000002000008c        0x2 ./Debug/debug.o
 .sbss.p_us     0x000000002000008e        0x1 ./Debug/debug.o
 *fill*         0x000000002000008f        0x1 
 .sbss._global_atexit
                0x0000000020000090        0x4 d:/newmounriver/mounriver/mounriver_studio/toolchain/risc-v embedded gcc/bin/../lib/gcc/riscv-none-embed/8.2.0/../../../../riscv-none-embed/lib/rv32imacxw/ilp32\libg_nano.a(lib_a-__call_atexit.o)
                0x0000000020000090                _global_atexit
 .sbss.__malloc_free_list
                0x0000000020000094        0x4 d:/newmounriver/mounriver/mounriver_studio/toolchain/risc-v embedded gcc/bin/../lib/gcc/riscv-none-embed/8.2.0/../../../../riscv-none-embed/lib/rv32imacxw/ilp32\libg_nano.a(lib_a-nano-mallocr.o)
                0x0000000020000094                __malloc_free_list
 .sbss.__malloc_sbrk_start
                0x0000000020000098        0x4 d:/newmounriver/mounriver/mounriver_studio/toolchain/risc-v embedded gcc/bin/../lib/gcc/riscv-none-embed/8.2.0/../../../../riscv-none-embed/lib/rv32imacxw/ilp32\libg_nano.a(lib_a-nano-mallocr.o)
                0x0000000020000098                __malloc_sbrk_start
 *(.gnu.linkonce.sb.*)
 *(.bss*)
 .bss._global_atexit0
                0x000000002000009c       0x8c d:/newmounriver/mounriver/mounriver_studio/toolchain/risc-v embedded gcc/bin/../lib/gcc/riscv-none-embed/8.2.0/../../../../riscv-none-embed/lib/rv32imacxw/ilp32\libg_nano.a(lib_a-__atexit.o)
 *(.gnu.linkonce.b.*)
 *(COMMON*)
 COMMON         0x0000000020000128        0x4 d:/newmounriver/mounriver/mounriver_studio/toolchain/risc-v embedded gcc/bin/../lib/gcc/riscv-none-embed/8.2.0/../../../../riscv-none-embed/lib/rv32imacxw/ilp32\libg_nano.a(lib_a-reent.o)
                0x0000000020000128                errno
                0x000000002000012c                . = ALIGN (0x4)
                0x000000002000012c                PROVIDE (_ebss = .)
                0x000000002000012c                PROVIDE (_end = _ebss)
                [!provide]                        PROVIDE (end = .)

.stack          0x0000000020007800      0x800
                0x0000000020007800                PROVIDE (_heap_end = .)
                0x0000000020007800                . = ALIGN (0x4)
                [!provide]                        PROVIDE (_susrstack = .)
                0x0000000020008000                . = (. + __stack_size)
 *fill*         0x0000000020007800      0x800 
                0x0000000020008000                PROVIDE (_eusrstack = .)
OUTPUT(CH32V307VCT6.elf elf32-littleriscv)

.debug_info     0x0000000000000000     0x77da
 .debug_info    0x0000000000000000      0x962 ./User/ch32v30x_it.o
 .debug_info    0x0000000000000962      0x9fe ./User/main.o
 .debug_info    0x0000000000001360      0xb89 ./User/system_ch32v30x.o
 .debug_info    0x0000000000001ee9       0x22 ./Startup/startup_ch32v30x_D8C.o
 .debug_info    0x0000000000001f0b     0x1093 ./Peripheral/src/ch32v30x_gpio.o
 .debug_info    0x0000000000002f9e      0xf72 ./Peripheral/src/ch32v30x_misc.o
 .debug_info    0x0000000000003f10     0x156e ./Peripheral/src/ch32v30x_rcc.o
 .debug_info    0x000000000000547e     0x1420 ./Peripheral/src/ch32v30x_usart.o
 .debug_info    0x000000000000689e      0xf3c ./Debug/debug.o

.debug_abbrev   0x0000000000000000     0x1654
 .debug_abbrev  0x0000000000000000      0x1cf ./User/ch32v30x_it.o
 .debug_abbrev  0x00000000000001cf      0x223 ./User/main.o
 .debug_abbrev  0x00000000000003f2      0x2c0 ./User/system_ch32v30x.o
 .debug_abbrev  0x00000000000006b2       0x12 ./Startup/startup_ch32v30x_D8C.o
 .debug_abbrev  0x00000000000006c4      0x309 ./Peripheral/src/ch32v30x_gpio.o
 .debug_abbrev  0x00000000000009cd      0x2fb ./Peripheral/src/ch32v30x_misc.o
 .debug_abbrev  0x0000000000000cc8      0x351 ./Peripheral/src/ch32v30x_rcc.o
 .debug_abbrev  0x0000000000001019      0x312 ./Peripheral/src/ch32v30x_usart.o
 .debug_abbrev  0x000000000000132b      0x329 ./Debug/debug.o

.debug_aranges  0x0000000000000000      0x468
 .debug_aranges
                0x0000000000000000       0x28 ./User/ch32v30x_it.o
 .debug_aranges
                0x0000000000000028       0x20 ./User/main.o
 .debug_aranges
                0x0000000000000048       0x28 ./User/system_ch32v30x.o
 .debug_aranges
                0x0000000000000070       0x30 ./Startup/startup_ch32v30x_D8C.o
 .debug_aranges
                0x00000000000000a0       0xa8 ./Peripheral/src/ch32v30x_gpio.o
 .debug_aranges
                0x0000000000000148       0x28 ./Peripheral/src/ch32v30x_misc.o
 .debug_aranges
                0x0000000000000170      0x1a8 ./Peripheral/src/ch32v30x_rcc.o
 .debug_aranges
                0x0000000000000318      0x100 ./Peripheral/src/ch32v30x_usart.o
 .debug_aranges
                0x0000000000000418       0x50 ./Debug/debug.o

.debug_ranges   0x0000000000000000      0x430
 .debug_ranges  0x0000000000000000       0x18 ./User/ch32v30x_it.o
 .debug_ranges  0x0000000000000018       0x10 ./User/main.o
 .debug_ranges  0x0000000000000028       0x38 ./User/system_ch32v30x.o
 .debug_ranges  0x0000000000000060       0x28 ./Startup/startup_ch32v30x_D8C.o
 .debug_ranges  0x0000000000000088       0x98 ./Peripheral/src/ch32v30x_gpio.o
 .debug_ranges  0x0000000000000120       0x48 ./Peripheral/src/ch32v30x_misc.o
 .debug_ranges  0x0000000000000168      0x198 ./Peripheral/src/ch32v30x_rcc.o
 .debug_ranges  0x0000000000000300       0xf0 ./Peripheral/src/ch32v30x_usart.o
 .debug_ranges  0x00000000000003f0       0x40 ./Debug/debug.o

.debug_line     0x0000000000000000     0x5371
 .debug_line    0x0000000000000000      0x247 ./User/ch32v30x_it.o
 .debug_line    0x0000000000000247      0x36c ./User/main.o
 .debug_line    0x00000000000005b3      0x757 ./User/system_ch32v30x.o
 .debug_line    0x0000000000000d0a      0x368 ./Startup/startup_ch32v30x_D8C.o
 .debug_line    0x0000000000001072      0xd48 ./Peripheral/src/ch32v30x_gpio.o
 .debug_line    0x0000000000001dba      0x4d5 ./Peripheral/src/ch32v30x_misc.o
 .debug_line    0x000000000000228f     0x198d ./Peripheral/src/ch32v30x_rcc.o
 .debug_line    0x0000000000003c1c     0x102b ./Peripheral/src/ch32v30x_usart.o
 .debug_line    0x0000000000004c47      0x72a ./Debug/debug.o

.debug_str      0x0000000000000000     0x1d48
 .debug_str     0x0000000000000000      0x53b ./User/ch32v30x_it.o
                                        0x5a7 (size before relaxing)
 .debug_str     0x000000000000053b      0x155 ./User/main.o
                                        0x619 (size before relaxing)
 .debug_str     0x0000000000000690      0x120 ./User/system_ch32v30x.o
                                        0x6bd (size before relaxing)
 .debug_str     0x00000000000007b0       0x2e ./Startup/startup_ch32v30x_D8C.o
                                         0x5b (size before relaxing)
 .debug_str     0x00000000000007de      0x3c9 ./Peripheral/src/ch32v30x_gpio.o
                                        0x962 (size before relaxing)
 .debug_str     0x0000000000000ba7      0x6f0 ./Peripheral/src/ch32v30x_misc.o
                                        0xcbc (size before relaxing)
 .debug_str     0x0000000000001297      0x5e2 ./Peripheral/src/ch32v30x_rcc.o
                                        0xcbb (size before relaxing)
 .debug_str     0x0000000000001879      0x428 ./Peripheral/src/ch32v30x_usart.o
                                        0xb08 (size before relaxing)
 .debug_str     0x0000000000001ca1       0xa7 ./Debug/debug.o
                                        0x8fc (size before relaxing)

.comment        0x0000000000000000       0x33
 .comment       0x0000000000000000       0x33 ./User/ch32v30x_it.o
                                         0x34 (size before relaxing)
 .comment       0x0000000000000033       0x34 ./User/main.o
 .comment       0x0000000000000033       0x34 ./User/system_ch32v30x.o
 .comment       0x0000000000000033       0x34 ./Peripheral/src/ch32v30x_gpio.o
 .comment       0x0000000000000033       0x34 ./Peripheral/src/ch32v30x_misc.o
 .comment       0x0000000000000033       0x34 ./Peripheral/src/ch32v30x_rcc.o
 .comment       0x0000000000000033       0x34 ./Peripheral/src/ch32v30x_usart.o
 .comment       0x0000000000000033       0x34 ./Debug/debug.o

.debug_frame    0x0000000000000000     0x1214
 .debug_frame   0x0000000000000000       0x30 ./User/ch32v30x_it.o
 .debug_frame   0x0000000000000030       0x3c ./User/system_ch32v30x.o
 .debug_frame   0x000000000000006c      0x148 ./Peripheral/src/ch32v30x_gpio.o
 .debug_frame   0x00000000000001b4       0x30 ./Peripheral/src/ch32v30x_misc.o
 .debug_frame   0x00000000000001e4      0x344 ./Peripheral/src/ch32v30x_rcc.o
 .debug_frame   0x0000000000000528      0x204 ./Peripheral/src/ch32v30x_usart.o
 .debug_frame   0x000000000000072c       0xbc ./Debug/debug.o
 .debug_frame   0x00000000000007e8       0x20 d:/newmounriver/mounriver/mounriver_studio/toolchain/risc-v embedded gcc/bin/../lib/gcc/riscv-none-embed/8.2.0/../../../../riscv-none-embed/lib/rv32imacxw/ilp32\libg_nano.a(lib_a-atexit.o)
 .debug_frame   0x0000000000000808       0x38 d:/newmounriver/mounriver/mounriver_studio/toolchain/risc-v embedded gcc/bin/../lib/gcc/riscv-none-embed/8.2.0/../../../../riscv-none-embed/lib/rv32imacxw/ilp32\libg_nano.a(lib_a-fini.o)
 .debug_frame   0x0000000000000840       0x3c d:/newmounriver/mounriver/mounriver_studio/toolchain/risc-v embedded gcc/bin/../lib/gcc/riscv-none-embed/8.2.0/../../../../riscv-none-embed/lib/rv32imacxw/ilp32\libg_nano.a(lib_a-init.o)
 .debug_frame   0x000000000000087c       0x54 d:/newmounriver/mounriver/mounriver_studio/toolchain/risc-v embedded gcc/bin/../lib/gcc/riscv-none-embed/8.2.0/../../../../riscv-none-embed/lib/rv32imacxw/ilp32\libg_nano.a(lib_a-printf.o)
 .debug_frame   0x00000000000008d0       0x54 d:/newmounriver/mounriver/mounriver_studio/toolchain/risc-v embedded gcc/bin/../lib/gcc/riscv-none-embed/8.2.0/../../../../riscv-none-embed/lib/rv32imacxw/ilp32\libg_nano.a(lib_a-puts.o)
 .debug_frame   0x0000000000000924       0x50 d:/newmounriver/mounriver/mounriver_studio/toolchain/risc-v embedded gcc/bin/../lib/gcc/riscv-none-embed/8.2.0/../../../../riscv-none-embed/lib/rv32imacxw/ilp32\libg_nano.a(lib_a-wbuf.o)
 .debug_frame   0x0000000000000974       0x3c d:/newmounriver/mounriver/mounriver_studio/toolchain/risc-v embedded gcc/bin/../lib/gcc/riscv-none-embed/8.2.0/../../../../riscv-none-embed/lib/rv32imacxw/ilp32\libg_nano.a(lib_a-wsetup.o)
 .debug_frame   0x00000000000009b0       0x20 d:/newmounriver/mounriver/mounriver_studio/toolchain/risc-v embedded gcc/bin/../lib/gcc/riscv-none-embed/8.2.0/../../../../riscv-none-embed/lib/rv32imacxw/ilp32\libg_nano.a(lib_a-__atexit.o)
 .debug_frame   0x00000000000009d0       0x64 d:/newmounriver/mounriver/mounriver_studio/toolchain/risc-v embedded gcc/bin/../lib/gcc/riscv-none-embed/8.2.0/../../../../riscv-none-embed/lib/rv32imacxw/ilp32\libg_nano.a(lib_a-__call_atexit.o)
 .debug_frame   0x0000000000000a34       0x7c d:/newmounriver/mounriver/mounriver_studio/toolchain/risc-v embedded gcc/bin/../lib/gcc/riscv-none-embed/8.2.0/../../../../riscv-none-embed/lib/rv32imacxw/ilp32\libg_nano.a(lib_a-fflush.o)
 .debug_frame   0x0000000000000ab0      0x148 d:/newmounriver/mounriver/mounriver_studio/toolchain/risc-v embedded gcc/bin/../lib/gcc/riscv-none-embed/8.2.0/../../../../riscv-none-embed/lib/rv32imacxw/ilp32\libg_nano.a(lib_a-findfp.o)
 .debug_frame   0x0000000000000bf8       0x88 d:/newmounriver/mounriver/mounriver_studio/toolchain/risc-v embedded gcc/bin/../lib/gcc/riscv-none-embed/8.2.0/../../../../riscv-none-embed/lib/rv32imacxw/ilp32\libg_nano.a(lib_a-fwalk.o)
 .debug_frame   0x0000000000000c80       0x64 d:/newmounriver/mounriver/mounriver_studio/toolchain/risc-v embedded gcc/bin/../lib/gcc/riscv-none-embed/8.2.0/../../../../riscv-none-embed/lib/rv32imacxw/ilp32\libg_nano.a(lib_a-makebuf.o)
 .debug_frame   0x0000000000000ce4       0x40 d:/newmounriver/mounriver/mounriver_studio/toolchain/risc-v embedded gcc/bin/../lib/gcc/riscv-none-embed/8.2.0/../../../../riscv-none-embed/lib/rv32imacxw/ilp32\libg_nano.a(lib_a-nano-freer.o)
 .debug_frame   0x0000000000000d24       0x40 d:/newmounriver/mounriver/mounriver_studio/toolchain/risc-v embedded gcc/bin/../lib/gcc/riscv-none-embed/8.2.0/../../../../riscv-none-embed/lib/rv32imacxw/ilp32\libg_nano.a(lib_a-nano-mallocr.o)
 .debug_frame   0x0000000000000d64       0xd0 d:/newmounriver/mounriver/mounriver_studio/toolchain/risc-v embedded gcc/bin/../lib/gcc/riscv-none-embed/8.2.0/../../../../riscv-none-embed/lib/rv32imacxw/ilp32\libg_nano.a(lib_a-nano-vfprintf.o)
 .debug_frame   0x0000000000000e34       0x8c d:/newmounriver/mounriver/mounriver_studio/toolchain/risc-v embedded gcc/bin/../lib/gcc/riscv-none-embed/8.2.0/../../../../riscv-none-embed/lib/rv32imacxw/ilp32\libg_nano.a(lib_a-nano-vfprintf_i.o)
 .debug_frame   0x0000000000000ec0       0x30 d:/newmounriver/mounriver/mounriver_studio/toolchain/risc-v embedded gcc/bin/../lib/gcc/riscv-none-embed/8.2.0/../../../../riscv-none-embed/lib/rv32imacxw/ilp32\libg_nano.a(lib_a-sbrkr.o)
 .debug_frame   0x0000000000000ef0       0xa4 d:/newmounriver/mounriver/mounriver_studio/toolchain/risc-v embedded gcc/bin/../lib/gcc/riscv-none-embed/8.2.0/../../../../riscv-none-embed/lib/rv32imacxw/ilp32\libg_nano.a(lib_a-stdio.o)
 .debug_frame   0x0000000000000f94       0x30 d:/newmounriver/mounriver/mounriver_studio/toolchain/risc-v embedded gcc/bin/../lib/gcc/riscv-none-embed/8.2.0/../../../../riscv-none-embed/lib/rv32imacxw/ilp32\libg_nano.a(lib_a-writer.o)
 .debug_frame   0x0000000000000fc4       0x30 d:/newmounriver/mounriver/mounriver_studio/toolchain/risc-v embedded gcc/bin/../lib/gcc/riscv-none-embed/8.2.0/../../../../riscv-none-embed/lib/rv32imacxw/ilp32\libg_nano.a(lib_a-closer.o)
 .debug_frame   0x0000000000000ff4       0x30 d:/newmounriver/mounriver/mounriver_studio/toolchain/risc-v embedded gcc/bin/../lib/gcc/riscv-none-embed/8.2.0/../../../../riscv-none-embed/lib/rv32imacxw/ilp32\libg_nano.a(lib_a-fstatr.o)
 .debug_frame   0x0000000000001024       0x30 d:/newmounriver/mounriver/mounriver_studio/toolchain/risc-v embedded gcc/bin/../lib/gcc/riscv-none-embed/8.2.0/../../../../riscv-none-embed/lib/rv32imacxw/ilp32\libg_nano.a(lib_a-isattyr.o)
 .debug_frame   0x0000000000001054       0x30 d:/newmounriver/mounriver/mounriver_studio/toolchain/risc-v embedded gcc/bin/../lib/gcc/riscv-none-embed/8.2.0/../../../../riscv-none-embed/lib/rv32imacxw/ilp32\libg_nano.a(lib_a-lseekr.o)
 .debug_frame   0x0000000000001084       0x20 d:/newmounriver/mounriver/mounriver_studio/toolchain/risc-v embedded gcc/bin/../lib/gcc/riscv-none-embed/8.2.0/../../../../riscv-none-embed/lib/rv32imacxw/ilp32\libg_nano.a(lib_a-memchr.o)
 .debug_frame   0x00000000000010a4       0x30 d:/newmounriver/mounriver/mounriver_studio/toolchain/risc-v embedded gcc/bin/../lib/gcc/riscv-none-embed/8.2.0/../../../../riscv-none-embed/lib/rv32imacxw/ilp32\libg_nano.a(lib_a-mlock.o)
 .debug_frame   0x00000000000010d4       0x30 d:/newmounriver/mounriver/mounriver_studio/toolchain/risc-v embedded gcc/bin/../lib/gcc/riscv-none-embed/8.2.0/../../../../riscv-none-embed/lib/rv32imacxw/ilp32\libg_nano.a(lib_a-readr.o)
 .debug_frame   0x0000000000001104       0x70 d:/newmounriver/mounriver/mounriver_studio/toolchain/risc-v embedded gcc/bin/../lib/gcc/riscv-none-embed/8.2.0/../../../../riscv-none-embed/lib/rv32imacxw/ilp32\libg_nano.a(lib_a-reent.o)
 .debug_frame   0x0000000000001174       0x20 d:/newmounriver/mounriver/mounriver_studio/toolchain/risc-v embedded gcc/bin/../lib/gcc/riscv-none-embed/8.2.0/../../../../riscv-none-embed/lib/rv32imacxw/ilp32\libnosys.a(close.o)
 .debug_frame   0x0000000000001194       0x20 d:/newmounriver/mounriver/mounriver_studio/toolchain/risc-v embedded gcc/bin/../lib/gcc/riscv-none-embed/8.2.0/../../../../riscv-none-embed/lib/rv32imacxw/ilp32\libnosys.a(fstat.o)
 .debug_frame   0x00000000000011b4       0x20 d:/newmounriver/mounriver/mounriver_studio/toolchain/risc-v embedded gcc/bin/../lib/gcc/riscv-none-embed/8.2.0/../../../../riscv-none-embed/lib/rv32imacxw/ilp32\libnosys.a(isatty.o)
 .debug_frame   0x00000000000011d4       0x20 d:/newmounriver/mounriver/mounriver_studio/toolchain/risc-v embedded gcc/bin/../lib/gcc/riscv-none-embed/8.2.0/../../../../riscv-none-embed/lib/rv32imacxw/ilp32\libnosys.a(lseek.o)
 .debug_frame   0x00000000000011f4       0x20 d:/newmounriver/mounriver/mounriver_studio/toolchain/risc-v embedded gcc/bin/../lib/gcc/riscv-none-embed/8.2.0/../../../../riscv-none-embed/lib/rv32imacxw/ilp32\libnosys.a(read.o)

.debug_loc      0x0000000000000000     0x1c25
 .debug_loc     0x0000000000000000       0xda ./User/system_ch32v30x.o
 .debug_loc     0x00000000000000da      0x670 ./Peripheral/src/ch32v30x_gpio.o
 .debug_loc     0x000000000000074a       0xce ./Peripheral/src/ch32v30x_misc.o
 .debug_loc     0x0000000000000818      0xadb ./Peripheral/src/ch32v30x_rcc.o
 .debug_loc     0x00000000000012f3      0x7bb ./Peripheral/src/ch32v30x_usart.o
 .debug_loc     0x0000000000001aae      0x177 ./Debug/debug.o

.stab           0x0000000000000000       0x84
 .stab          0x0000000000000000       0x24 d:/newmounriver/mounriver/mounriver_studio/toolchain/risc-v embedded gcc/bin/../lib/gcc/riscv-none-embed/8.2.0/../../../../riscv-none-embed/lib/rv32imacxw/ilp32\libnosys.a(close.o)
 .stab          0x0000000000000024       0x18 d:/newmounriver/mounriver/mounriver_studio/toolchain/risc-v embedded gcc/bin/../lib/gcc/riscv-none-embed/8.2.0/../../../../riscv-none-embed/lib/rv32imacxw/ilp32\libnosys.a(fstat.o)
                                         0x24 (size before relaxing)
 .stab          0x000000000000003c       0x18 d:/newmounriver/mounriver/mounriver_studio/toolchain/risc-v embedded gcc/bin/../lib/gcc/riscv-none-embed/8.2.0/../../../../riscv-none-embed/lib/rv32imacxw/ilp32\libnosys.a(isatty.o)
                                         0x24 (size before relaxing)
 .stab          0x0000000000000054       0x18 d:/newmounriver/mounriver/mounriver_studio/toolchain/risc-v embedded gcc/bin/../lib/gcc/riscv-none-embed/8.2.0/../../../../riscv-none-embed/lib/rv32imacxw/ilp32\libnosys.a(lseek.o)
                                         0x24 (size before relaxing)
 .stab          0x000000000000006c       0x18 d:/newmounriver/mounriver/mounriver_studio/toolchain/risc-v embedded gcc/bin/../lib/gcc/riscv-none-embed/8.2.0/../../../../riscv-none-embed/lib/rv32imacxw/ilp32\libnosys.a(read.o)
                                         0x24 (size before relaxing)

.stabstr        0x0000000000000000      0x117
 .stabstr       0x0000000000000000      0x117 d:/newmounriver/mounriver/mounriver_studio/toolchain/risc-v embedded gcc/bin/../lib/gcc/riscv-none-embed/8.2.0/../../../../riscv-none-embed/lib/rv32imacxw/ilp32\libnosys.a(close.o)
