Archive member included to satisfy reference by file (symbol)

F:\Desktop\ch32v307\Application\8_uarts_server\bare_metal\8_uart_server\ETH\User\libwchnet.a(ethernetif.o)
                              ./User/main.o (WCHNET_SetHostname)
F:\Desktop\ch32v307\Application\8_uarts_server\bare_metal\8_uart_server\ETH\User\libwchnet.a(inet.o)
                              F:\Desktop\ch32v307\Application\8_uarts_server\bare_metal\8_uart_server\ETH\User\libwchnet.a(ethernetif.o) (htons)
F:\Desktop\ch32v307\Application\8_uarts_server\bare_metal\8_uart_server\ETH\User\libwchnet.a(ip_frag.o)
                              F:\Desktop\ch32v307\Application\8_uarts_server\bare_metal\8_uart_server\ETH\User\libwchnet.a(ethernetif.o) (ip_reass_tmr)
F:\Desktop\ch32v307\Application\8_uarts_server\bare_metal\8_uart_server\ETH\User\libwchnet.a(init.o)
                              F:\Desktop\ch32v307\Application\8_uarts_server\bare_metal\8_uart_server\ETH\User\libwchnet.a(ethernetif.o) (lwip_init)
F:\Desktop\ch32v307\Application\8_uarts_server\bare_metal\8_uart_server\ETH\User\libwchnet.a(mem.o)
                              F:\Desktop\ch32v307\Application\8_uarts_server\bare_metal\8_uart_server\ETH\User\libwchnet.a(init.o) (mem_init)
F:\Desktop\ch32v307\Application\8_uarts_server\bare_metal\8_uart_server\ETH\User\libwchnet.a(memp.o)
                              F:\Desktop\ch32v307\Application\8_uarts_server\bare_metal\8_uart_server\ETH\User\libwchnet.a(init.o) (memp_init)
F:\Desktop\ch32v307\Application\8_uarts_server\bare_metal\8_uart_server\ETH\User\libwchnet.a(netif.o)
                              F:\Desktop\ch32v307\Application\8_uarts_server\bare_metal\8_uart_server\ETH\User\libwchnet.a(ethernetif.o) (netif_add)
F:\Desktop\ch32v307\Application\8_uarts_server\bare_metal\8_uart_server\ETH\User\libwchnet.a(pbuf.o)
                              F:\Desktop\ch32v307\Application\8_uarts_server\bare_metal\8_uart_server\ETH\User\libwchnet.a(ethernetif.o) (pbuf_header)
F:\Desktop\ch32v307\Application\8_uarts_server\bare_metal\8_uart_server\ETH\User\libwchnet.a(tcp.o)
                              F:\Desktop\ch32v307\Application\8_uarts_server\bare_metal\8_uart_server\ETH\User\libwchnet.a(ethernetif.o) (tcp_tmr)
F:\Desktop\ch32v307\Application\8_uarts_server\bare_metal\8_uart_server\ETH\User\libwchnet.a(tcp_out.o)
                              F:\Desktop\ch32v307\Application\8_uarts_server\bare_metal\8_uart_server\ETH\User\libwchnet.a(tcp.o) (tcp_enqueue)
F:\Desktop\ch32v307\Application\8_uarts_server\bare_metal\8_uart_server\ETH\User\libwchnet.a(eth_driver.o)
                              ./User/main.o (WCH_GetMac)
F:\Desktop\ch32v307\Application\8_uarts_server\bare_metal\8_uart_server\ETH\User\libwchnet.a(ipcheck.o)
                              F:\Desktop\ch32v307\Application\8_uarts_server\bare_metal\8_uart_server\ETH\User\libwchnet.a(ethernetif.o) (IPCheckTmr)
F:\Desktop\ch32v307\Application\8_uarts_server\bare_metal\8_uart_server\ETH\User\libwchnet.a(socket.o)
                              ./User/main.o (WCHNET_Init)
F:\Desktop\ch32v307\Application\8_uarts_server\bare_metal\8_uart_server\ETH\User\libwchnet.a(wchnet_dns.o)
                              F:\Desktop\ch32v307\Application\8_uarts_server\bare_metal\8_uart_server\ETH\User\libwchnet.a(ethernetif.o) (DNSInf)
F:\Desktop\ch32v307\Application\8_uarts_server\bare_metal\8_uart_server\ETH\User\libwchnet.a(etharp.o)
                              F:\Desktop\ch32v307\Application\8_uarts_server\bare_metal\8_uart_server\ETH\User\libwchnet.a(ethernetif.o) (etharp_tmr)
F:\Desktop\ch32v307\Application\8_uarts_server\bare_metal\8_uart_server\ETH\User\libwchnet.a(icmp.o)
                              F:\Desktop\ch32v307\Application\8_uarts_server\bare_metal\8_uart_server\ETH\User\libwchnet.a(ip_frag.o) (icmp_time_exceeded)
F:\Desktop\ch32v307\Application\8_uarts_server\bare_metal\8_uart_server\ETH\User\libwchnet.a(inet_chksum.o)
                              F:\Desktop\ch32v307\Application\8_uarts_server\bare_metal\8_uart_server\ETH\User\libwchnet.a(tcp_out.o) (inet_chksum_pseudo)
F:\Desktop\ch32v307\Application\8_uarts_server\bare_metal\8_uart_server\ETH\User\libwchnet.a(ip.o)
                              F:\Desktop\ch32v307\Application\8_uarts_server\bare_metal\8_uart_server\ETH\User\libwchnet.a(tcp.o) (ip_route)
F:\Desktop\ch32v307\Application\8_uarts_server\bare_metal\8_uart_server\ETH\User\libwchnet.a(ip_addr.o)
                              F:\Desktop\ch32v307\Application\8_uarts_server\bare_metal\8_uart_server\ETH\User\libwchnet.a(socket.o) (ip_addr_isbroadcast)
F:\Desktop\ch32v307\Application\8_uarts_server\bare_metal\8_uart_server\ETH\User\libwchnet.a(raw.o)
                              F:\Desktop\ch32v307\Application\8_uarts_server\bare_metal\8_uart_server\ETH\User\libwchnet.a(ip.o) (raw_input)
F:\Desktop\ch32v307\Application\8_uarts_server\bare_metal\8_uart_server\ETH\User\libwchnet.a(tcp_in.o)
[...]
Memory Configuration

Name             Origin             Length             Attributes
FLASH            0x0000000000000000 0x0000000000030000 xr
RAM              0x0000000020000000 0x0000000000020000 xrw
*default*        0x0000000000000000 0xffffffffffffffff

Linker script and memory map

LOAD ./User/bsp_uart.o
LOAD ./User/ch32v30x_it.o
LOAD ./User/main.o
LOAD ./User/system_ch32v30x.o
LOAD ./Startup/startup_ch32v30x.o
LOAD ./Peripheral/src/ch32v30x_adc.o
LOAD ./Peripheral/src/ch32v30x_bkp.o
LOAD ./Peripheral/src/ch32v30x_can.o
LOAD ./Peripheral/src/ch32v30x_crc.o
LOAD ./Peripheral/src/ch32v30x_dac.o
LOAD ./Peripheral/src/ch32v30x_dbgmcu.o
LOAD ./Peripheral/src/ch32v30x_dma.o
LOAD ./Peripheral/src/ch32v30x_dvp.o
LOAD ./Peripheral/src/ch32v30x_eth.o
LOAD ./Peripheral/src/ch32v30x_exti.o
LOAD ./Peripheral/src/ch32v30x_flash.o
LOAD ./Peripheral/src/ch32v30x_fsmc.o
LOAD ./Peripheral/src/ch32v30x_gpio.o
LOAD ./Peripheral/src/ch32v30x_i2c.o
LOAD ./Peripheral/src/ch32v30x_iwdg.o
LOAD ./Peripheral/src/ch32v30x_misc.o
LOAD ./Peripheral/src/ch32v30x_opa.o
LOAD ./Peripheral/src/ch32v30x_pwr.o
LOAD ./Peripheral/src/ch32v30x_rcc.o
LOAD ./Peripheral/src/ch32v30x_rng.o
LOAD ./Peripheral/src/ch32v30x_rtc.o
LOAD ./Peripheral/src/ch32v30x_sdio.o
LOAD ./Peripheral/src/ch32v30x_spi.o
LOAD ./Peripheral/src/ch32v30x_tim.o
LOAD ./Peripheral/src/ch32v30x_usart.o
LOAD ./Peripheral/src/ch32v30x_wwdg.o
LOAD ./Debug/debug.o
LOAD ./Core/core_riscv.o
LOAD F:\Desktop\ch32v307\Application\8_uarts_server\bare_metal\8_uart_server\ETH\User\libwchnet.a
LOAD d:/mounriver/mounriver_studio/toolchain/risc-v embedded gcc/bin/../lib/gcc/riscv-none-embed/8.2.0\libgcc.a
LOAD d:/mounriver/mounriver_studio/toolchain/risc-v embedded gcc/bin/../lib/gcc/riscv-none-embed/8.2.0/../../../../riscv-none-embed/lib\libc_nano.a
LOAD d:/mounriver/mounriver_studio/toolchain/risc-v embedded gcc/bin/../lib/gcc/riscv-none-embed/8.2.0\libgcc.a
START GROUP
LOAD d:/mounriver/mounriver_studio/toolchain/risc-v embedded gcc/bin/../lib/gcc/riscv-none-embed/8.2.0\libgcc.a
LOAD d:/mounriver/mounriver_studio/toolchain/risc-v embedded gcc/bin/../lib/gcc/riscv-none-embed/8.2.0/../../../../riscv-none-embed/lib\libc_nano.a
LOAD d:/mounriver/mounriver_studio/toolchain/risc-v embedded gcc/bin/../lib/gcc/riscv-none-embed/8.2.0/../../../../riscv-none-embed/lib\libnosys.a
END GROUP
START GROUP
LOAD d:/mounriver/mounriver_studio/toolchain/risc-v embedded gcc/bin/../lib/gcc/riscv-none-embed/8.2.0\libgcc.a
LOAD d:/mounriver/mounriver_studio/toolchain/risc-v embedded gcc/bin/../lib/gcc/riscv-none-embed/8.2.0/../../../../riscv-none-embed/lib\libc_nano.a
LOAD d:/mounriver/mounriver_studio/toolchain/risc-v embedded gcc/bin/../lib/gcc/riscv-none-embed/8.2.0/../../../../riscv-none-embed/lib\libnosys.a
END GROUP
                0x0000000000000800                __stack_size = 0x800
                [!provide]                        PROVIDE (_stack_size = __stack_size)

.init           0x0000000000000000       0x38
                0x0000000000000000                _sinit = .
                0x0000000000000000                . = ALIGN (0x4)
 *(SORT_NONE(.init))
 .init          0x0000000000000000       0x38 ./Startup/startup_ch32v30x.o
                0x0000000000000000                _start
                0x0000000000000038                . = ALIGN (0x4)
                0x0000000000000038                _einit = .

.vector         0x0000000000000038      0x1c8
 *(.vector)
 .vector        0x0000000000000038      0x1a0 ./Startup/startup_ch32v30x.o
                0x0000000000000200                . = ALIGN (0x40)
 *fill*         0x00000000000001d8       0x28 

.text           0x0000000000000200     0xa040
                0x0000000000000200                . = ALIGN (0x4)
 *(.text)
 .text          0x0000000000000200       0x60 d:/mounriver/mounriver_studio/toolchain/risc-v embedded gcc/bin/../lib/gcc/riscv-none-embed/8.2.0\libgcc.a(save-restore.o)
                0x0000000000000200                __riscv_save_12
                0x0000000000000208                __riscv_save_9
                0x0000000000000208                __riscv_save_11
                0x0000000000000208                __riscv_save_10
                0x0000000000000208                __riscv_save_8
                0x0000000000000216                __riscv_save_4
                0x0000000000000216                __riscv_save_6
                0x0000000000000216                __riscv_save_5
                0x0000000000000216                __riscv_save_7
                0x0000000000000230                __riscv_save_3
                0x0000000000000230                __riscv_save_2
                0x0000000000000230                __riscv_save_1
                0x0000000000000230                __riscv_save_0
                0x000000000000023c                __riscv_restore_12
                0x0000000000000240                __riscv_restore_11
                0x0000000000000240                __riscv_restore_9
                0x0000000000000240                __riscv_restore_10
                0x0000000000000240                __riscv_restore_8
                0x000000000000024a                __riscv_restore_5
                0x000000000000024a                __riscv_restore_7
                0x000000000000024a                __riscv_restore_6
                0x000000000000024a                __riscv_restore_4
                0x0000000000000254                __riscv_restore_3
                0x0000000000000254                __riscv_restore_0
                0x0000000000000254                __riscv_restore_2
                0x0000000000000254                __riscv_restore_1
 .text          0x0000000000000260       0xa8 d:/mounriver/mounriver_studio/toolchain/risc-v embedded gcc/bin/../lib/gcc/riscv-none-embed/8.2.0/../../../../riscv-none-embed/lib\libc_nano.a(lib_a-memset.o)
                0x0000000000000260                memset
 *(.text.*)
 .text.UART_GPIO_Init
                0x0000000000000308      0x13e ./User/bsp_uart.o
                0x0000000000000308                UART_GPIO_Init
 .text.UART_DMA_Init
                0x0000000000000446      0x364 ./User/bsp_uart.o
                0x0000000000000446                UART_DMA_Init
 .text.UART_Interrupt_Init
                0x00000000000007aa       0xe0 ./User/bsp_uart.o
                0x00000000000007aa                UART_Interrupt_Init
 .text.BSP_Uart_Init
                0x000000000000088a      0x2e0 ./User/bsp_uart.o
                0x000000000000088a                BSP_Uart_Init
 .text.NMI_Handler
                0x0000000000000b6a        0x4 ./User/ch32v30x_it.o
                0x0000000000000b6a                NMI_Handler
 .text.HardFault_Handler
                0x0000000000000b6e       0x44 ./User/ch32v30x_it.o
                0x0000000000000b6e                HardFault_Handler
 .text.ETH_IRQHandler
                0x0000000000000bb2        0x8 ./User/ch32v30x_it.o
                0x0000000000000bb2                ETH_IRQHandler
 .text.TIM2_IRQHandler
                0x0000000000000bba       0x14 ./User/ch32v30x_it.o
                0x0000000000000bba                TIM2_IRQHandler
 .text.DMA1_Channel4_IRQHandler
                0x0000000000000bce       0x32 ./User/ch32v30x_it.o
                0x0000000000000bce                DMA1_Channel4_IRQHandler
 .text.DMA1_Channel7_IRQHandler
                0x0000000000000c00       0x3a ./User/ch32v30x_it.o
                0x0000000000000c00                DMA1_Channel7_IRQHandler
 .text.DMA1_Channel2_IRQHandler
                0x0000000000000c3a       0x38 ./User/ch32v30x_it.o
                0x0000000000000c3a                DMA1_Channel2_IRQHandler
 .text.DMA2_Channel5_IRQHandler
                0x0000000000000c72       0x3a ./User/ch32v30x_it.o
                0x0000000000000c72                DMA2_Channel5_IRQHandler
 .text.DMA2_Channel4_IRQHandler
                0x0000000000000cac       0x3a ./User/ch32v30x_it.o
                0x0000000000000cac                DMA2_Channel4_IRQHandler
 .text.DMA2_Channel6_IRQHandler
                0x0000000000000ce6       0x3a ./User/ch32v30x_it.o
                0x0000000000000ce6                DMA2_Channel6_IRQHandler
 .text.DMA2_Channel8_IRQHandler
                0x0000000000000d20       0x46 ./User/ch32v30x_it.o
                0x0000000000000d20                DMA2_Channel8_IRQHandler
 .text.DMA2_Channel10_IRQHandler
                0x0000000000000d66       0x46 ./User/ch32v30x_it.o
                0x0000000000000d66                DMA2_Channel10_IRQHandler
 .text.WCHNET_LibInit
                0x0000000000000dac       0x44 ./User/main.o
                0x0000000000000dac                WCHNET_LibInit
 .text.SET_MCO  0x0000000000000df0       0x46 ./User/main.o
                0x0000000000000df0                SET_MCO
 .text.TIM2_Init
                0x0000000000000e36       0x66 ./User/main.o
                0x0000000000000e36                TIM2_Init
 .text.WCHNET_CreatTcpSocket
                0x0000000000000e9c       0x74 ./User/main.o
                0x0000000000000e9c                WCHNET_CreatTcpSocket
 .text.WCHNET_HandleSockInt
                0x0000000000000f10       0x76 ./User/main.o
                0x0000000000000f10                WCHNET_HandleSockInt
 .text.WCHNET_HandleGlobalInt
                0x0000000000000f86       0x3c ./User/main.o
                0x0000000000000f86                WCHNET_HandleGlobalInt
 .text.uart_tx  0x0000000000000fc2      0x16c ./User/main.o
                0x0000000000000fc2                uart_tx
 .text.uart_rx  0x000000000000112e       0xea ./User/main.o
                0x000000000000112e                uart_rx
 .text.startup.main
                0x0000000000001218       0x6e ./User/main.o
                0x0000000000001218                main
 .text.SystemInit
                0x0000000000001286       0xf4 ./User/system_ch32v30x.o
                0x0000000000001286                SystemInit
 .text.vector_handler
                0x000000000000137a       0xbe ./Startup/startup_ch32v30x.o
                0x000000000000137e                Ecall_M_Mode_Handler
                0x0000000000001380                Ecall_U_Mode_Handler
                0x0000000000001382                Break_Point_Handler
                0x0000000000001384                SysTick_Handler
                0x0000000000001386                SW_handler
                0x0000000000001388                WWDG_IRQHandler
                0x000000000000138a                PVD_IRQHandler
                0x000000000000138c                TAMPER_IRQHandler
                0x000000000000138e                RTC_IRQHandler
                0x0000000000001390                FLASH_IRQHandler
                0x0000000000001392                RCC_IRQHandler
                0x0000000000001394                EXTI0_IRQHandler
                0x0000000000001396                EXTI1_IRQHandler
                0x0000000000001398                EXTI2_IRQHandler
                0x000000000000139a                EXTI3_IRQHandler
                0x000000000000139c                EXTI4_IRQHandler
                0x000000000000139e                DMA1_Channel1_IRQHandler
                0x00000000000013a2                DMA1_Channel3_IRQHandler
                0x00000000000013a6                DMA1_Channel5_IRQHandler
                0x00000000000013a8                DMA1_Channel6_IRQHandler
                0x00000000000013ac                ADC1_2_IRQHandler
                0x00000000000013ae                USB_HP_CAN1_TX_IRQHandler
                0x00000000000013b0                USB_LP_CAN1_RX0_IRQHandler
                0x00000000000013b2                CAN1_RX1_IRQHandler
                0x00000000000013b4                CAN1_SCE_IRQHandler
                0x00000000000013b6                EXTI9_5_IRQHandler
                0x00000000000013b8                TIM1_BRK_IRQHandler
                0x00000000000013ba                TIM1_UP_IRQHandler
                0x00000000000013bc                TIM1_TRG_COM_IRQHandler
                0x00000000000013be                TIM1_CC_IRQHandler
                0x00000000000013c2                TIM3_IRQHandler
                0x00000000000013c4                TIM4_IRQHandler
                0x00000000000013c6                I2C1_EV_IRQHandler
                0x00000000000013c8                I2C1_ER_IRQHandler
                0x00000000000013ca                I2C2_EV_IRQHandler
                0x00000000000013cc                I2C2_ER_IRQHandler
                0x00000000000013ce                SPI1_IRQHandler
                0x00000000000013d0                SPI2_IRQHandler
                0x00000000000013d2                USART1_IRQHandler
                0x00000000000013d4                USART2_IRQHandler
                0x00000000000013d6                USART3_IRQHandler
                0x00000000000013d8                EXTI15_10_IRQHandler
                0x00000000000013da                RTCAlarm_IRQHandler
                0x00000000000013dc                USBWakeUp_IRQHandler
                0x00000000000013de                TIM8_BRK_IRQHandler
                0x00000000000013e0                TIM8_UP_IRQHandler
                0x00000000000013e2                TIM8_TRG_COM_IRQHandler
                0x00000000000013e4                TIM8_CC_IRQHandler
                0x00000000000013e6                RNG_IRQHandler
                0x00000000000013e8                FSMC_IRQHandler
                0x00000000000013ea                SDIO_IRQHandler
                0x00000000000013ec                TIM5_IRQHandler
                0x00000000000013ee                SPI3_IRQHandler
                0x00000000000013f0                UART4_IRQHandler
                0x00000000000013f2                UART5_IRQHandler
                0x00000000000013f4                TIM6_IRQHandler
                0x00000000000013f6                TIM7_IRQHandler
                0x00000000000013f8                DMA2_Channel1_IRQHandler
                0x00000000000013fa                DMA2_Channel2_IRQHandler
                0x00000000000013fc                DMA2_Channel3_IRQHandler
                0x0000000000001404                ETH_WKUP_IRQHandler
                0x0000000000001406                CAN2_TX_IRQHandler
                0x0000000000001408                CAN2_RX0_IRQHandler
                0x000000000000140a                CAN2_RX1_IRQHandler
                0x000000000000140c                CAN2_SCE_IRQHandler
                0x000000000000140e                OTG_FS_IRQHandler
                0x0000000000001410                USBHSWakeup_IRQHandler
                0x0000000000001412                USBHS_IRQHandler
                0x0000000000001414                DVP_IRQHandler
                0x0000000000001416                UART6_IRQHandler
                0x0000000000001418                UART7_IRQHandler
                0x000000000000141a                UART8_IRQHandler
                0x000000000000141c                TIM9_BRK_IRQHandler
                0x000000000000141e                TIM9_UP_IRQHandler
                0x0000000000001420                TIM9_TRG_COM_IRQHandler
                0x0000000000001422                TIM9_CC_IRQHandler
                0x0000000000001424                TIM10_BRK_IRQHandler
                0x0000000000001426                TIM10_UP_IRQHandler
                0x0000000000001428                TIM10_TRG_COM_IRQHandler
                0x000000000000142a                TIM10_CC_IRQHandler
                0x000000000000142e                DMA2_Channel7_IRQHandler
                0x0000000000001432                DMA2_Channel9_IRQHandler
                0x0000000000001436                DMA2_Channel11_IRQHandler
 .text.handle_reset
                0x0000000000001438       0x8e ./Startup/startup_ch32v30x.o
                0x0000000000001438                handle_reset
 .text.DMA_DeInit
                0x00000000000014c6      0x16c ./Peripheral/src/ch32v30x_dma.o
                0x00000000000014c6                DMA_DeInit
 .text.DMA_Init
                0x0000000000001632       0x38 ./Peripheral/src/ch32v30x_dma.o
                0x0000000000001632                DMA_Init
 .text.DMA_Cmd  0x000000000000166a       0x14 ./Peripheral/src/ch32v30x_dma.o
                0x000000000000166a                DMA_Cmd
 .text.DMA_ITConfig
                0x000000000000167e       0x12 ./Peripheral/src/ch32v30x_dma.o
                0x000000000000167e                DMA_ITConfig
 .text.DMA_GetFlagStatus
                0x0000000000001690       0x32 ./Peripheral/src/ch32v30x_dma.o
                0x0000000000001690                DMA_GetFlagStatus
 .text.DMA_ClearFlag
                0x00000000000016c2       0x2c ./Peripheral/src/ch32v30x_dma.o
                0x00000000000016c2                DMA_ClearFlag
 .text.DMA_GetITStatus
                0x00000000000016ee        0xa ./Peripheral/src/ch32v30x_dma.o
                0x00000000000016ee                DMA_GetITStatus
 .text.DMA_ClearITPendingBit
                0x00000000000016f8        0xa ./Peripheral/src/ch32v30x_dma.o
                0x00000000000016f8                DMA_ClearITPendingBit
 .text.ETH_DeInit
                0x0000000000001702       0x14 ./Peripheral/src/ch32v30x_eth.o
                0x0000000000001702                ETH_DeInit
 .text.ETH_StructInit
                0x0000000000001716       0xd8 ./Peripheral/src/ch32v30x_eth.o
                0x0000000000001716                ETH_StructInit
 .text.ETH_ReadPHYRegister
                0x00000000000017ee       0x58 ./Peripheral/src/ch32v30x_eth.o
                0x00000000000017ee                ETH_ReadPHYRegister
 .text.ETH_WritePHYRegister
                0x0000000000001846       0x52 ./Peripheral/src/ch32v30x_eth.o
                0x0000000000001846                ETH_WritePHYRegister
 .text.ETH_DMATxDescChainInit
                0x0000000000001898       0x42 ./Peripheral/src/ch32v30x_eth.o
                0x0000000000001898                ETH_DMATxDescChainInit
 .text.ETH_DMARxDescChainInit
                0x00000000000018da       0x4c ./Peripheral/src/ch32v30x_eth.o
                0x00000000000018da                ETH_DMARxDescChainInit
 .text.ETH_SoftwareReset
                0x0000000000001926        0xe ./Peripheral/src/ch32v30x_eth.o
                0x0000000000001926                ETH_SoftwareReset
 .text.ETH_DMAClearITPendingBit
                0x0000000000001934        0x8 ./Peripheral/src/ch32v30x_eth.o
                0x0000000000001934                ETH_DMAClearITPendingBit
 .text.ETH_FlushTransmitFIFO
                0x000000000000193c       0x10 ./Peripheral/src/ch32v30x_eth.o
                0x000000000000193c                ETH_FlushTransmitFIFO
 .text.ETH_Start
                0x000000000000194c       0x32 ./Peripheral/src/ch32v30x_eth.o
                0x000000000000194c                ETH_Start
 .text.ETH_DMAITConfig
                0x000000000000197e       0x1e ./Peripheral/src/ch32v30x_eth.o
                0x000000000000197e                ETH_DMAITConfig
 .text.ETH_GetCurrentTxBufferAddress
                0x000000000000199c        0x8 ./Peripheral/src/ch32v30x_eth.o
                0x000000000000199c                ETH_GetCurrentTxBufferAddress
 .text.GPIO_Init
                0x00000000000019a4       0xc0 ./Peripheral/src/ch32v30x_gpio.o
                0x00000000000019a4                GPIO_Init
 .text.GPIO_SetBits
                0x0000000000001a64        0x4 ./Peripheral/src/ch32v30x_gpio.o
                0x0000000000001a64                GPIO_SetBits
 .text.GPIO_ResetBits
                0x0000000000001a68        0x4 ./Peripheral/src/ch32v30x_gpio.o
                0x0000000000001a68                GPIO_ResetBits
 .text.NVIC_Init
                0x0000000000001a6c       0xa6 ./Peripheral/src/ch32v30x_misc.o
                0x0000000000001a6c                NVIC_Init
 .text.RCC_GetClocksFreq
                0x0000000000001b12      0x106 ./Peripheral/src/ch32v30x_rcc.o
                0x0000000000001b12                RCC_GetClocksFreq
 .text.RCC_AHBPeriphClockCmd
                0x0000000000001c18       0x1e ./Peripheral/src/ch32v30x_rcc.o
                0x0000000000001c18                RCC_AHBPeriphClockCmd
 .text.RCC_APB2PeriphClockCmd
                0x0000000000001c36       0x1e ./Peripheral/src/ch32v30x_rcc.o
                0x0000000000001c36                RCC_APB2PeriphClockCmd
 .text.RCC_APB1PeriphClockCmd
                0x0000000000001c54       0x1e ./Peripheral/src/ch32v30x_rcc.o
                0x0000000000001c54                RCC_APB1PeriphClockCmd
 .text.RCC_MCOConfig
                0x0000000000001c72        0x8 ./Peripheral/src/ch32v30x_rcc.o
                0x0000000000001c72                RCC_MCOConfig
 .text.RCC_GetFlagStatus
                0x0000000000001c7a       0x2e ./Peripheral/src/ch32v30x_rcc.o
                0x0000000000001c7a                RCC_GetFlagStatus
 .text.RCC_PREDIV2Config
                0x0000000000001ca8       0x10 ./Peripheral/src/ch32v30x_rcc.o
                0x0000000000001ca8                RCC_PREDIV2Config
 .text.RCC_PLL3Config
                0x0000000000001cb8       0x12 ./Peripheral/src/ch32v30x_rcc.o
                0x0000000000001cb8                RCC_PLL3Config
 .text.RCC_PLL3Cmd
                0x0000000000001cca       0x24 ./Peripheral/src/ch32v30x_rcc.o
                0x0000000000001cca                RCC_PLL3Cmd
 .text.RCC_AHBPeriphResetCmd
                0x0000000000001cee       0x1e ./Peripheral/src/ch32v30x_rcc.o
                0x0000000000001cee                RCC_AHBPeriphResetCmd
 .text.TIM_TimeBaseInit
                0x0000000000001d0c       0xaa ./Peripheral/src/ch32v30x_tim.o
                0x0000000000001d0c                TIM_TimeBaseInit
 .text.TIM_Cmd  0x0000000000001db6       0x18 ./Peripheral/src/ch32v30x_tim.o
                0x0000000000001db6                TIM_Cmd
 .text.TIM_ITConfig
                0x0000000000001dce       0x12 ./Peripheral/src/ch32v30x_tim.o
                0x0000000000001dce                TIM_ITConfig
 .text.TIM_ClearITPendingBit
                0x0000000000001de0        0xc ./Peripheral/src/ch32v30x_tim.o
                0x0000000000001de0                TIM_ClearITPendingBit
 .text.USART_Init
                0x0000000000001dec       0xba ./Peripheral/src/ch32v30x_usart.o
                0x0000000000001dec                USART_Init
 .text.USART_Cmd
                0x0000000000001ea6       0x16 ./Peripheral/src/ch32v30x_usart.o
                0x0000000000001ea6                USART_Cmd
 .text.USART_DMACmd
                0x0000000000001ebc       0x12 ./Peripheral/src/ch32v30x_usart.o
                0x0000000000001ebc                USART_DMACmd
 .text.USART_SendData
                0x0000000000001ece        0x8 ./Peripheral/src/ch32v30x_usart.o
                0x0000000000001ece                USART_SendData
 .text.USART_GetFlagStatus
                0x0000000000001ed6        0xa ./Peripheral/src/ch32v30x_usart.o
                0x0000000000001ed6                USART_GetFlagStatus
 .text.Delay_Init
                0x0000000000001ee0       0x26 ./Debug/debug.o
                0x0000000000001ee0                Delay_Init
 .text.Delay_Ms
                0x0000000000001f06       0x2c ./Debug/debug.o
                0x0000000000001f06                Delay_Ms
 .text._write   0x0000000000001f32       0x3a ./Debug/debug.o
                0x0000000000001f32                _write
 .text.__get_MEPC
                0x0000000000001f6c        0x6 ./Core/core_riscv.o
                0x0000000000001f6c                __get_MEPC
 .text.__get_MCAUSE
                0x0000000000001f72        0x6 ./Core/core_riscv.o
                0x0000000000001f72                __get_MCAUSE
 .text.__get_MTVAL
                0x0000000000001f78        0x6 ./Core/core_riscv.o
                0x0000000000001f78                __get_MTVAL
 .text.low_level_output
                0x0000000000001f7e       0xac F:\Desktop\ch32v307\Application\8_uarts_server\bare_metal\8_uart_server\ETH\User\libwchnet.a(ethernetif.o)
 .text.low_level_init
                0x000000000000202a       0x7a F:\Desktop\ch32v307\Application\8_uarts_server\bare_metal\8_uart_server\ETH\User\libwchnet.a(ethernetif.o)
                0x000000000000202a                low_level_init
 .text.ethernetif_init
                0x00000000000020a4       0x36 F:\Desktop\ch32v307\Application\8_uarts_server\bare_metal\8_uart_server\ETH\User\libwchnet.a(ethernetif.o)
                0x00000000000020a4                ethernetif_init
 .text.WCHNET_SetHostname
                0x00000000000020da       0x16 F:\Desktop\ch32v307\Application\8_uarts_server\bare_metal\8_uart_server\ETH\User\libwchnet.a(ethernetif.o)
                0x00000000000020da                WCHNET_SetHostname
 .text.ethernetif_input
                0x00000000000020f0      0x18c F:\Desktop\ch32v307\Application\8_uarts_server\bare_metal\8_uart_server\ETH\User\libwchnet.a(ethernetif.o)
                0x00000000000020f0                ethernetif_input
 .text.SetupNetif
                0x000000000000227c       0xb8 F:\Desktop\ch32v307\Application\8_uarts_server\bare_metal\8_uart_server\ETH\User\libwchnet.a(ethernetif.o)
                0x000000000000227c                SetupNetif
 .text.LwIPPeriodicHandle
                0x0000000000002334      0x100 F:\Desktop\ch32v307\Application\8_uarts_server\bare_metal\8_uart_server\ETH\User\libwchnet.a(ethernetif.o)
                0x0000000000002334                LwIPPeriodicHandle
 .text.htons    0x0000000000002434        0xe F:\Desktop\ch32v307\Application\8_uarts_server\bare_metal\8_uart_server\ETH\User\libwchnet.a(inet.o)
                0x0000000000002434                htons
 .text.ntohs    0x0000000000002442        0xe F:\Desktop\ch32v307\Application\8_uarts_server\bare_metal\8_uart_server\ETH\User\libwchnet.a(inet.o)
                0x0000000000002442                ntohs
 .text.htonl    0x0000000000002450       0x24 F:\Desktop\ch32v307\Application\8_uarts_server\bare_metal\8_uart_server\ETH\User\libwchnet.a(inet.o)
                0x0000000000002450                htonl
 .text.ntohl    0x0000000000002474        0xa F:\Desktop\ch32v307\Application\8_uarts_server\bare_metal\8_uart_server\ETH\User\libwchnet.a(inet.o)
                0x0000000000002474                ntohl
 .text.ip_reass_tmr
                0x000000000000247e       0xe6 F:\Desktop\ch32v307\Application\8_uarts_server\bare_metal\8_uart_server\ETH\User\libwchnet.a(ip_frag.o)
                0x000000000000247e                ip_reass_tmr
 .text.ip_reass
                0x0000000000002564      0x3d2 F:\Desktop\ch32v307\Application\8_uarts_server\bare_metal\8_uart_server\ETH\User\libwchnet.a(ip_frag.o)
                0x0000000000002564                ip_reass
 .text.ip_frag  0x0000000000002936      0x176 F:\Desktop\ch32v307\Application\8_uarts_server\bare_metal\8_uart_server\ETH\User\libwchnet.a(ip_frag.o)
                0x0000000000002936                ip_frag
 .text.lwip_init
                0x0000000000002aac       0x18 F:\Desktop\ch32v307\Application\8_uarts_server\bare_metal\8_uart_server\ETH\User\libwchnet.a(init.o)
                0x0000000000002aac                lwip_init
 .text.mem_init
                0x0000000000002ac4       0x3e F:\Desktop\ch32v307\Application\8_uarts_server\bare_metal\8_uart_server\ETH\User\libwchnet.a(mem.o)
                0x0000000000002ac4                mem_init
 .text.mem_free
                0x0000000000002b02       0x84 F:\Desktop\ch32v307\Application\8_uarts_server\bare_metal\8_uart_server\ETH\User\libwchnet.a(mem.o)
                0x0000000000002b02                mem_free
 .text.mem_realloc
                0x0000000000002b86       0xca F:\Desktop\ch32v307\Application\8_uarts_server\bare_metal\8_uart_server\ETH\User\libwchnet.a(mem.o)
                0x0000000000002b86                mem_realloc
 .text.mem_malloc
                0x0000000000002c50       0xd0 F:\Desktop\ch32v307\Application\8_uarts_server\bare_metal\8_uart_server\ETH\User\libwchnet.a(mem.o)
                0x0000000000002c50                mem_malloc
 .text.memp_init
                0x0000000000002d20       0x50 F:\Desktop\ch32v307\Application\8_uarts_server\bare_metal\8_uart_server\ETH\User\libwchnet.a(memp.o)
                0x0000000000002d20                memp_init
 .text.memp_malloc
                0x0000000000002d70       0x20 F:\Desktop\ch32v307\Application\8_uarts_server\bare_metal\8_uart_server\ETH\User\libwchnet.a(memp.o)
                0x0000000000002d70                memp_malloc
 .text.memp_free
                0x0000000000002d90       0x18 F:\Desktop\ch32v307\Application\8_uarts_server\bare_metal\8_uart_server\ETH\User\libwchnet.a(memp.o)
                0x0000000000002d90                memp_free
 .text.netif_set_ipaddr
                0x0000000000002da8       0x96 F:\Desktop\ch32v307\Application\8_uarts_server\bare_metal\8_uart_server\ETH\User\libwchnet.a(netif.o)
                0x0000000000002da8                netif_set_ipaddr
 .text.netif_set_addr
                0x0000000000002e3e       0x4c F:\Desktop\ch32v307\Application\8_uarts_server\bare_metal\8_uart_server\ETH\User\libwchnet.a(netif.o)
                0x0000000000002e3e                netif_set_addr
 .text.netif_add
                0x0000000000002e8a       0x58 F:\Desktop\ch32v307\Application\8_uarts_server\bare_metal\8_uart_server\ETH\User\libwchnet.a(netif.o)
                0x0000000000002e8a                netif_add
 .text.netif_set_default
                0x0000000000002ee2        0x6 F:\Desktop\ch32v307\Application\8_uarts_server\bare_metal\8_uart_server\ETH\User\libwchnet.a(netif.o)
                0x0000000000002ee2                netif_set_default
 .text.netif_is_up
                0x0000000000002ee8        0x8 F:\Desktop\ch32v307\Application\8_uarts_server\bare_metal\8_uart_server\ETH\User\libwchnet.a(netif.o)
                0x0000000000002ee8                netif_is_up
 .text.pbuf_header
                0x0000000000002ef0       0x6e F:\Desktop\ch32v307\Application\8_uarts_server\bare_metal\8_uart_server\ETH\User\libwchnet.a(pbuf.o)
                0x0000000000002ef0                pbuf_header
 .text.pbuf_free
                0x0000000000002f5e       0x4e F:\Desktop\ch32v307\Application\8_uarts_server\bare_metal\8_uart_server\ETH\User\libwchnet.a(pbuf.o)
                0x0000000000002f5e                pbuf_free
 .text.pbuf_alloc
                0x0000000000002fac      0x13e F:\Desktop\ch32v307\Application\8_uarts_server\bare_metal\8_uart_server\ETH\User\libwchnet.a(pbuf.o)
                0x0000000000002fac                pbuf_alloc
 .text.pbuf_realloc
                0x00000000000030ea       0x58 F:\Desktop\ch32v307\Application\8_uarts_server\bare_metal\8_uart_server\ETH\User\libwchnet.a(pbuf.o)
                0x00000000000030ea                pbuf_realloc
 .text.pbuf_clen
                0x0000000000003142       0x12 F:\Desktop\ch32v307\Application\8_uarts_server\bare_metal\8_uart_server\ETH\User\libwchnet.a(pbuf.o)
                0x0000000000003142                pbuf_clen
 .text.pbuf_ref
                0x0000000000003154        0xa F:\Desktop\ch32v307\Application\8_uarts_server\bare_metal\8_uart_server\ETH\User\libwchnet.a(pbuf.o)
                0x0000000000003154                pbuf_ref
 .text.pbuf_cat
                0x000000000000315e       0x1c F:\Desktop\ch32v307\Application\8_uarts_server\bare_metal\8_uart_server\ETH\User\libwchnet.a(pbuf.o)
                0x000000000000315e                pbuf_cat
 .text.pbuf_chain
                0x000000000000317a       0x10 F:\Desktop\ch32v307\Application\8_uarts_server\bare_metal\8_uart_server\ETH\User\libwchnet.a(pbuf.o)
                0x000000000000317a                pbuf_chain
 .text.pbuf_copy
                0x000000000000318a       0x9c F:\Desktop\ch32v307\Application\8_uarts_server\bare_metal\8_uart_server\ETH\User\libwchnet.a(pbuf.o)
                0x000000000000318a                pbuf_copy
 .text.tcp_new_port
                0x0000000000003226       0x5c F:\Desktop\ch32v307\Application\8_uarts_server\bare_metal\8_uart_server\ETH\User\libwchnet.a(tcp.o)
 .text.tcp_bind
                0x0000000000003282      0x114 F:\Desktop\ch32v307\Application\8_uarts_server\bare_metal\8_uart_server\ETH\User\libwchnet.a(tcp.o)
                0x0000000000003282                tcp_bind
 .text.tcp_update_rcv_ann_wnd
                0x0000000000003396       0x44 F:\Desktop\ch32v307\Application\8_uarts_server\bare_metal\8_uart_server\ETH\User\libwchnet.a(tcp.o)
                0x0000000000003396                tcp_update_rcv_ann_wnd
 .text.tcp_recved
                0x00000000000033da       0x46 F:\Desktop\ch32v307\Application\8_uarts_server\bare_metal\8_uart_server\ETH\User\libwchnet.a(tcp.o)
                0x00000000000033da                tcp_recved
 .text.tcp_seg_free
                0x0000000000003420       0x2a F:\Desktop\ch32v307\Application\8_uarts_server\bare_metal\8_uart_server\ETH\User\libwchnet.a(tcp.o)
                0x0000000000003420                tcp_seg_free
 .text.tcp_segs_free
                0x000000000000344a       0x1c F:\Desktop\ch32v307\Application\8_uarts_server\bare_metal\8_uart_server\ETH\User\libwchnet.a(tcp.o)
                0x000000000000344a                tcp_segs_free
 .text.tcp_seg_copy
                0x0000000000003466       0x28 F:\Desktop\ch32v307\Application\8_uarts_server\bare_metal\8_uart_server\ETH\User\libwchnet.a(tcp.o)
                0x0000000000003466                tcp_seg_copy
 .text.tcp_arg  0x000000000000348e        0x4 F:\Desktop\ch32v307\Application\8_uarts_server\bare_metal\8_uart_server\ETH\User\libwchnet.a(tcp.o)
                0x000000000000348e                tcp_arg
 .text.tcp_recv
                0x0000000000003492        0x6 F:\Desktop\ch32v307\Application\8_uarts_server\bare_metal\8_uart_server\ETH\User\libwchnet.a(tcp.o)
                0x0000000000003492                tcp_recv
 .text.tcp_sent
                0x0000000000003498        0x6 F:\Desktop\ch32v307\Application\8_uarts_server\bare_metal\8_uart_server\ETH\User\libwchnet.a(tcp.o)
                0x0000000000003498                tcp_sent
 .text.tcp_err  0x000000000000349e        0x6 F:\Desktop\ch32v307\Application\8_uarts_server\bare_metal\8_uart_server\ETH\User\libwchnet.a(tcp.o)
                0x000000000000349e                tcp_err
 .text.tcp_poll
                0x00000000000034a4        0xa F:\Desktop\ch32v307\Application\8_uarts_server\bare_metal\8_uart_server\ETH\User\libwchnet.a(tcp.o)
                0x00000000000034a4                tcp_poll
 .text.tcp_pcb_purge
                0x00000000000034ae       0x4c F:\Desktop\ch32v307\Application\8_uarts_server\bare_metal\8_uart_server\ETH\User\libwchnet.a(tcp.o)
                0x00000000000034ae                tcp_pcb_purge
 .text.tcp_slowtmr
                0x00000000000034fa      0x274 F:\Desktop\ch32v307\Application\8_uarts_server\bare_metal\8_uart_server\ETH\User\libwchnet.a(tcp.o)
                0x00000000000034fa                tcp_slowtmr
 .text.RemoveTimeWaiTCP
                0x000000000000376e       0x32 F:\Desktop\ch32v307\Application\8_uarts_server\bare_metal\8_uart_server\ETH\User\libwchnet.a(tcp.o)
                0x000000000000376e                RemoveTimeWaiTCP
 .text.tcp_pcb_remove
                0x00000000000037a0       0x72 F:\Desktop\ch32v307\Application\8_uarts_server\bare_metal\8_uart_server\ETH\User\libwchnet.a(tcp.o)
                0x00000000000037a0                tcp_pcb_remove
 .text.tcp_close
                0x0000000000003812       0xb2 F:\Desktop\ch32v307\Application\8_uarts_server\bare_metal\8_uart_server\ETH\User\libwchnet.a(tcp.o)
                0x0000000000003812                tcp_close
 .text.tcp_recv_null
                0x00000000000038c4       0x30 F:\Desktop\ch32v307\Application\8_uarts_server\bare_metal\8_uart_server\ETH\User\libwchnet.a(tcp.o)
                0x00000000000038c4                tcp_recv_null
 .text.tcp_fasttmr
                0x00000000000038f4       0x62 F:\Desktop\ch32v307\Application\8_uarts_server\bare_metal\8_uart_server\ETH\User\libwchnet.a(tcp.o)
                0x00000000000038f4                tcp_fasttmr
 .text.tcp_tmr  0x0000000000003956       0x22 F:\Desktop\ch32v307\Application\8_uarts_server\bare_metal\8_uart_server\ETH\User\libwchnet.a(tcp.o)
                0x0000000000003956                tcp_tmr
 .text.tcp_abandon
                0x0000000000003978       0x98 F:\Desktop\ch32v307\Application\8_uarts_server\bare_metal\8_uart_server\ETH\User\libwchnet.a(tcp.o)
                0x0000000000003978                tcp_abandon
 .text.tcp_next_iss
                0x0000000000003a10       0x10 F:\Desktop\ch32v307\Application\8_uarts_server\bare_metal\8_uart_server\ETH\User\libwchnet.a(tcp.o)
                0x0000000000003a10                tcp_next_iss
 .text.tcp_alloc
                0x0000000000003a20      0x138 F:\Desktop\ch32v307\Application\8_uarts_server\bare_metal\8_uart_server\ETH\User\libwchnet.a(tcp.o)
                0x0000000000003a20                tcp_alloc
 .text.tcp_new  0x0000000000003b58       0x10 F:\Desktop\ch32v307\Application\8_uarts_server\bare_metal\8_uart_server\ETH\User\libwchnet.a(tcp.o)
                0x0000000000003b58                tcp_new
 .text.tcp_eff_send_mss
                0x0000000000003b68       0x2e F:\Desktop\ch32v307\Application\8_uarts_server\bare_metal\8_uart_server\ETH\User\libwchnet.a(tcp.o)
                0x0000000000003b68                tcp_eff_send_mss
 .text.tcp_connect
                0x0000000000003b96       0xe6 F:\Desktop\ch32v307\Application\8_uarts_server\bare_metal\8_uart_server\ETH\User\libwchnet.a(tcp.o)
                0x0000000000003b96                tcp_connect
 .text.tcp_output_set_header.isra.0.constprop.1
                0x0000000000003c7c       0xcc F:\Desktop\ch32v307\Application\8_uarts_server\bare_metal\8_uart_server\ETH\User\libwchnet.a(tcp_out.o)
 .text.tcp_enqueue
                0x0000000000003d48      0x440 F:\Desktop\ch32v307\Application\8_uarts_server\bare_metal\8_uart_server\ETH\User\libwchnet.a(tcp_out.o)
                0x0000000000003d48                tcp_enqueue
 .text.tcp_send_ctrl
                0x0000000000004188       0x16 F:\Desktop\ch32v307\Application\8_uarts_server\bare_metal\8_uart_server\ETH\User\libwchnet.a(tcp_out.o)
                0x0000000000004188                tcp_send_ctrl
 .text.tcp_write
                0x000000000000419e       0x30 F:\Desktop\ch32v307\Application\8_uarts_server\bare_metal\8_uart_server\ETH\User\libwchnet.a(tcp_out.o)
                0x000000000000419e                tcp_write
 .text.tcp_send_empty_ack
                0x00000000000041ce       0x6c F:\Desktop\ch32v307\Application\8_uarts_server\bare_metal\8_uart_server\ETH\User\libwchnet.a(tcp_out.o)
                0x00000000000041ce                tcp_send_empty_ack
 .text.tcp_output
                0x000000000000423a      0x35a F:\Desktop\ch32v307\Application\8_uarts_server\bare_metal\8_uart_server\ETH\User\libwchnet.a(tcp_out.o)
                0x000000000000423a                tcp_output
 .text.tcp_rst  0x0000000000004594      0x108 F:\Desktop\ch32v307\Application\8_uarts_server\bare_metal\8_uart_server\ETH\User\libwchnet.a(tcp_out.o)
                0x0000000000004594                tcp_rst
 .text.tcp_rexmit_rto
                0x000000000000469c       0x34 F:\Desktop\ch32v307\Application\8_uarts_server\bare_metal\8_uart_server\ETH\User\libwchnet.a(tcp_out.o)
                0x000000000000469c                tcp_rexmit_rto
 .text.tcp_rexmit
                0x00000000000046d0       0x78 F:\Desktop\ch32v307\Application\8_uarts_server\bare_metal\8_uart_server\ETH\User\libwchnet.a(tcp_out.o)
                0x00000000000046d0                tcp_rexmit
 .text.tcp_rexmit_fast
                0x0000000000004748       0x5e F:\Desktop\ch32v307\Application\8_uarts_server\bare_metal\8_uart_server\ETH\User\libwchnet.a(tcp_out.o)
                0x0000000000004748                tcp_rexmit_fast
 .text.tcp_keepalive
                0x00000000000047a6       0x5e F:\Desktop\ch32v307\Application\8_uarts_server\bare_metal\8_uart_server\ETH\User\libwchnet.a(tcp_out.o)
                0x00000000000047a6                tcp_keepalive
 .text.tcp_zero_window_probe
                0x0000000000004804       0xd0 F:\Desktop\ch32v307\Application\8_uarts_server\bare_metal\8_uart_server\ETH\User\libwchnet.a(tcp_out.o)
                0x0000000000004804                tcp_zero_window_probe
 .text.WCH_GetMac
                0x00000000000048d4       0x20 F:\Desktop\ch32v307\Application\8_uarts_server\bare_metal\8_uart_server\ETH\User\libwchnet.a(eth_driver.o)
                0x00000000000048d4                WCH_GetMac
 .text.ETH_RxPkt_Handle
                0x00000000000048f4       0xe4 F:\Desktop\ch32v307\Application\8_uarts_server\bare_metal\8_uart_server\ETH\User\libwchnet.a(eth_driver.o)
                0x00000000000048f4                ETH_RxPkt_Handle
 .text.ETH_TxPkt_ChainMode
                0x00000000000049d8       0x38 F:\Desktop\ch32v307\Application\8_uarts_server\bare_metal\8_uart_server\ETH\User\libwchnet.a(eth_driver.o)
                0x00000000000049d8                ETH_TxPkt_ChainMode
 .text.mac_send
                0x0000000000004a10       0x32 F:\Desktop\ch32v307\Application\8_uarts_server\bare_metal\8_uart_server\ETH\User\libwchnet.a(eth_driver.o)
                0x0000000000004a10                mac_send
 .text.ETH_Init
                0x0000000000004a42      0x166 F:\Desktop\ch32v307\Application\8_uarts_server\bare_metal\8_uart_server\ETH\User\libwchnet.a(eth_driver.o)
                0x0000000000004a42                ETH_Init
 .text.Ethernet_LED_Configuration
                0x0000000000004ba8       0x4e F:\Desktop\ch32v307\Application\8_uarts_server\bare_metal\8_uart_server\ETH\User\libwchnet.a(eth_driver.o)
                0x0000000000004ba8                Ethernet_LED_Configuration
 .text.Ethernet_LED_LINKSET
                0x0000000000004bf6       0x28 F:\Desktop\ch32v307\Application\8_uarts_server\bare_metal\8_uart_server\ETH\User\libwchnet.a(eth_driver.o)
                0x0000000000004bf6                Ethernet_LED_LINKSET
 .text.Ethernet_LED_DATASET
                0x0000000000004c1e       0x28 F:\Desktop\ch32v307\Application\8_uarts_server\bare_metal\8_uart_server\ETH\User\libwchnet.a(eth_driver.o)
                0x0000000000004c1e                Ethernet_LED_DATASET
 .text.Ethernet_Configuration
                0x0000000000004c46       0xb0 F:\Desktop\ch32v307\Application\8_uarts_server\bare_metal\8_uart_server\ETH\User\libwchnet.a(eth_driver.o)
                0x0000000000004c46                Ethernet_Configuration
 .text.IPCheckParaInit
                0x0000000000004cf6       0x1e F:\Desktop\ch32v307\Application\8_uarts_server\bare_metal\8_uart_server\ETH\User\libwchnet.a(ipcheck.o)
                0x0000000000004cf6                IPCheckParaInit
 .text.SelIPARPSend
                0x0000000000004d14       0x38 F:\Desktop\ch32v307\Application\8_uarts_server\bare_metal\8_uart_server\ETH\User\libwchnet.a(ipcheck.o)
                0x0000000000004d14                SelIPARPSend
 .text.IPCheckTmr
                0x0000000000004d4c       0x42 F:\Desktop\ch32v307\Application\8_uarts_server\bare_metal\8_uart_server\ETH\User\libwchnet.a(ipcheck.o)
                0x0000000000004d4c                IPCheckTmr
 .text.ArpCheck
                0x0000000000004d8e       0x24 F:\Desktop\ch32v307\Application\8_uarts_server\bare_metal\8_uart_server\ETH\User\libwchnet.a(ipcheck.o)
                0x0000000000004d8e                ArpCheck
 .text.IPConflictHandle
                0x0000000000004db2       0x2e F:\Desktop\ch32v307\Application\8_uarts_server\bare_metal\8_uart_server\ETH\User\libwchnet.a(ipcheck.o)
                0x0000000000004db2                IPConflictHandle
 .text.CH563TCPError
                0x0000000000004de0        0x2 F:\Desktop\ch32v307\Application\8_uarts_server\bare_metal\8_uart_server\ETH\User\libwchnet.a(socket.o)
                0x0000000000004de0                CH563TCPError
 .text.LwipTCPSendCallBack
                0x0000000000004de2       0x3c F:\Desktop\ch32v307\Application\8_uarts_server\bare_metal\8_uart_server\ETH\User\libwchnet.a(socket.o)
                0x0000000000004de2                LwipTCPSendCallBack
 .text.LwipTCPPollCallBack
                0x0000000000004e1e        0x4 F:\Desktop\ch32v307\Application\8_uarts_server\bare_metal\8_uart_server\ETH\User\libwchnet.a(socket.o)
                0x0000000000004e1e                LwipTCPPollCallBack
 .text.SocketIPRAWReceive
                0x0000000000004e22       0xc2 F:\Desktop\ch32v307\Application\8_uarts_server\bare_metal\8_uart_server\ETH\User\libwchnet.a(socket.o)
                0x0000000000004e22                SocketIPRAWReceive
 .text.SocketUdpReceive
                0x0000000000004ee4       0xfc F:\Desktop\ch32v307\Application\8_uarts_server\bare_metal\8_uart_server\ETH\User\libwchnet.a(socket.o)
                0x0000000000004ee4                SocketUdpReceive
 .text.WCHSocketTCPReceive
                0x0000000000004fe0      0x13e F:\Desktop\ch32v307\Application\8_uarts_server\bare_metal\8_uart_server\ETH\User\libwchnet.a(socket.o)
                0x0000000000004fe0                WCHSocketTCPReceive
 .text.LwipTcpConnectedCallBack
                0x000000000000511e       0x42 F:\Desktop\ch32v307\Application\8_uarts_server\bare_metal\8_uart_server\ETH\User\libwchnet.a(socket.o)
                0x000000000000511e                LwipTcpConnectedCallBack
 .text.ErrorEncode
                0x0000000000005160       0x1a F:\Desktop\ch32v307\Application\8_uarts_server\bare_metal\8_uart_server\ETH\User\libwchnet.a(socket.o)
                0x0000000000005160                ErrorEncode
 .text.MemShortCopy
                0x000000000000517a       0x1e F:\Desktop\ch32v307\Application\8_uarts_server\bare_metal\8_uart_server\ETH\User\libwchnet.a(socket.o)
                0x000000000000517a                MemShortCopy
 .text.WCHSocketInit
                0x0000000000005198       0x4c F:\Desktop\ch32v307\Application\8_uarts_server\bare_metal\8_uart_server\ETH\User\libwchnet.a(socket.o)
                0x0000000000005198                WCHSocketInit
 .text.WCHNET_Init
                0x00000000000051e4       0xfc F:\Desktop\ch32v307\Application\8_uarts_server\bare_metal\8_uart_server\ETH\User\libwchnet.a(socket.o)
                0x00000000000051e4                WCHNET_Init
 .text.WCHNET_ConfigLIB
                0x00000000000052e0       0x20 F:\Desktop\ch32v307\Application\8_uarts_server\bare_metal\8_uart_server\ETH\User\libwchnet.a(socket.o)
                0x00000000000052e0                WCHNET_ConfigLIB
 .text.PhyDataLed_fun
                0x0000000000005300       0x40 F:\Desktop\ch32v307\Application\8_uarts_server\bare_metal\8_uart_server\ETH\User\libwchnet.a(socket.o)
                0x0000000000005300                PhyDataLed_fun
 .text.WCHNET_ETHIsr
                0x0000000000005340       0xb0 F:\Desktop\ch32v307\Application\8_uarts_server\bare_metal\8_uart_server\ETH\User\libwchnet.a(socket.o)
                0x0000000000005340                WCHNET_ETHIsr
 .text.WCHNET_TimeIsr
                0x00000000000053f0        0xc F:\Desktop\ch32v307\Application\8_uarts_server\bare_metal\8_uart_server\ETH\User\libwchnet.a(socket.o)
                0x00000000000053f0                WCHNET_TimeIsr
 .text.WCHFindCorrectTCBPcb
                0x00000000000053fc       0x5c F:\Desktop\ch32v307\Application\8_uarts_server\bare_metal\8_uart_server\ETH\User\libwchnet.a(socket.o)
                0x00000000000053fc                WCHFindCorrectTCBPcb
 .text.WCHNET_SocketCreat
                0x0000000000005458      0x1ce F:\Desktop\ch32v307\Application\8_uarts_server\bare_metal\8_uart_server\ETH\User\libwchnet.a(socket.o)
                0x0000000000005458                WCHNET_SocketCreat
 .text.tcp_recved_socket
                0x0000000000005626       0x28 F:\Desktop\ch32v307\Application\8_uarts_server\bare_metal\8_uart_server\ETH\User\libwchnet.a(socket.o)
                0x0000000000005626                tcp_recved_socket
 .text.WCHNET_SocketRecv
                0x000000000000564e      0x1d4 F:\Desktop\ch32v307\Application\8_uarts_server\bare_metal\8_uart_server\ETH\User\libwchnet.a(socket.o)
                0x000000000000564e                WCHNET_SocketRecv
 .text.WCHNET_SocketRecvLen
                0x0000000000005822       0x26 F:\Desktop\ch32v307\Application\8_uarts_server\bare_metal\8_uart_server\ETH\User\libwchnet.a(socket.o)
                0x0000000000005822                WCHNET_SocketRecvLen
 .text.SocketIPRawSend
                0x0000000000005848       0xec F:\Desktop\ch32v307\Application\8_uarts_server\bare_metal\8_uart_server\ETH\User\libwchnet.a(socket.o)
                0x0000000000005848                SocketIPRawSend
 .text.SocketUdpSend
                0x0000000000005934       0xd0 F:\Desktop\ch32v307\Application\8_uarts_server\bare_metal\8_uart_server\ETH\User\libwchnet.a(socket.o)
                0x0000000000005934                SocketUdpSend
 .text.WCHScokedIntHandle
                0x0000000000005a04       0x62 F:\Desktop\ch32v307\Application\8_uarts_server\bare_metal\8_uart_server\ETH\User\libwchnet.a(socket.o)
                0x0000000000005a04                WCHScokedIntHandle
 .text.LwipRemoveTcpPcb
                0x0000000000005a66       0xa4 F:\Desktop\ch32v307\Application\8_uarts_server\bare_metal\8_uart_server\ETH\User\libwchnet.a(socket.o)
                0x0000000000005a66                LwipRemoveTcpPcb
 .text.WCHNET_QueryGlobalInt
                0x0000000000005b0a       0x34 F:\Desktop\ch32v307\Application\8_uarts_server\bare_metal\8_uart_server\ETH\User\libwchnet.a(socket.o)
                0x0000000000005b0a                WCHNET_QueryGlobalInt
 .text.WCHNET_GetGlobalInt
                0x0000000000005b3e       0x14 F:\Desktop\ch32v307\Application\8_uarts_server\bare_metal\8_uart_server\ETH\User\libwchnet.a(socket.o)
                0x0000000000005b3e                WCHNET_GetGlobalInt
 .text.WCHNET_GetSocketInt
                0x0000000000005b52       0x24 F:\Desktop\ch32v307\Application\8_uarts_server\bare_metal\8_uart_server\ETH\User\libwchnet.a(socket.o)
                0x0000000000005b52                WCHNET_GetSocketInt
 .text.CH563IPSetSocketRecvInit
                0x0000000000005b76       0x2a F:\Desktop\ch32v307\Application\8_uarts_server\bare_metal\8_uart_server\ETH\User\libwchnet.a(socket.o)
                0x0000000000005b76                CH563IPSetSocketRecvInit
 .text.WCHNET_MainTask
                0x0000000000005ba0       0x32 F:\Desktop\ch32v307\Application\8_uarts_server\bare_metal\8_uart_server\ETH\User\libwchnet.a(socket.o)
                0x0000000000005ba0                WCHNET_MainTask
 .text.SocketTcpSend
                0x0000000000005bd2      0x11a F:\Desktop\ch32v307\Application\8_uarts_server\bare_metal\8_uart_server\ETH\User\libwchnet.a(socket.o)
                0x0000000000005bd2                SocketTcpSend
 .text.WCHNET_SocketSend
                0x0000000000005cec       0x56 F:\Desktop\ch32v307\Application\8_uarts_server\bare_metal\8_uart_server\ETH\User\libwchnet.a(socket.o)
                0x0000000000005cec                WCHNET_SocketSend
 .text.WCHNET_GetPHYStatus
                0x0000000000005d42        0xa F:\Desktop\ch32v307\Application\8_uarts_server\bare_metal\8_uart_server\ETH\User\libwchnet.a(socket.o)
                0x0000000000005d42                WCHNET_GetPHYStatus
 .text.WCHNET_SocketConnect
                0x0000000000005d4c       0x6c F:\Desktop\ch32v307\Application\8_uarts_server\bare_metal\8_uart_server\ETH\User\libwchnet.a(socket.o)
                0x0000000000005d4c                WCHNET_SocketConnect
 .text.QueryPingEnable
                0x0000000000005db8        0x4 F:\Desktop\ch32v307\Application\8_uarts_server\bare_metal\8_uart_server\ETH\User\libwchnet.a(socket.o)
                0x0000000000005db8                QueryPingEnable
 .text.LwipUnreachPort
                0x0000000000005dbc       0x1a F:\Desktop\ch32v307\Application\8_uarts_server\bare_metal\8_uart_server\ETH\User\libwchnet.a(socket.o)
                0x0000000000005dbc                LwipUnreachPort
 .text.LwipArpCheck
                0x0000000000005dd6        0xc F:\Desktop\ch32v307\Application\8_uarts_server\bare_metal\8_uart_server\ETH\User\libwchnet.a(socket.o)
                0x0000000000005dd6                LwipArpCheck
 .text.find_entry
                0x0000000000005de2      0x17e F:\Desktop\ch32v307\Application\8_uarts_server\bare_metal\8_uart_server\ETH\User\libwchnet.a(etharp.o)
 .text.update_arp_entry
                0x0000000000005f60       0xae F:\Desktop\ch32v307\Application\8_uarts_server\bare_metal\8_uart_server\ETH\User\libwchnet.a(etharp.o)
 .text.etharp_tmr
                0x000000000000600e       0x4e F:\Desktop\ch32v307\Application\8_uarts_server\bare_metal\8_uart_server\ETH\User\libwchnet.a(etharp.o)
                0x000000000000600e                etharp_tmr
 .text.etharp_ip_input
                0x000000000000605c       0x38 F:\Desktop\ch32v307\Application\8_uarts_server\bare_metal\8_uart_server\ETH\User\libwchnet.a(etharp.o)
                0x000000000000605c                etharp_ip_input
 .text.etharp_arp_input
                0x0000000000006094      0x162 F:\Desktop\ch32v307\Application\8_uarts_server\bare_metal\8_uart_server\ETH\User\libwchnet.a(etharp.o)
                0x0000000000006094                etharp_arp_input
 .text.etharp_request
                0x00000000000061f6       0xd8 F:\Desktop\ch32v307\Application\8_uarts_server\bare_metal\8_uart_server\ETH\User\libwchnet.a(etharp.o)
                0x00000000000061f6                etharp_request
 .text.etharp_query
                0x00000000000062ce       0xe4 F:\Desktop\ch32v307\Application\8_uarts_server\bare_metal\8_uart_server\ETH\User\libwchnet.a(etharp.o)
                0x00000000000062ce                etharp_query
 .text.etharp_output
                0x00000000000063b2      0x148 F:\Desktop\ch32v307\Application\8_uarts_server\bare_metal\8_uart_server\ETH\User\libwchnet.a(etharp.o)
                0x00000000000063b2                etharp_output
 .text.ethernet_input
                0x00000000000064fa       0x5a F:\Desktop\ch32v307\Application\8_uarts_server\bare_metal\8_uart_server\ETH\User\libwchnet.a(etharp.o)
                0x00000000000064fa                ethernet_input
 .text.icmp_send_response.isra.0
                0x0000000000006554       0x76 F:\Desktop\ch32v307\Application\8_uarts_server\bare_metal\8_uart_server\ETH\User\libwchnet.a(icmp.o)
 .text.icmp_input
                0x00000000000065ca      0x24e F:\Desktop\ch32v307\Application\8_uarts_server\bare_metal\8_uart_server\ETH\User\libwchnet.a(icmp.o)
                0x00000000000065ca                icmp_input
 .text.icmp_dest_unreach
                0x0000000000006818       0x14 F:\Desktop\ch32v307\Application\8_uarts_server\bare_metal\8_uart_server\ETH\User\libwchnet.a(icmp.o)
                0x0000000000006818                icmp_dest_unreach
 .text.icmp_time_exceeded
                0x000000000000682c       0x14 F:\Desktop\ch32v307\Application\8_uarts_server\bare_metal\8_uart_server\ETH\User\libwchnet.a(icmp.o)
                0x000000000000682c                icmp_time_exceeded
 .text.lwip_standard_chksum
                0x0000000000006840       0x7e F:\Desktop\ch32v307\Application\8_uarts_server\bare_metal\8_uart_server\ETH\User\libwchnet.a(inet_chksum.o)
 .text.inet_chksum_pseudo
                0x00000000000068be       0xf8 F:\Desktop\ch32v307\Application\8_uarts_server\bare_metal\8_uart_server\ETH\User\libwchnet.a(inet_chksum.o)
                0x00000000000068be                inet_chksum_pseudo
 .text.inet_chksum
                0x00000000000069b6       0x14 F:\Desktop\ch32v307\Application\8_uarts_server\bare_metal\8_uart_server\ETH\User\libwchnet.a(inet_chksum.o)
                0x00000000000069b6                inet_chksum
 .text.inet_chksum_pbuf
                0x00000000000069ca       0x6a F:\Desktop\ch32v307\Application\8_uarts_server\bare_metal\8_uart_server\ETH\User\libwchnet.a(inet_chksum.o)
                0x00000000000069ca                inet_chksum_pbuf
 .text.ip_route
                0x0000000000006a34       0x4c F:\Desktop\ch32v307\Application\8_uarts_server\bare_metal\8_uart_server\ETH\User\libwchnet.a(ip.o)
                0x0000000000006a34                ip_route
 .text.ip_input
                0x0000000000006a80      0x2b8 F:\Desktop\ch32v307\Application\8_uarts_server\bare_metal\8_uart_server\ETH\User\libwchnet.a(ip.o)
                0x0000000000006a80                ip_input
 .text.ip_output_if
                0x0000000000006d38      0x15c F:\Desktop\ch32v307\Application\8_uarts_server\bare_metal\8_uart_server\ETH\User\libwchnet.a(ip.o)
                0x0000000000006d38                ip_output_if
 .text.ip_output
                0x0000000000006e94       0x36 F:\Desktop\ch32v307\Application\8_uarts_server\bare_metal\8_uart_server\ETH\User\libwchnet.a(ip.o)
                0x0000000000006e94                ip_output
 .text.ip_addr_isbroadcast
                0x0000000000006eca       0x4a F:\Desktop\ch32v307\Application\8_uarts_server\bare_metal\8_uart_server\ETH\User\libwchnet.a(ip_addr.o)
                0x0000000000006eca                ip_addr_isbroadcast
 .text.raw_input
                0x0000000000006f14       0x68 F:\Desktop\ch32v307\Application\8_uarts_server\bare_metal\8_uart_server\ETH\User\libwchnet.a(raw.o)
                0x0000000000006f14                raw_input
 .text.raw_bind
                0x0000000000006f7c       0x1e F:\Desktop\ch32v307\Application\8_uarts_server\bare_metal\8_uart_server\ETH\User\libwchnet.a(raw.o)
                0x0000000000006f7c                raw_bind
 .text.raw_connect
                0x0000000000006f9a       0x1e F:\Desktop\ch32v307\Application\8_uarts_server\bare_metal\8_uart_server\ETH\User\libwchnet.a(raw.o)
                0x0000000000006f9a                raw_connect
 .text.raw_recv
                0x0000000000006fb8        0x6 F:\Desktop\ch32v307\Application\8_uarts_server\bare_metal\8_uart_server\ETH\User\libwchnet.a(raw.o)
                0x0000000000006fb8                raw_recv
 .text.raw_sendto
                0x0000000000006fbe       0x7e F:\Desktop\ch32v307\Application\8_uarts_server\bare_metal\8_uart_server\ETH\User\libwchnet.a(raw.o)
                0x0000000000006fbe                raw_sendto
 .text.raw_send
                0x000000000000703c       0x10 F:\Desktop\ch32v307\Application\8_uarts_server\bare_metal\8_uart_server\ETH\User\libwchnet.a(raw.o)
                0x000000000000703c                raw_send
 .text.raw_new  0x000000000000704c       0x30 F:\Desktop\ch32v307\Application\8_uarts_server\bare_metal\8_uart_server\ETH\User\libwchnet.a(raw.o)
                0x000000000000704c                raw_new
 .text.tcp_oos_insert_segment
                0x000000000000707c       0xce F:\Desktop\ch32v307\Application\8_uarts_server\bare_metal\8_uart_server\ETH\User\libwchnet.a(tcp_in.o)
 .text.tcp_receive
                0x000000000000714a      0x8e4 F:\Desktop\ch32v307\Application\8_uarts_server\bare_metal\8_uart_server\ETH\User\libwchnet.a(tcp_in.o)
 .text.tcp_parseopt.isra.0
                0x0000000000007a2e       0xa6 F:\Desktop\ch32v307\Application\8_uarts_server\bare_metal\8_uart_server\ETH\User\libwchnet.a(tcp_in.o)
 .text.tcp_input
                0x0000000000007ad4      0x9ba F:\Desktop\ch32v307\Application\8_uarts_server\bare_metal\8_uart_server\ETH\User\libwchnet.a(tcp_in.o)
                0x0000000000007ad4                tcp_input
 .text.udp_input
                0x000000000000848e      0x23a F:\Desktop\ch32v307\Application\8_uarts_server\bare_metal\8_uart_server\ETH\User\libwchnet.a(udp.o)
                0x000000000000848e                udp_input
 .text.udp_bind
                0x00000000000086c8       0x9a F:\Desktop\ch32v307\Application\8_uarts_server\bare_metal\8_uart_server\ETH\User\libwchnet.a(udp.o)
                0x00000000000086c8                udp_bind
 .text.udp_sendto_if
                0x0000000000008762       0xd8 F:\Desktop\ch32v307\Application\8_uarts_server\bare_metal\8_uart_server\ETH\User\libwchnet.a(udp.o)
                0x0000000000008762                udp_sendto_if
 .text.udp_sendto
                0x000000000000883a       0x2e F:\Desktop\ch32v307\Application\8_uarts_server\bare_metal\8_uart_server\ETH\User\libwchnet.a(udp.o)
                0x000000000000883a                udp_sendto
 .text.udp_send
                0x0000000000008868       0x12 F:\Desktop\ch32v307\Application\8_uarts_server\bare_metal\8_uart_server\ETH\User\libwchnet.a(udp.o)
                0x0000000000008868                udp_send
 .text.udp_connect
                0x000000000000887a       0x7e F:\Desktop\ch32v307\Application\8_uarts_server\bare_metal\8_uart_server\ETH\User\libwchnet.a(udp.o)
                0x000000000000887a                udp_connect
 .text.udp_recv
                0x00000000000088f8        0x6 F:\Desktop\ch32v307\Application\8_uarts_server\bare_metal\8_uart_server\ETH\User\libwchnet.a(udp.o)
                0x00000000000088f8                udp_recv
 .text.udp_new  0x00000000000088fe       0x24 F:\Desktop\ch32v307\Application\8_uarts_server\bare_metal\8_uart_server\ETH\User\libwchnet.a(udp.o)
                0x00000000000088fe                udp_new
 .text.dhcp_set_state
                0x0000000000008922        0xe F:\Desktop\ch32v307\Application\8_uarts_server\bare_metal\8_uart_server\ETH\User\libwchnet.a(wchnet_dhcp.o)
 .text.dhcp_option
                0x0000000000008930       0x20 F:\Desktop\ch32v307\Application\8_uarts_server\bare_metal\8_uart_server\ETH\User\libwchnet.a(wchnet_dhcp.o)
 .text.dhcp_option_byte
                0x0000000000008950       0x12 F:\Desktop\ch32v307\Application\8_uarts_server\bare_metal\8_uart_server\ETH\User\libwchnet.a(wchnet_dhcp.o)
 .text.dhcp_option_long
                0x0000000000008962       0x48 F:\Desktop\ch32v307\Application\8_uarts_server\bare_metal\8_uart_server\ETH\User\libwchnet.a(wchnet_dhcp.o)
 .text.dhcp_option_trailer
                0x00000000000089aa       0x34 F:\Desktop\ch32v307\Application\8_uarts_server\bare_metal\8_uart_server\ETH\User\libwchnet.a(wchnet_dhcp.o)
 .text.dhcp_create_request
                0x00000000000089de      0x17e F:\Desktop\ch32v307\Application\8_uarts_server\bare_metal\8_uart_server\ETH\User\libwchnet.a(wchnet_dhcp.o)
 .text.dhcp_delete_request
                0x0000000000008b5c       0x20 F:\Desktop\ch32v307\Application\8_uarts_server\bare_metal\8_uart_server\ETH\User\libwchnet.a(wchnet_dhcp.o)
 .text.dhcp_arp_reply
                0x0000000000008b7c      0x184 F:\Desktop\ch32v307\Application\8_uarts_server\bare_metal\8_uart_server\ETH\User\libwchnet.a(wchnet_dhcp.o)
                0x0000000000008b7c                dhcp_arp_reply
 .text.memcpy   0x0000000000008d00       0xb6 d:/mounriver/mounriver_studio/toolchain/risc-v embedded gcc/bin/../lib/gcc/riscv-none-embed/8.2.0/../../../../riscv-none-embed/lib\libc_nano.a(lib_a-memcpy.o)
                0x0000000000008d00                memcpy
 .text.printf   0x0000000000008db6       0x40 d:/mounriver/mounriver_studio/toolchain/risc-v embedded gcc/bin/../lib/gcc/riscv-none-embed/8.2.0/../../../../riscv-none-embed/lib\libc_nano.a(lib_a-printf.o)
                0x0000000000008db6                iprintf
                0x0000000000008db6                printf
 .text._puts_r  0x0000000000008df6       0xda d:/mounriver/mounriver_studio/toolchain/risc-v embedded gcc/bin/../lib/gcc/riscv-none-embed/8.2.0/../../../../riscv-none-embed/lib\libc_nano.a(lib_a-puts.o)
                0x0000000000008df6                _puts_r
 .text.puts     0x0000000000008ed0        0xc d:/mounriver/mounriver_studio/toolchain/risc-v embedded gcc/bin/../lib/gcc/riscv-none-embed/8.2.0/../../../../riscv-none-embed/lib\libc_nano.a(lib_a-puts.o)
                0x0000000000008ed0                puts
 .text.strcpy   0x0000000000008edc       0x12 d:/mounriver/mounriver_studio/toolchain/risc-v embedded gcc/bin/../lib/gcc/riscv-none-embed/8.2.0/../../../../riscv-none-embed/lib\libc_nano.a(lib_a-strcpy.o)
                0x0000000000008edc                strcpy
 .text.__swbuf_r
                0x0000000000008eee       0xc0 d:/mounriver/mounriver_studio/toolchain/risc-v embedded gcc/bin/../lib/gcc/riscv-none-embed/8.2.0/../../../../riscv-none-embed/lib\libc_nano.a(lib_a-wbuf.o)
                0x0000000000008eee                __swbuf_r
 .text.__swsetup_r
                0x0000000000008fae      0x10c d:/mounriver/mounriver_studio/toolchain/risc-v embedded gcc/bin/../lib/gcc/riscv-none-embed/8.2.0/../../../../riscv-none-embed/lib\libc_nano.a(lib_a-wsetup.o)
                0x0000000000008fae                __swsetup_r
 .text.__sflush_r
                0x00000000000090ba      0x13c d:/mounriver/mounriver_studio/toolchain/risc-v embedded gcc/bin/../lib/gcc/riscv-none-embed/8.2.0/../../../../riscv-none-embed/lib\libc_nano.a(lib_a-fflush.o)
                0x00000000000090ba                __sflush_r
 .text._fflush_r
                0x00000000000091f6       0x66 d:/mounriver/mounriver_studio/toolchain/risc-v embedded gcc/bin/../lib/gcc/riscv-none-embed/8.2.0/../../../../riscv-none-embed/lib\libc_nano.a(lib_a-fflush.o)
                0x00000000000091f6                _fflush_r
 .text.std      0x000000000000925c       0x6a d:/mounriver/mounriver_studio/toolchain/risc-v embedded gcc/bin/../lib/gcc/riscv-none-embed/8.2.0/../../../../riscv-none-embed/lib\libc_nano.a(lib_a-findfp.o)
 .text._cleanup_r
                0x00000000000092c6        0xa d:/mounriver/mounriver_studio/toolchain/risc-v embedded gcc/bin/../lib/gcc/riscv-none-embed/8.2.0/../../../../riscv-none-embed/lib\libc_nano.a(lib_a-findfp.o)
                0x00000000000092c6                _cleanup_r
 .text.__sfmoreglue
                0x00000000000092d0       0x46 d:/mounriver/mounriver_studio/toolchain/risc-v embedded gcc/bin/../lib/gcc/riscv-none-embed/8.2.0/../../../../riscv-none-embed/lib\libc_nano.a(lib_a-findfp.o)
                0x00000000000092d0                __sfmoreglue
 .text.__sinit  0x0000000000009316       0x6c d:/mounriver/mounriver_studio/toolchain/risc-v embedded gcc/bin/../lib/gcc/riscv-none-embed/8.2.0/../../../../riscv-none-embed/lib\libc_nano.a(lib_a-findfp.o)
                0x0000000000009316                __sinit
 .text.__sfp    0x0000000000009382       0xa0 d:/mounriver/mounriver_studio/toolchain/risc-v embedded gcc/bin/../lib/gcc/riscv-none-embed/8.2.0/../../../../riscv-none-embed/lib\libc_nano.a(lib_a-findfp.o)
                0x0000000000009382                __sfp
 .text._fwalk_reent
                0x0000000000009422       0x6c d:/mounriver/mounriver_studio/toolchain/risc-v embedded gcc/bin/../lib/gcc/riscv-none-embed/8.2.0/../../../../riscv-none-embed/lib\libc_nano.a(lib_a-fwalk.o)
                0x0000000000009422                _fwalk_reent
 .text.__swhatbuf_r
                0x000000000000948e       0x5a d:/mounriver/mounriver_studio/toolchain/risc-v embedded gcc/bin/../lib/gcc/riscv-none-embed/8.2.0/../../../../riscv-none-embed/lib\libc_nano.a(lib_a-makebuf.o)
                0x000000000000948e                __swhatbuf_r
 .text.__smakebuf_r
                0x00000000000094e8       0xa0 d:/mounriver/mounriver_studio/toolchain/risc-v embedded gcc/bin/../lib/gcc/riscv-none-embed/8.2.0/../../../../riscv-none-embed/lib\libc_nano.a(lib_a-makebuf.o)
                0x00000000000094e8                __smakebuf_r
 .text._free_r  0x0000000000009588       0xa8 d:/mounriver/mounriver_studio/toolchain/risc-v embedded gcc/bin/../lib/gcc/riscv-none-embed/8.2.0/../../../../riscv-none-embed/lib\libc_nano.a(lib_a-nano-freer.o)
                0x0000000000009588                _free_r
 .text._malloc_r
                0x0000000000009630       0xd4 d:/mounriver/mounriver_studio/toolchain/risc-v embedded gcc/bin/../lib/gcc/riscv-none-embed/8.2.0/../../../../riscv-none-embed/lib\libc_nano.a(lib_a-nano-mallocr.o)
                0x0000000000009630                _malloc_r
 .text.__sfputc_r
                0x0000000000009704       0x2a d:/mounriver/mounriver_studio/toolchain/risc-v embedded gcc/bin/../lib/gcc/riscv-none-embed/8.2.0/../../../../riscv-none-embed/lib\libc_nano.a(lib_a-nano-vfprintf.o)
 .text.__sfputs_r
                0x000000000000972e       0x44 d:/mounriver/mounriver_studio/toolchain/risc-v embedded gcc/bin/../lib/gcc/riscv-none-embed/8.2.0/../../../../riscv-none-embed/lib\libc_nano.a(lib_a-nano-vfprintf.o)
                0x000000000000972e                __sfputs_r
 .text._vfprintf_r
                0x0000000000009772      0x29c d:/mounriver/mounriver_studio/toolchain/risc-v embedded gcc/bin/../lib/gcc/riscv-none-embed/8.2.0/../../../../riscv-none-embed/lib\libc_nano.a(lib_a-nano-vfprintf.o)
                0x0000000000009772                _vfprintf_r
                0x0000000000009772                _vfiprintf_r
 .text._printf_common
                0x0000000000009a0e      0x10c d:/mounriver/mounriver_studio/toolchain/risc-v embedded gcc/bin/../lib/gcc/riscv-none-embed/8.2.0/../../../../riscv-none-embed/lib\libc_nano.a(lib_a-nano-vfprintf_i.o)
                0x0000000000009a0e                _printf_common
 .text._printf_i
                0x0000000000009b1a      0x2a4 d:/mounriver/mounriver_studio/toolchain/risc-v embedded gcc/bin/../lib/gcc/riscv-none-embed/8.2.0/../../../../riscv-none-embed/lib\libc_nano.a(lib_a-nano-vfprintf_i.o)
                0x0000000000009b1a                _printf_i
 .text._sbrk_r  0x0000000000009dbe       0x30 d:/mounriver/mounriver_studio/toolchain/risc-v embedded gcc/bin/../lib/gcc/riscv-none-embed/8.2.0/../../../../riscv-none-embed/lib\libc_nano.a(lib_a-sbrkr.o)
                0x0000000000009dbe                _sbrk_r
 .text.__sread  0x0000000000009dee       0x30 d:/mounriver/mounriver_studio/toolchain/risc-v embedded gcc/bin/../lib/gcc/riscv-none-embed/8.2.0/../../../../riscv-none-embed/lib\libc_nano.a(lib_a-stdio.o)
                0x0000000000009dee                __sread
 .text.__swrite
                0x0000000000009e1e       0x4e d:/mounriver/mounriver_studio/toolchain/risc-v embedded gcc/bin/../lib/gcc/riscv-none-embed/8.2.0/../../../../riscv-none-embed/lib\libc_nano.a(lib_a-stdio.o)
                0x0000000000009e1e                __swrite
 .text.__sseek  0x0000000000009e6c       0x36 d:/mounriver/mounriver_studio/toolchain/risc-v embedded gcc/bin/../lib/gcc/riscv-none-embed/8.2.0/../../../../riscv-none-embed/lib\libc_nano.a(lib_a-stdio.o)
                0x0000000000009e6c                __sseek
 .text.__sclose
                0x0000000000009ea2        0x6 d:/mounriver/mounriver_studio/toolchain/risc-v embedded gcc/bin/../lib/gcc/riscv-none-embed/8.2.0/../../../../riscv-none-embed/lib\libc_nano.a(lib_a-stdio.o)
                0x0000000000009ea2                __sclose
 .text._write_r
                0x0000000000009ea8       0x36 d:/mounriver/mounriver_studio/toolchain/risc-v embedded gcc/bin/../lib/gcc/riscv-none-embed/8.2.0/../../../../riscv-none-embed/lib\libc_nano.a(lib_a-writer.o)
                0x0000000000009ea8                _write_r
 .text._close_r
                0x0000000000009ede       0x30 d:/mounriver/mounriver_studio/toolchain/risc-v embedded gcc/bin/../lib/gcc/riscv-none-embed/8.2.0/../../../../riscv-none-embed/lib\libc_nano.a(lib_a-closer.o)
                0x0000000000009ede                _close_r
 .text._fstat_r
                0x0000000000009f0e       0x32 d:/mounriver/mounriver_studio/toolchain/risc-v embedded gcc/bin/../lib/gcc/riscv-none-embed/8.2.0/../../../../riscv-none-embed/lib\libc_nano.a(lib_a-fstatr.o)
                0x0000000000009f0e                _fstat_r
 .text._isatty_r
                0x0000000000009f40       0x30 d:/mounriver/mounriver_studio/toolchain/risc-v embedded gcc/bin/../lib/gcc/riscv-none-embed/8.2.0/../../../../riscv-none-embed/lib\libc_nano.a(lib_a-isattyr.o)
                0x0000000000009f40                _isatty_r
 .text._lseek_r
                0x0000000000009f70       0x34 d:/mounriver/mounriver_studio/toolchain/risc-v embedded gcc/bin/../lib/gcc/riscv-none-embed/8.2.0/../../../../riscv-none-embed/lib\libc_nano.a(lib_a-lseekr.o)
                0x0000000000009f70                _lseek_r
 .text.memchr   0x0000000000009fa4       0x1a d:/mounriver/mounriver_studio/toolchain/risc-v embedded gcc/bin/../lib/gcc/riscv-none-embed/8.2.0/../../../../riscv-none-embed/lib\libc_nano.a(lib_a-memchr.o)
                0x0000000000009fa4                memchr
 .text.__malloc_lock
                0x0000000000009fbe        0x2 d:/mounriver/mounriver_studio/toolchain/risc-v embedded gcc/bin/../lib/gcc/riscv-none-embed/8.2.0/../../../../riscv-none-embed/lib\libc_nano.a(lib_a-mlock.o)
                0x0000000000009fbe                __malloc_lock
 .text.__malloc_unlock
                0x0000000000009fc0        0x2 d:/mounriver/mounriver_studio/toolchain/risc-v embedded gcc/bin/../lib/gcc/riscv-none-embed/8.2.0/../../../../riscv-none-embed/lib\libc_nano.a(lib_a-mlock.o)
                0x0000000000009fc0                __malloc_unlock
 .text._read_r  0x0000000000009fc2       0x34 d:/mounriver/mounriver_studio/toolchain/risc-v embedded gcc/bin/../lib/gcc/riscv-none-embed/8.2.0/../../../../riscv-none-embed/lib\libc_nano.a(lib_a-readr.o)
                0x0000000000009fc2                _read_r
 .text._close   0x0000000000009ff6       0x10 d:/mounriver/mounriver_studio/toolchain/risc-v embedded gcc/bin/../lib/gcc/riscv-none-embed/8.2.0/../../../../riscv-none-embed/lib\libnosys.a(close.o)
                0x0000000000009ff6                _close
 .text._fstat   0x000000000000a006       0x10 d:/mounriver/mounriver_studio/toolchain/risc-v embedded gcc/bin/../lib/gcc/riscv-none-embed/8.2.0/../../../../riscv-none-embed/lib\libnosys.a(fstat.o)
                0x000000000000a006                _fstat
 .text._isatty  0x000000000000a016       0x10 d:/mounriver/mounriver_studio/toolchain/risc-v embedded gcc/bin/../lib/gcc/riscv-none-embed/8.2.0/../../../../riscv-none-embed/lib\libnosys.a(isatty.o)
                0x000000000000a016                _isatty
 .text._lseek   0x000000000000a026       0x10 d:/mounriver/mounriver_studio/toolchain/risc-v embedded gcc/bin/../lib/gcc/riscv-none-embed/8.2.0/../../../../riscv-none-embed/lib\libnosys.a(lseek.o)
                0x000000000000a026                _lseek
 .text._read    0x000000000000a036       0x10 d:/mounriver/mounriver_studio/toolchain/risc-v embedded gcc/bin/../lib/gcc/riscv-none-embed/8.2.0/../../../../riscv-none-embed/lib\libnosys.a(read.o)
                0x000000000000a036                _read
 .text._sbrk    0x000000000000a046       0x24 d:/mounriver/mounriver_studio/toolchain/risc-v embedded gcc/bin/../lib/gcc/riscv-none-embed/8.2.0/../../../../riscv-none-embed/lib\libnosys.a(sbrk.o)
                0x000000000000a046                _sbrk
 *(.rodata)
 *(.rodata*)
 *fill*         0x000000000000a06a        0x2 
 .rodata.HardFault_Handler.str1.4
                0x000000000000a06c       0x42 ./User/ch32v30x_it.o
 *fill*         0x000000000000a0ae        0x2 
 .rodata.uart_tx
                0x000000000000a0b0       0x1c ./User/main.o
 .rodata.uart_rx
                0x000000000000a0cc       0x1c ./User/main.o
 .rodata.MemNum
                0x000000000000a0e8       0x10 ./User/main.o
                0x000000000000a0e8                MemNum
 .rodata.MemSize
                0x000000000000a0f8       0x10 ./User/main.o
                0x000000000000a0f8                MemSize
 .rodata.main.str1.4
                0x000000000000a108        0x9 ./User/main.o
 *fill*         0x000000000000a111        0x3 
 .rodata.tcp_close
                0x000000000000a114       0x20 F:\Desktop\ch32v307\Application\8_uarts_server\bare_metal\8_uart_server\ETH\User\libwchnet.a(tcp.o)
 .rodata.tcp_backoff
                0x000000000000a134       0x14 F:\Desktop\ch32v307\Application\8_uarts_server\bare_metal\8_uart_server\ETH\User\libwchnet.a(tcp.o)
                0x000000000000a134                tcp_backoff
 .rodata.ErrTable
                0x000000000000a148       0x10 F:\Desktop\ch32v307\Application\8_uarts_server\bare_metal\8_uart_server\ETH\User\libwchnet.a(socket.o)
                0x000000000000a148                ErrTable
 .rodata.WCHNET_ETHIsr.str1.4
                0x000000000000a158        0xa F:\Desktop\ch32v307\Application\8_uarts_server\bare_metal\8_uart_server\ETH\User\libwchnet.a(socket.o)
 *fill*         0x000000000000a162        0x2 
 .rodata.etharp_output.str1.4
                0x000000000000a164       0x1f F:\Desktop\ch32v307\Application\8_uarts_server\bare_metal\8_uart_server\ETH\User\libwchnet.a(etharp.o)
 *fill*         0x000000000000a183        0x1 
 .rodata.tcp_input
                0x000000000000a184       0x20 F:\Desktop\ch32v307\Application\8_uarts_server\bare_metal\8_uart_server\ETH\User\libwchnet.a(tcp_in.o)
 .rodata.__sf_fake_stderr
                0x000000000000a1a4       0x20 d:/mounriver/mounriver_studio/toolchain/risc-v embedded gcc/bin/../lib/gcc/riscv-none-embed/8.2.0/../../../../riscv-none-embed/lib\libc_nano.a(lib_a-findfp.o)
                0x000000000000a1a4                __sf_fake_stderr
 .rodata.__sf_fake_stdin
                0x000000000000a1c4       0x20 d:/mounriver/mounriver_studio/toolchain/risc-v embedded gcc/bin/../lib/gcc/riscv-none-embed/8.2.0/../../../../riscv-none-embed/lib\libc_nano.a(lib_a-findfp.o)
                0x000000000000a1c4                __sf_fake_stdin
 .rodata.__sf_fake_stdout
                0x000000000000a1e4       0x20 d:/mounriver/mounriver_studio/toolchain/risc-v embedded gcc/bin/../lib/gcc/riscv-none-embed/8.2.0/../../../../riscv-none-embed/lib\libc_nano.a(lib_a-findfp.o)
                0x000000000000a1e4                __sf_fake_stdout
 .rodata._vfprintf_r.str1.4
                0x000000000000a204       0x13 d:/mounriver/mounriver_studio/toolchain/risc-v embedded gcc/bin/../lib/gcc/riscv-none-embed/8.2.0/../../../../riscv-none-embed/lib\libc_nano.a(lib_a-nano-vfprintf.o)
 *fill*         0x000000000000a217        0x1 
 .rodata._printf_i.str1.4
                0x000000000000a218       0x28 d:/mounriver/mounriver_studio/toolchain/risc-v embedded gcc/bin/../lib/gcc/riscv-none-embed/8.2.0/../../../../riscv-none-embed/lib\libc_nano.a(lib_a-nano-vfprintf_i.o)
                                         0x25 (size before relaxing)
 *(.glue_7)
 *(.glue_7t)
 *(.gnu.linkonce.t.*)
                0x000000000000a240                . = ALIGN (0x4)

.rela.dyn       0x000000000000a240        0x0
 .rela.init     0x000000000000a240        0x0 ./User/bsp_uart.o
 .rela.vector   0x000000000000a240        0x0 ./User/bsp_uart.o
 .rela.text.handle_reset
                0x000000000000a240        0x0 ./User/bsp_uart.o
 .rela.text._vfprintf_r
                0x000000000000a240        0x0 ./User/bsp_uart.o
 .rela.text._sbrk_r
                0x000000000000a240        0x0 ./User/bsp_uart.o
 .rela.text._write_r
                0x000000000000a240        0x0 ./User/bsp_uart.o
 .rela.text._close_r
                0x000000000000a240        0x0 ./User/bsp_uart.o
 .rela.text._fstat_r
                0x000000000000a240        0x0 ./User/bsp_uart.o
 .rela.text._isatty_r
                0x000000000000a240        0x0 ./User/bsp_uart.o
 .rela.text._lseek_r
                0x000000000000a240        0x0 ./User/bsp_uart.o
 .rela.text._read_r
                0x000000000000a240        0x0 ./User/bsp_uart.o
 .rela.text._close
                0x000000000000a240        0x0 ./User/bsp_uart.o
 .rela.text._fstat
                0x000000000000a240        0x0 ./User/bsp_uart.o
 .rela.text._isatty
                0x000000000000a240        0x0 ./User/bsp_uart.o
 .rela.text._lseek
                0x000000000000a240        0x0 ./User/bsp_uart.o
 .rela.text._read
                0x000000000000a240        0x0 ./User/bsp_uart.o
 .rela.text._sbrk
                0x000000000000a240        0x0 ./User/bsp_uart.o

.fini           0x000000000000a240        0x0
 *(SORT_NONE(.fini))
                0x000000000000a240                . = ALIGN (0x4)
                [!provide]                        PROVIDE (_etext = .)
                [!provide]                        PROVIDE (_eitcm = .)

.preinit_array  0x000000000000a240        0x0
                [!provide]                        PROVIDE (__preinit_array_start = .)
 *(.preinit_array)
                [!provide]                        PROVIDE (__preinit_array_end = .)

.init_array     0x000000000000a240        0x0
                [!provide]                        PROVIDE (__init_array_start = .)
 *(SORT_BY_INIT_PRIORITY(.init_array.*) SORT_BY_INIT_PRIORITY(.ctors.*))
 *(.init_array EXCLUDE_FILE(*crtend?.o *crtend.o *crtbegin?.o *crtbegin.o) .ctors)
                [!provide]                        PROVIDE (__init_array_end = .)

.fini_array     0x000000000000a240        0x0
                [!provide]                        PROVIDE (__fini_array_start = .)
 *(SORT_BY_INIT_PRIORITY(.fini_array.*) SORT_BY_INIT_PRIORITY(.dtors.*))
 *(.fini_array EXCLUDE_FILE(*crtend?.o *crtend.o *crtbegin?.o *crtbegin.o) .dtors)
                [!provide]                        PROVIDE (__fini_array_end = .)

.ctors
 *crtbegin.o(.ctors)
 *crtbegin?.o(.ctors)
 *(EXCLUDE_FILE(*crtend?.o *crtend.o) .ctors)
 *(SORT_BY_NAME(.ctors.*))
 *(.ctors)

.dtors
 *crtbegin.o(.dtors)
 *crtbegin?.o(.dtors)
 *(EXCLUDE_FILE(*crtend?.o *crtend.o) .dtors)
 *(SORT_BY_NAME(.dtors.*))
 *(.dtors)

.dalign         0x0000000020000000        0x0 load address 0x000000000000a240
                0x0000000020000000                . = ALIGN (0x4)
                0x0000000020000000                PROVIDE (_data_vma = .)

.dlalign        0x000000000000a240        0x0
                0x000000000000a240                . = ALIGN (0x4)
                0x000000000000a240                PROVIDE (_data_lma = .)

.data           0x0000000020000000       0xd8 load address 0x000000000000a240
 *(.gnu.linkonce.r.*)
 *(.data .data.*)
 .data.APBAHBPrescTable
                0x0000000020000000       0x10 ./Peripheral/src/ch32v30x_rcc.o
 .data.impure_data
                0x0000000020000010       0x60 d:/mounriver/mounriver_studio/toolchain/risc-v embedded gcc/bin/../lib/gcc/riscv-none-embed/8.2.0/../../../../riscv-none-embed/lib\libc_nano.a(lib_a-impure.o)
 *(.gnu.linkonce.d.*)
                0x0000000020000070                . = ALIGN (0x8)
                0x0000000020000870                PROVIDE (__global_pointer$ = (. + 0x800))
 *(.sdata .sdata.*)
 .sdata.DESIP   0x0000000020000070        0x4 ./User/main.o
                0x0000000020000070                DESIP
 .sdata.GWIPAddr
                0x0000000020000074        0x4 ./User/main.o
                0x0000000020000074                GWIPAddr
 .sdata.IPAddr  0x0000000020000078        0x4 ./User/main.o
                0x0000000020000078                IPAddr
 .sdata.IPMask  0x000000002000007c        0x4 ./User/main.o
                0x000000002000007c                IPMask
 .sdata.MACAddr
                0x0000000020000080        0x6 ./User/main.o
                0x0000000020000080                MACAddr
 .sdata.desport
                0x0000000020000086        0x2 ./User/main.o
                0x0000000020000086                desport
 .sdata.srcport
                0x0000000020000088        0x2 ./User/main.o
                0x0000000020000088                srcport
 *fill*         0x000000002000008a        0x2 
 .sdata.SystemCoreClock
                0x000000002000008c        0x4 ./User/system_ch32v30x.o
                0x000000002000008c                SystemCoreClock
 .sdata.ADCPrescTable
                0x0000000020000090        0x4 ./Peripheral/src/ch32v30x_rcc.o
 .sdata.memp_num
                0x0000000020000094        0x4 F:\Desktop\ch32v307\Application\8_uarts_server\bare_metal\8_uart_server\ETH\User\libwchnet.a(memp.o)
                0x0000000020000094                memp_num
 .sdata.memp_sizes
                0x0000000020000098        0x4 F:\Desktop\ch32v307\Application\8_uarts_server\bare_metal\8_uart_server\ETH\User\libwchnet.a(memp.o)
                0x0000000020000098                memp_sizes
 .sdata.iss.6791
                0x000000002000009c        0x4 F:\Desktop\ch32v307\Application\8_uarts_server\bare_metal\8_uart_server\ETH\User\libwchnet.a(tcp.o)
 .sdata.port.6623
                0x00000000200000a0        0x2 F:\Desktop\ch32v307\Application\8_uarts_server\bare_metal\8_uart_server\ETH\User\libwchnet.a(tcp.o)
 *fill*         0x00000000200000a2        0x2 
 .sdata.arp_table
                0x00000000200000a4        0x4 F:\Desktop\ch32v307\Application\8_uarts_server\bare_metal\8_uart_server\ETH\User\libwchnet.a(etharp.o)
                0x00000000200000a4                arp_table
 .sdata.xid.6638
                0x00000000200000a8        0x4 F:\Desktop\ch32v307\Application\8_uarts_server\bare_metal\8_uart_server\ETH\User\libwchnet.a(wchnet_dhcp.o)
 .sdata._impure_ptr
                0x00000000200000ac        0x4 d:/mounriver/mounriver_studio/toolchain/risc-v embedded gcc/bin/../lib/gcc/riscv-none-embed/8.2.0/../../../../riscv-none-embed/lib\libc_nano.a(lib_a-impure.o)
                0x00000000200000ac                _impure_ptr
 *(.sdata2.*)
 .sdata2.tcp_persist_backoff
                0x00000000200000b0        0x7 F:\Desktop\ch32v307\Application\8_uarts_server\bare_metal\8_uart_server\ETH\User\libwchnet.a(tcp.o)
                0x00000000200000b0                tcp_persist_backoff
 *fill*         0x00000000200000b7        0x1 
 .sdata2.ethbroadcast
                0x00000000200000b8        0x6 F:\Desktop\ch32v307\Application\8_uarts_server\bare_metal\8_uart_server\ETH\User\libwchnet.a(etharp.o)
                0x00000000200000b8                ethbroadcast
 *fill*         0x00000000200000be        0x2 
 .sdata2.ethzero
                0x00000000200000c0        0x6 F:\Desktop\ch32v307\Application\8_uarts_server\bare_metal\8_uart_server\ETH\User\libwchnet.a(etharp.o)
                0x00000000200000c0                ethzero
 *fill*         0x00000000200000c6        0x2 
 .sdata2.ip_addr_any
                0x00000000200000c8        0x4 F:\Desktop\ch32v307\Application\8_uarts_server\bare_metal\8_uart_server\ETH\User\libwchnet.a(ip_addr.o)
                0x00000000200000c8                ip_addr_any
 .sdata2.ip_addr_broadcast
                0x00000000200000cc        0x4 F:\Desktop\ch32v307\Application\8_uarts_server\bare_metal\8_uart_server\ETH\User\libwchnet.a(ip_addr.o)
                0x00000000200000cc                ip_addr_broadcast
 .sdata2._global_impure_ptr
                0x00000000200000d0        0x4 d:/mounriver/mounriver_studio/toolchain/risc-v embedded gcc/bin/../lib/gcc/riscv-none-embed/8.2.0/../../../../riscv-none-embed/lib\libc_nano.a(lib_a-impure.o)
                0x00000000200000d0                _global_impure_ptr
 *(.gnu.linkonce.s.*)
                0x00000000200000d8                . = ALIGN (0x8)
 *fill*         0x00000000200000d4        0x4 
 *(.srodata.cst16)
 *(.srodata.cst8)
 *(.srodata.cst4)
 *(.srodata.cst2)
 *(.srodata .srodata.*)
                0x00000000200000d8                . = ALIGN (0x4)
                0x00000000200000d8                PROVIDE (_edata = .)

.bss            0x00000000200000d8    0x1ddf8 load address 0x000000000000a318
                0x00000000200000d8                . = ALIGN (0x4)
                0x00000000200000d8                PROVIDE (_sbss = .)
 *(.sbss*)
 .sbss.SocketId
                0x00000000200000d8        0x8 ./User/main.o
                0x00000000200000d8                SocketId
 .sbss.tcp_connect_num
                0x00000000200000e0        0x1 ./User/main.o
                0x00000000200000e0                tcp_connect_num
 *fill*         0x00000000200000e1        0x3 
 .sbss.DMARxDescToGet
                0x00000000200000e4        0x4 ./Peripheral/src/ch32v30x_eth.o
                0x00000000200000e4                DMARxDescToGet
 .sbss.DMATxDescToSet
                0x00000000200000e8        0x4 ./Peripheral/src/ch32v30x_eth.o
                0x00000000200000e8                DMATxDescToSet
 .sbss.NVIC_Priority_Group
                0x00000000200000ec        0x4 ./Peripheral/src/ch32v30x_misc.o
                0x00000000200000ec                NVIC_Priority_Group
 .sbss.p_ms     0x00000000200000f0        0x2 ./Debug/debug.o
 .sbss.p_us     0x00000000200000f2        0x1 ./Debug/debug.o
 *fill*         0x00000000200000f3        0x1 
 .sbss.ARPTimer
                0x00000000200000f4        0x4 F:\Desktop\ch32v307\Application\8_uarts_server\bare_metal\8_uart_server\ETH\User\libwchnet.a(ethernetif.o)
                0x00000000200000f4                ARPTimer
 .sbss.DHCPTestTimer
                0x00000000200000f8        0x4 F:\Desktop\ch32v307\Application\8_uarts_server\bare_metal\8_uart_server\ETH\User\libwchnet.a(ethernetif.o)
                0x00000000200000f8                DHCPTestTimer
 .sbss.DHCPcoarseTimer
                0x00000000200000fc        0x4 F:\Desktop\ch32v307\Application\8_uarts_server\bare_metal\8_uart_server\ETH\User\libwchnet.a(ethernetif.o)
                0x00000000200000fc                DHCPcoarseTimer
 .sbss.DHCPfineTimer
                0x0000000020000100        0x4 F:\Desktop\ch32v307\Application\8_uarts_server\bare_metal\8_uart_server\ETH\User\libwchnet.a(ethernetif.o)
                0x0000000020000100                DHCPfineTimer
 .sbss.DNSTimer
                0x0000000020000104        0x4 F:\Desktop\ch32v307\Application\8_uarts_server\bare_metal\8_uart_server\ETH\User\libwchnet.a(ethernetif.o)
                0x0000000020000104                DNSTimer
 .sbss.DataLED  0x0000000020000108        0x1 F:\Desktop\ch32v307\Application\8_uarts_server\bare_metal\8_uart_server\ETH\User\libwchnet.a(ethernetif.o)
                0x0000000020000108                DataLED
 *fill*         0x0000000020000109        0x3 
 .sbss.IPFragTimer
                0x000000002000010c        0x4 F:\Desktop\ch32v307\Application\8_uarts_server\bare_metal\8_uart_server\ETH\User\libwchnet.a(ethernetif.o)
                0x000000002000010c                IPFragTimer
 .sbss.LocalTime
                0x0000000020000110        0x4 F:\Desktop\ch32v307\Application\8_uarts_server\bare_metal\8_uart_server\ETH\User\libwchnet.a(ethernetif.o)
                0x0000000020000110                LocalTime
 .sbss.MacRevcNull
                0x0000000020000114        0x1 F:\Desktop\ch32v307\Application\8_uarts_server\bare_metal\8_uart_server\ETH\User\libwchnet.a(ethernetif.o)
 *fill*         0x0000000020000115        0x3 
 .sbss.SuccessPackets
                0x0000000020000118        0x4 F:\Desktop\ch32v307\Application\8_uarts_server\bare_metal\8_uart_server\ETH\User\libwchnet.a(ethernetif.o)
                0x0000000020000118                SuccessPackets
 .sbss.TCPTimer
                0x000000002000011c        0x4 F:\Desktop\ch32v307\Application\8_uarts_server\bare_metal\8_uart_server\ETH\User\libwchnet.a(ethernetif.o)
                0x000000002000011c                TCPTimer
 .sbss.WCHGWIPAddr
                0x0000000020000120        0x4 F:\Desktop\ch32v307\Application\8_uarts_server\bare_metal\8_uart_server\ETH\User\libwchnet.a(ethernetif.o)
                0x0000000020000120                WCHGWIPAddr
 .sbss.WCHIPAddr
                0x0000000020000124        0x4 F:\Desktop\ch32v307\Application\8_uarts_server\bare_metal\8_uart_server\ETH\User\libwchnet.a(ethernetif.o)
                0x0000000020000124                WCHIPAddr
 .sbss.WCHIPMask
                0x0000000020000128        0x4 F:\Desktop\ch32v307\Application\8_uarts_server\bare_metal\8_uart_server\ETH\User\libwchnet.a(ethernetif.o)
                0x0000000020000128                WCHIPMask
 .sbss.WCHMACAddr
                0x000000002000012c        0x4 F:\Desktop\ch32v307\Application\8_uarts_server\bare_metal\8_uart_server\ETH\User\libwchnet.a(ethernetif.o)
                0x000000002000012c                WCHMACAddr
 .sbss.ip_reass_pbufcount
                0x0000000020000130        0x2 F:\Desktop\ch32v307\Application\8_uarts_server\bare_metal\8_uart_server\ETH\User\libwchnet.a(ip_frag.o)
 *fill*         0x0000000020000132        0x2 
 .sbss.reassdatagrams
                0x0000000020000134        0x4 F:\Desktop\ch32v307\Application\8_uarts_server\bare_metal\8_uart_server\ETH\User\libwchnet.a(ip_frag.o)
 .sbss.lfree    0x0000000020000138        0x4 F:\Desktop\ch32v307\Application\8_uarts_server\bare_metal\8_uart_server\ETH\User\libwchnet.a(mem.o)
 .sbss.ram      0x000000002000013c        0x4 F:\Desktop\ch32v307\Application\8_uarts_server\bare_metal\8_uart_server\ETH\User\libwchnet.a(mem.o)
 .sbss.ram_end  0x0000000020000140        0x4 F:\Desktop\ch32v307\Application\8_uarts_server\bare_metal\8_uart_server\ETH\User\libwchnet.a(mem.o)
 .sbss.netif_default
                0x0000000020000144        0x4 F:\Desktop\ch32v307\Application\8_uarts_server\bare_metal\8_uart_server\ETH\User\libwchnet.a(netif.o)
                0x0000000020000144                netif_default
 .sbss.netif_list
                0x0000000020000148        0x4 F:\Desktop\ch32v307\Application\8_uarts_server\bare_metal\8_uart_server\ETH\User\libwchnet.a(netif.o)
                0x0000000020000148                netif_list
 .sbss.netifnum.6387
                0x000000002000014c        0x1 F:\Desktop\ch32v307\Application\8_uarts_server\bare_metal\8_uart_server\ETH\User\libwchnet.a(netif.o)
 *fill*         0x000000002000014d        0x3 
 .sbss.tcp_active_pcbs
                0x0000000020000150        0x4 F:\Desktop\ch32v307\Application\8_uarts_server\bare_metal\8_uart_server\ETH\User\libwchnet.a(tcp.o)
                0x0000000020000150                tcp_active_pcbs
 .sbss.tcp_bound_pcbs
                0x0000000020000154        0x4 F:\Desktop\ch32v307\Application\8_uarts_server\bare_metal\8_uart_server\ETH\User\libwchnet.a(tcp.o)
                0x0000000020000154                tcp_bound_pcbs
 .sbss.tcp_listen_pcbs
                0x0000000020000158        0x4 F:\Desktop\ch32v307\Application\8_uarts_server\bare_metal\8_uart_server\ETH\User\libwchnet.a(tcp.o)
                0x0000000020000158                tcp_listen_pcbs
 .sbss.tcp_ticks
                0x000000002000015c        0x4 F:\Desktop\ch32v307\Application\8_uarts_server\bare_metal\8_uart_server\ETH\User\libwchnet.a(tcp.o)
                0x000000002000015c                tcp_ticks
 .sbss.tcp_timer
                0x0000000020000160        0x1 F:\Desktop\ch32v307\Application\8_uarts_server\bare_metal\8_uart_server\ETH\User\libwchnet.a(tcp.o)
 *fill*         0x0000000020000161        0x3 
 .sbss.tcp_tmp_pcb