Archive member included to satisfy reference by file (symbol)

f:/mounriver/mounriver_studio/toolchain/risc-v embedded gcc/bin/../lib/gcc/riscv-none-embed/8.2.0/../../../../riscv-none-embed/lib/rv32imac/ilp32\libg_nano.a(lib_a-memcpy.o)
                              ./User/ch32v30x_usbotg_device.o (memcpy)
f:/mounriver/mounriver_studio/toolchain/risc-v embedded gcc/bin/../lib/gcc/riscv-none-embed/8.2.0/../../../../riscv-none-embed/lib/rv32imac/ilp32\libg_nano.a(lib_a-printf.o)
                              ./User/ch32v30x_usbotg_device.o (printf)
f:/mounriver/mounriver_studio/toolchain/risc-v embedded gcc/bin/../lib/gcc/riscv-none-embed/8.2.0/../../../../riscv-none-embed/lib/rv32imac/ilp32\libg_nano.a(lib_a-puts.o)
                              ./User/main.o (puts)
f:/mounriver/mounriver_studio/toolchain/risc-v embedded gcc/bin/../lib/gcc/riscv-none-embed/8.2.0/../../../../riscv-none-embed/lib/rv32imac/ilp32\libg_nano.a(lib_a-wbuf.o)
                              f:/mounriver/mounriver_studio/toolchain/risc-v embedded gcc/bin/../lib/gcc/riscv-none-embed/8.2.0/../../../../riscv-none-embed/lib/rv32imac/ilp32\libg_nano.a(lib_a-puts.o) (__swbuf_r)
f:/mounriver/mounriver_studio/toolchain/risc-v embedded gcc/bin/../lib/gcc/riscv-none-embed/8.2.0/../../../../riscv-none-embed/lib/rv32imac/ilp32\libg_nano.a(lib_a-wsetup.o)
                              f:/mounriver/mounriver_studio/toolchain/risc-v embedded gcc/bin/../lib/gcc/riscv-none-embed/8.2.0/../../../../riscv-none-embed/lib/rv32imac/ilp32\libg_nano.a(lib_a-puts.o) (__swsetup_r)
f:/mounriver/mounriver_studio/toolchain/risc-v embedded gcc/bin/../lib/gcc/riscv-none-embed/8.2.0/../../../../riscv-none-embed/lib/rv32imac/ilp32\libg_nano.a(lib_a-fflush.o)
                              f:/mounriver/mounriver_studio/toolchain/risc-v embedded gcc/bin/../lib/gcc/riscv-none-embed/8.2.0/../../../../riscv-none-embed/lib/rv32imac/ilp32\libg_nano.a(lib_a-wbuf.o) (_fflush_r)
f:/mounriver/mounriver_studio/toolchain/risc-v embedded gcc/bin/../lib/gcc/riscv-none-embed/8.2.0/../../../../riscv-none-embed/lib/rv32imac/ilp32\libg_nano.a(lib_a-findfp.o)
                              f:/mounriver/mounriver_studio/toolchain/risc-v embedded gcc/bin/../lib/gcc/riscv-none-embed/8.2.0/../../../../riscv-none-embed/lib/rv32imac/ilp32\libg_nano.a(lib_a-printf.o) (__sinit)
f:/mounriver/mounriver_studio/toolchain/risc-v embedded gcc/bin/../lib/gcc/riscv-none-embed/8.2.0/../../../../riscv-none-embed/lib/rv32imac/ilp32\libg_nano.a(lib_a-fwalk.o)
                              f:/mounriver/mounriver_studio/toolchain/risc-v embedded gcc/bin/../lib/gcc/riscv-none-embed/8.2.0/../../../../riscv-none-embed/lib/rv32imac/ilp32\libg_nano.a(lib_a-findfp.o) (_fwalk)
f:/mounriver/mounriver_studio/toolchain/risc-v embedded gcc/bin/../lib/gcc/riscv-none-embed/8.2.0/../../../../riscv-none-embed/lib/rv32imac/ilp32\libg_nano.a(lib_a-impure.o)
                              f:/mounriver/mounriver_studio/toolchain/risc-v embedded gcc/bin/../lib/gcc/riscv-none-embed/8.2.0/../../../../riscv-none-embed/lib/rv32imac/ilp32\libg_nano.a(lib_a-fflush.o) (_global_impure_ptr)
f:/mounriver/mounriver_studio/toolchain/risc-v embedded gcc/bin/../lib/gcc/riscv-none-embed/8.2.0/../../../../riscv-none-embed/lib/rv32imac/ilp32\libg_nano.a(lib_a-makebuf.o)
                              f:/mounriver/mounriver_studio/toolchain/risc-v embedded gcc/bin/../lib/gcc/riscv-none-embed/8.2.0/../../../../riscv-none-embed/lib/rv32imac/ilp32\libg_nano.a(lib_a-wsetup.o) (__smakebuf_r)
f:/mounriver/mounriver_studio/toolchain/risc-v embedded gcc/bin/../lib/gcc/riscv-none-embed/8.2.0/../../../../riscv-none-embed/lib/rv32imac/ilp32\libg_nano.a(lib_a-memset.o)
                              f:/mounriver/mounriver_studio/toolchain/risc-v embedded gcc/bin/../lib/gcc/riscv-none-embed/8.2.0/../../../../riscv-none-embed/lib/rv32imac/ilp32\libg_nano.a(lib_a-findfp.o) (memset)
f:/mounriver/mounriver_studio/toolchain/risc-v embedded gcc/bin/../lib/gcc/riscv-none-embed/8.2.0/../../../../riscv-none-embed/lib/rv32imac/ilp32\libg_nano.a(lib_a-nano-freer.o)
                              f:/mounriver/mounriver_studio/toolchain/risc-v embedded gcc/bin/../lib/gcc/riscv-none-embed/8.2.0/../../../../riscv-none-embed/lib/rv32imac/ilp32\libg_nano.a(lib_a-wsetup.o) (_free_r)
f:/mounriver/mounriver_studio/toolchain/risc-v embedded gcc/bin/../lib/gcc/riscv-none-embed/8.2.0/../../../../riscv-none-embed/lib/rv32imac/ilp32\libg_nano.a(lib_a-nano-mallocr.o)
                              f:/mounriver/mounriver_studio/toolchain/risc-v embedded gcc/bin/../lib/gcc/riscv-none-embed/8.2.0/../../../../riscv-none-embed/lib/rv32imac/ilp32\libg_nano.a(lib_a-findfp.o) (_malloc_r)
f:/mounriver/mounriver_studio/toolchain/risc-v embedded gcc/bin/../lib/gcc/riscv-none-embed/8.2.0/../../../../riscv-none-embed/lib/rv32imac/ilp32\libg_nano.a(lib_a-nano-vfprintf.o)
[...]
Memory Configuration

Name             Origin             Length             Attributes
FLASH            0x0000000000000000 0x0000000000048000 xr
RAM              0x0000000020000000 0x0000000000008000 xrw
*default*        0x0000000000000000 0xffffffffffffffff

Linker script and memory map

LOAD ./User/ch32v30x_it.o
LOAD ./User/ch32v30x_usbotg_device.o
LOAD ./User/main.o
LOAD ./User/my_dma.o
LOAD ./User/my_usart.o
LOAD ./User/system_ch32v30x.o
LOAD ./Startup/startup_ch32v30x_D8C.o
LOAD ./Peripheral/src/ch32v30x_adc.o
LOAD ./Peripheral/src/ch32v30x_bkp.o
LOAD ./Peripheral/src/ch32v30x_can.o
LOAD ./Peripheral/src/ch32v30x_crc.o
LOAD ./Peripheral/src/ch32v30x_dac.o
LOAD ./Peripheral/src/ch32v30x_dbgmcu.o
LOAD ./Peripheral/src/ch32v30x_dma.o
LOAD ./Peripheral/src/ch32v30x_dvp.o
LOAD ./Peripheral/src/ch32v30x_eth.o
LOAD ./Peripheral/src/ch32v30x_exti.o
LOAD ./Peripheral/src/ch32v30x_flash.o
LOAD ./Peripheral/src/ch32v30x_fsmc.o
LOAD ./Peripheral/src/ch32v30x_gpio.o
LOAD ./Peripheral/src/ch32v30x_i2c.o
LOAD ./Peripheral/src/ch32v30x_iwdg.o
LOAD ./Peripheral/src/ch32v30x_misc.o
LOAD ./Peripheral/src/ch32v30x_opa.o
LOAD ./Peripheral/src/ch32v30x_pwr.o
LOAD ./Peripheral/src/ch32v30x_rcc.o
LOAD ./Peripheral/src/ch32v30x_rng.o
LOAD ./Peripheral/src/ch32v30x_rtc.o
LOAD ./Peripheral/src/ch32v30x_sdio.o
LOAD ./Peripheral/src/ch32v30x_spi.o
LOAD ./Peripheral/src/ch32v30x_tim.o
LOAD ./Peripheral/src/ch32v30x_usart.o
LOAD ./Peripheral/src/ch32v30x_wwdg.o
LOAD ./Debug/debug.o
LOAD ./Core/core_riscv.o
LOAD f:/mounriver/mounriver_studio/toolchain/risc-v embedded gcc/bin/../lib/gcc/riscv-none-embed/8.2.0/rv32imac/ilp32\libgcc.a
LOAD f:/mounriver/mounriver_studio/toolchain/risc-v embedded gcc/bin/../lib/gcc/riscv-none-embed/8.2.0/../../../../riscv-none-embed/lib/rv32imac/ilp32\libg_nano.a
LOAD f:/mounriver/mounriver_studio/toolchain/risc-v embedded gcc/bin/../lib/gcc/riscv-none-embed/8.2.0/../../../../riscv-none-embed/lib/rv32imac/ilp32\libc_nano.a
LOAD f:/mounriver/mounriver_studio/toolchain/risc-v embedded gcc/bin/../lib/gcc/riscv-none-embed/8.2.0/rv32imac/ilp32\libgcc.a
START GROUP
LOAD f:/mounriver/mounriver_studio/toolchain/risc-v embedded gcc/bin/../lib/gcc/riscv-none-embed/8.2.0/rv32imac/ilp32\libgcc.a
LOAD f:/mounriver/mounriver_studio/toolchain/risc-v embedded gcc/bin/../lib/gcc/riscv-none-embed/8.2.0/../../../../riscv-none-embed/lib/rv32imac/ilp32\libc_nano.a
LOAD f:/mounriver/mounriver_studio/toolchain/risc-v embedded gcc/bin/../lib/gcc/riscv-none-embed/8.2.0/../../../../riscv-none-embed/lib/rv32imac/ilp32\libnosys.a
END GROUP
START GROUP
LOAD f:/mounriver/mounriver_studio/toolchain/risc-v embedded gcc/bin/../lib/gcc/riscv-none-embed/8.2.0/rv32imac/ilp32\libgcc.a
LOAD f:/mounriver/mounriver_studio/toolchain/risc-v embedded gcc/bin/../lib/gcc/riscv-none-embed/8.2.0/../../../../riscv-none-embed/lib/rv32imac/ilp32\libc_nano.a
LOAD f:/mounriver/mounriver_studio/toolchain/risc-v embedded gcc/bin/../lib/gcc/riscv-none-embed/8.2.0/../../../../riscv-none-embed/lib/rv32imac/ilp32\libnosys.a
END GROUP
                0x0000000000000800                __stack_size = 0x800
                [!provide]                        PROVIDE (_stack_size = __stack_size)

.init           0x0000000000000000       0x38
                0x0000000000000000                _sinit = .
                0x0000000000000000                . = ALIGN (0x4)
 *(SORT_NONE(.init))
 .init          0x0000000000000000       0x38 ./Startup/startup_ch32v30x_D8C.o
                0x0000000000000000                _start
                0x0000000000000038                . = ALIGN (0x4)
                0x0000000000000038                _einit = .

.vector         0x0000000000000038      0x1c8
 *(.vector)
 .vector        0x0000000000000038      0x1a0 ./Startup/startup_ch32v30x_D8C.o
                0x0000000000000200                . = ALIGN (0x40)
 *fill*         0x00000000000001d8       0x28 

.text           0x0000000000000200     0x3334
                0x0000000000000200                . = ALIGN (0x4)
 *(.text)
 .text          0x0000000000000200       0xa8 f:/mounriver/mounriver_studio/toolchain/risc-v embedded gcc/bin/../lib/gcc/riscv-none-embed/8.2.0/../../../../riscv-none-embed/lib/rv32imac/ilp32\libg_nano.a(lib_a-memset.o)
                0x0000000000000200                memset
 *(.text.*)
 .text.NMI_Handler
                0x00000000000002a8        0x4 ./User/ch32v30x_it.o
                0x00000000000002a8                NMI_Handler
 .text.HardFault_Handler
                0x00000000000002ac        0x2 ./User/ch32v30x_it.o
                0x00000000000002ac                HardFault_Handler
 .text.USBDeviceInit
                0x00000000000002ae       0xd0 ./User/ch32v30x_usbotg_device.o
                0x00000000000002ae                USBDeviceInit
 .text.USBOTG_RCC_Init
                0x000000000000037e       0x3a ./User/ch32v30x_usbotg_device.o
                0x000000000000037e                USBOTG_RCC_Init
 .text.USBOTG_Init
                0x00000000000003b8       0x76 ./User/ch32v30x_usbotg_device.o
                0x00000000000003b8                USBOTG_Init
 .text.DevEP1_IN_Deal
                0x000000000000042e       0x28 ./User/ch32v30x_usbotg_device.o
                0x000000000000042e                DevEP1_IN_Deal
 .text.DevEP2_IN_Deal
                0x0000000000000456       0x22 ./User/ch32v30x_usbotg_device.o
                0x0000000000000456                DevEP2_IN_Deal
 .text.DevEP3_IN_Deal
                0x0000000000000478       0x16 ./User/ch32v30x_usbotg_device.o
                0x0000000000000478                DevEP3_IN_Deal
 .text.DevEP4_IN_Deal
                0x000000000000048e       0x22 ./User/ch32v30x_usbotg_device.o
                0x000000000000048e                DevEP4_IN_Deal
 .text.DevEP5_IN_Deal
                0x00000000000004b0       0x16 ./User/ch32v30x_usbotg_device.o
                0x00000000000004b0                DevEP5_IN_Deal
 .text.DevEP6_IN_Deal
                0x00000000000004c6       0x16 ./User/ch32v30x_usbotg_device.o
                0x00000000000004c6                DevEP6_IN_Deal
 .text.DevEP7_IN_Deal
                0x00000000000004dc       0x16 ./User/ch32v30x_usbotg_device.o
                0x00000000000004dc                DevEP7_IN_Deal
 .text.DevEP1_OUT_Deal
                0x00000000000004f2       0x22 ./User/ch32v30x_usbotg_device.o
                0x00000000000004f2                DevEP1_OUT_Deal
 .text.DevEP2_OUT_Deal
                0x0000000000000514       0x22 ./User/ch32v30x_usbotg_device.o
                0x0000000000000514                DevEP2_OUT_Deal
 .text.DevEP3_OUT_Deal
                0x0000000000000536       0x1e ./User/ch32v30x_usbotg_device.o
                0x0000000000000536                DevEP3_OUT_Deal
 .text.DevEP5_OUT_Deal
                0x0000000000000554       0x1e ./User/ch32v30x_usbotg_device.o
                0x0000000000000554                DevEP5_OUT_Deal
 .text.DevEP6_OUT_Deal
                0x0000000000000572       0x1e ./User/ch32v30x_usbotg_device.o
                0x0000000000000572                DevEP6_OUT_Deal
 .text.DevEP7_OUT_Deal
                0x0000000000000590       0x1e ./User/ch32v30x_usbotg_device.o
                0x0000000000000590                DevEP7_OUT_Deal
 .text.OTG_FS_IRQHandler
                0x00000000000005ae      0x996 ./User/ch32v30x_usbotg_device.o
                0x00000000000005ae                OTG_FS_IRQHandler
 .text.GPIO_Config
                0x0000000000000f44       0x36 ./User/main.o
                0x0000000000000f44                GPIO_Config
 .text.Basic_Key_Handle
                0x0000000000000f7a       0x36 ./User/main.o
                0x0000000000000f7a                Basic_Key_Handle
 .text.startup.main
                0x0000000000000fb0      0x172 ./User/main.o
                0x0000000000000fb0                main
 .text.Usart_Rx_Config
                0x0000000000001122       0x94 ./User/my_dma.o
                0x0000000000001122                Usart_Rx_Config
 .text.myDMA_Enable
                0x00000000000011b6       0x34 ./User/my_dma.o
                0x00000000000011b6                myDMA_Enable
 .text.uart2_Send
                0x00000000000011ea       0x64 ./User/my_dma.o
                0x00000000000011ea                uart2_Send
 .text.copy_data
                0x000000000000124e       0x2e ./User/my_dma.o
                0x000000000000124e                copy_data
 .text.DMA1_Channel6_IRQHandler
                0x000000000000127c       0x8a ./User/my_dma.o
                0x000000000000127c                DMA1_Channel6_IRQHandler
 .text.USART2_CFG
                0x0000000000001306      0x11a ./User/my_usart.o
                0x0000000000001306                USART2_CFG
 .text.USART2_IRQHandler
                0x0000000000001420       0x84 ./User/my_usart.o
                0x0000000000001420                USART2_IRQHandler
 .text.SystemInit
                0x00000000000014a4       0xfa ./User/system_ch32v30x.o
                0x00000000000014a4                SystemInit
 .text.vector_handler
                0x000000000000159e       0xbe ./Startup/startup_ch32v30x_D8C.o
                0x00000000000015a2                Ecall_M_Mode_Handler
                0x00000000000015a4                Ecall_U_Mode_Handler
                0x00000000000015a6                Break_Point_Handler
                0x00000000000015a8                SysTick_Handler
                0x00000000000015aa                SW_Handler
                0x00000000000015ac                WWDG_IRQHandler
                0x00000000000015ae                PVD_IRQHandler
                0x00000000000015b0                TAMPER_IRQHandler
                0x00000000000015b2                RTC_IRQHandler
                0x00000000000015b4                FLASH_IRQHandler
                0x00000000000015b6                RCC_IRQHandler
                0x00000000000015b8                EXTI0_IRQHandler
                0x00000000000015ba                EXTI1_IRQHandler
                0x00000000000015bc                EXTI2_IRQHandler
                0x00000000000015be                EXTI3_IRQHandler
                0x00000000000015c0                EXTI4_IRQHandler
                0x00000000000015c2                DMA1_Channel1_IRQHandler
                0x00000000000015c4                DMA1_Channel2_IRQHandler
                0x00000000000015c6                DMA1_Channel3_IRQHandler
                0x00000000000015c8                DMA1_Channel4_IRQHandler
                0x00000000000015ca                DMA1_Channel5_IRQHandler
                0x00000000000015ce                DMA1_Channel7_IRQHandler
                0x00000000000015d0                ADC1_2_IRQHandler
                0x00000000000015d2                USB_HP_CAN1_TX_IRQHandler
                0x00000000000015d4                USB_LP_CAN1_RX0_IRQHandler
                0x00000000000015d6                CAN1_RX1_IRQHandler
                0x00000000000015d8                CAN1_SCE_IRQHandler
                0x00000000000015da                EXTI9_5_IRQHandler
                0x00000000000015dc                TIM1_BRK_IRQHandler
                0x00000000000015de                TIM1_UP_IRQHandler
                0x00000000000015e0                TIM1_TRG_COM_IRQHandler
                0x00000000000015e2                TIM1_CC_IRQHandler
                0x00000000000015e4                TIM2_IRQHandler
                0x00000000000015e6                TIM3_IRQHandler
                0x00000000000015e8                TIM4_IRQHandler
                0x00000000000015ea                I2C1_EV_IRQHandler
                0x00000000000015ec                I2C1_ER_IRQHandler
                0x00000000000015ee                I2C2_EV_IRQHandler
                0x00000000000015f0                I2C2_ER_IRQHandler
                0x00000000000015f2                SPI1_IRQHandler
                0x00000000000015f4                SPI2_IRQHandler
                0x00000000000015f6                USART1_IRQHandler
                0x00000000000015fa                USART3_IRQHandler
                0x00000000000015fc                EXTI15_10_IRQHandler
                0x00000000000015fe                RTCAlarm_IRQHandler
                0x0000000000001600                USBWakeUp_IRQHandler
                0x0000000000001602                TIM8_BRK_IRQHandler
                0x0000000000001604                TIM8_UP_IRQHandler
                0x0000000000001606                TIM8_TRG_COM_IRQHandler
                0x0000000000001608                TIM8_CC_IRQHandler
                0x000000000000160a                RNG_IRQHandler
                0x000000000000160c                FSMC_IRQHandler
                0x000000000000160e                SDIO_IRQHandler
                0x0000000000001610                TIM5_IRQHandler
                0x0000000000001612                SPI3_IRQHandler
                0x0000000000001614                UART4_IRQHandler
                0x0000000000001616                UART5_IRQHandler
                0x0000000000001618                TIM6_IRQHandler
                0x000000000000161a                TIM7_IRQHandler
                0x000000000000161c                DMA2_Channel1_IRQHandler
                0x000000000000161e                DMA2_Channel2_IRQHandler
                0x0000000000001620                DMA2_Channel3_IRQHandler
                0x0000000000001622                DMA2_Channel4_IRQHandler
                0x0000000000001624                DMA2_Channel5_IRQHandler
                0x0000000000001626                ETH_IRQHandler
                0x0000000000001628                ETH_WKUP_IRQHandler
                0x000000000000162a                CAN2_TX_IRQHandler
                0x000000000000162c                CAN2_RX0_IRQHandler
                0x000000000000162e                CAN2_RX1_IRQHandler
                0x0000000000001630                CAN2_SCE_IRQHandler
                0x0000000000001634                USBHSWakeup_IRQHandler
                0x0000000000001636                USBHS_IRQHandler
                0x0000000000001638                DVP_IRQHandler
                0x000000000000163a                UART6_IRQHandler
                0x000000000000163c                UART7_IRQHandler
                0x000000000000163e                UART8_IRQHandler
                0x0000000000001640                TIM9_BRK_IRQHandler
                0x0000000000001642                TIM9_UP_IRQHandler
                0x0000000000001644                TIM9_TRG_COM_IRQHandler
                0x0000000000001646                TIM9_CC_IRQHandler
                0x0000000000001648                TIM10_BRK_IRQHandler
                0x000000000000164a                TIM10_UP_IRQHandler
                0x000000000000164c                TIM10_TRG_COM_IRQHandler
                0x000000000000164e                TIM10_CC_IRQHandler
                0x0000000000001650                DMA2_Channel6_IRQHandler
                0x0000000000001652                DMA2_Channel7_IRQHandler
                0x0000000000001654                DMA2_Channel8_IRQHandler
                0x0000000000001656                DMA2_Channel9_IRQHandler
                0x0000000000001658                DMA2_Channel10_IRQHandler
                0x000000000000165a                DMA2_Channel11_IRQHandler
 .text.handle_reset
                0x000000000000165c       0xa2 ./Startup/startup_ch32v30x_D8C.o
                0x000000000000165c                handle_reset
 .text.DMA_DeInit
                0x00000000000016fe      0x16c ./Peripheral/src/ch32v30x_dma.o
                0x00000000000016fe                DMA_DeInit
 .text.DMA_Init
                0x000000000000186a       0x38 ./Peripheral/src/ch32v30x_dma.o
                0x000000000000186a                DMA_Init
 .text.DMA_Cmd  0x00000000000018a2       0x14 ./Peripheral/src/ch32v30x_dma.o
                0x00000000000018a2                DMA_Cmd
 .text.DMA_ITConfig
                0x00000000000018b6       0x12 ./Peripheral/src/ch32v30x_dma.o
                0x00000000000018b6                DMA_ITConfig
 .text.DMA_SetCurrDataCounter
                0x00000000000018c8        0x4 ./Peripheral/src/ch32v30x_dma.o
                0x00000000000018c8                DMA_SetCurrDataCounter
 .text.DMA_GetCurrDataCounter
                0x00000000000018cc        0x8 ./Peripheral/src/ch32v30x_dma.o
                0x00000000000018cc                DMA_GetCurrDataCounter
 .text.DMA_GetFlagStatus
                0x00000000000018d4       0x32 ./Peripheral/src/ch32v30x_dma.o
                0x00000000000018d4                DMA_GetFlagStatus
 .text.DMA_ClearFlag
                0x0000000000001906       0x2c ./Peripheral/src/ch32v30x_dma.o
                0x0000000000001906                DMA_ClearFlag
 .text.DMA_ClearITPendingBit
                0x0000000000001932        0x2 ./Peripheral/src/ch32v30x_dma.o
                0x0000000000001932                DMA_ClearITPendingBit
 .text.GPIO_Init
                0x0000000000001934       0xc2 ./Peripheral/src/ch32v30x_gpio.o
                0x0000000000001934                GPIO_Init
 .text.GPIO_ReadInputDataBit
                0x00000000000019f6        0xa ./Peripheral/src/ch32v30x_gpio.o
                0x00000000000019f6                GPIO_ReadInputDataBit
 .text.NVIC_PriorityGroupConfig
                0x0000000000001a00        0x6 ./Peripheral/src/ch32v30x_misc.o
                0x0000000000001a00                NVIC_PriorityGroupConfig
 .text.NVIC_Init
                0x0000000000001a06       0xb8 ./Peripheral/src/ch32v30x_misc.o
                0x0000000000001a06                NVIC_Init
 .text.RCC_GetClocksFreq
                0x0000000000001abe      0x10e ./Peripheral/src/ch32v30x_rcc.o
                0x0000000000001abe                RCC_GetClocksFreq
 .text.RCC_AHBPeriphClockCmd
                0x0000000000001bcc       0x1e ./Peripheral/src/ch32v30x_rcc.o
                0x0000000000001bcc                RCC_AHBPeriphClockCmd
 .text.RCC_APB2PeriphClockCmd
                0x0000000000001bea       0x1e ./Peripheral/src/ch32v30x_rcc.o
                0x0000000000001bea                RCC_APB2PeriphClockCmd
 .text.RCC_APB1PeriphClockCmd
                0x0000000000001c08       0x1e ./Peripheral/src/ch32v30x_rcc.o
                0x0000000000001c08                RCC_APB1PeriphClockCmd
 .text.RCC_USBHSConfig
                0x0000000000001c26       0x1a ./Peripheral/src/ch32v30x_rcc.o
                0x0000000000001c26                RCC_USBHSConfig
 .text.RCC_USBHSPLLCLKConfig
                0x0000000000001c40       0x1a ./Peripheral/src/ch32v30x_rcc.o
                0x0000000000001c40                RCC_USBHSPLLCLKConfig
 .text.RCC_USBHSPLLCKREFCLKConfig
                0x0000000000001c5a       0x1a ./Peripheral/src/ch32v30x_rcc.o
                0x0000000000001c5a                RCC_USBHSPLLCKREFCLKConfig
 .text.RCC_USBHSPHYPLLALIVEcmd
                0x0000000000001c74       0x24 ./Peripheral/src/ch32v30x_rcc.o
                0x0000000000001c74                RCC_USBHSPHYPLLALIVEcmd
 .text.RCC_USBCLK48MConfig
                0x0000000000001c98       0x16 ./Peripheral/src/ch32v30x_rcc.o
                0x0000000000001c98                RCC_USBCLK48MConfig
 .text.USART_Init
                0x0000000000001cae       0xd8 ./Peripheral/src/ch32v30x_usart.o
                0x0000000000001cae                USART_Init
 .text.USART_Cmd
                0x0000000000001d86       0x1c ./Peripheral/src/ch32v30x_usart.o
                0x0000000000001d86                USART_Cmd
 .text.USART_ITConfig
                0x0000000000001da2       0x36 ./Peripheral/src/ch32v30x_usart.o
                0x0000000000001da2                USART_ITConfig
 .text.USART_DMACmd
                0x0000000000001dd8       0x16 ./Peripheral/src/ch32v30x_usart.o
                0x0000000000001dd8                USART_DMACmd
 .text.USART_SendData
                0x0000000000001dee        0xa ./Peripheral/src/ch32v30x_usart.o
                0x0000000000001dee                USART_SendData
 .text.USART_ReceiveData
                0x0000000000001df8        0xa ./Peripheral/src/ch32v30x_usart.o
                0x0000000000001df8                USART_ReceiveData
 .text.USART_GetFlagStatus
                0x0000000000001e02        0xc ./Peripheral/src/ch32v30x_usart.o
                0x0000000000001e02                USART_GetFlagStatus
 .text.USART_ClearFlag
                0x0000000000001e0e        0xe ./Peripheral/src/ch32v30x_usart.o
                0x0000000000001e0e                USART_ClearFlag
 .text.USART_GetITStatus
                0x0000000000001e1c       0x44 ./Peripheral/src/ch32v30x_usart.o
                0x0000000000001e1c                USART_GetITStatus
 .text.USART_ClearITPendingBit
                0x0000000000001e60       0x16 ./Peripheral/src/ch32v30x_usart.o
                0x0000000000001e60                USART_ClearITPendingBit
 .text.Delay_Init
                0x0000000000001e76       0x26 ./Debug/debug.o
                0x0000000000001e76                Delay_Init
 .text.Delay_Us
                0x0000000000001e9c       0x2e ./Debug/debug.o
                0x0000000000001e9c                Delay_Us
 .text.Delay_Ms
                0x0000000000001eca       0x2e ./Debug/debug.o
                0x0000000000001eca                Delay_Ms
 .text.USART_Printf_Init
                0x0000000000001ef8       0x58 ./Debug/debug.o
                0x0000000000001ef8                USART_Printf_Init
 .text._write   0x0000000000001f50       0x4c ./Debug/debug.o
                0x0000000000001f50                _write
 .text._sbrk    0x0000000000001f9c       0x26 ./Debug/debug.o
                0x0000000000001f9c                _sbrk
 .text.memcpy   0x0000000000001fc2       0xb6 f:/mounriver/mounriver_studio/toolchain/risc-v embedded gcc/bin/../lib/gcc/riscv-none-embed/8.2.0/../../../../riscv-none-embed/lib/rv32imac/ilp32\libg_nano.a(lib_a-memcpy.o)
                0x0000000000001fc2                memcpy
 .text.printf   0x0000000000002078       0x40 f:/mounriver/mounriver_studio/toolchain/risc-v embedded gcc/bin/../lib/gcc/riscv-none-embed/8.2.0/../../../../riscv-none-embed/lib/rv32imac/ilp32\libg_nano.a(lib_a-printf.o)
                0x0000000000002078                iprintf
                0x0000000000002078                printf
 .text._puts_r  0x00000000000020b8       0xda f:/mounriver/mounriver_studio/toolchain/risc-v embedded gcc/bin/../lib/gcc/riscv-none-embed/8.2.0/../../../../riscv-none-embed/lib/rv32imac/ilp32\libg_nano.a(lib_a-puts.o)
                0x00000000000020b8                _puts_r
 .text.puts     0x0000000000002192        0xa f:/mounriver/mounriver_studio/toolchain/risc-v embedded gcc/bin/../lib/gcc/riscv-none-embed/8.2.0/../../../../riscv-none-embed/lib/rv32imac/ilp32\libg_nano.a(lib_a-puts.o)
                0x0000000000002192                puts
 .text.__swbuf_r
                0x000000000000219c       0xc0 f:/mounriver/mounriver_studio/toolchain/risc-v embedded gcc/bin/../lib/gcc/riscv-none-embed/8.2.0/../../../../riscv-none-embed/lib/rv32imac/ilp32\libg_nano.a(lib_a-wbuf.o)
                0x000000000000219c                __swbuf_r
 .text.__swsetup_r
                0x000000000000225c      0x10c f:/mounriver/mounriver_studio/toolchain/risc-v embedded gcc/bin/../lib/gcc/riscv-none-embed/8.2.0/../../../../riscv-none-embed/lib/rv32imac/ilp32\libg_nano.a(lib_a-wsetup.o)
                0x000000000000225c                __swsetup_r
 .text.__sflush_r
                0x0000000000002368      0x13c f:/mounriver/mounriver_studio/toolchain/risc-v embedded gcc/bin/../lib/gcc/riscv-none-embed/8.2.0/../../../../riscv-none-embed/lib/rv32imac/ilp32\libg_nano.a(lib_a-fflush.o)
                0x0000000000002368                __sflush_r
 .text._fflush_r
                0x00000000000024a4       0x64 f:/mounriver/mounriver_studio/toolchain/risc-v embedded gcc/bin/../lib/gcc/riscv-none-embed/8.2.0/../../../../riscv-none-embed/lib/rv32imac/ilp32\libg_nano.a(lib_a-fflush.o)
                0x00000000000024a4                _fflush_r
 .text.std      0x0000000000002508       0x6a f:/mounriver/mounriver_studio/toolchain/risc-v embedded gcc/bin/../lib/gcc/riscv-none-embed/8.2.0/../../../../riscv-none-embed/lib/rv32imac/ilp32\libg_nano.a(lib_a-findfp.o)
 .text._cleanup_r
                0x0000000000002572        0xa f:/mounriver/mounriver_studio/toolchain/risc-v embedded gcc/bin/../lib/gcc/riscv-none-embed/8.2.0/../../../../riscv-none-embed/lib/rv32imac/ilp32\libg_nano.a(lib_a-findfp.o)
                0x0000000000002572                _cleanup_r
 .text.__sfmoreglue
                0x000000000000257c       0x46 f:/mounriver/mounriver_studio/toolchain/risc-v embedded gcc/bin/../lib/gcc/riscv-none-embed/8.2.0/../../../../riscv-none-embed/lib/rv32imac/ilp32\libg_nano.a(lib_a-findfp.o)
                0x000000000000257c                __sfmoreglue
 .text.__sinit  0x00000000000025c2       0x66 f:/mounriver/mounriver_studio/toolchain/risc-v embedded gcc/bin/../lib/gcc/riscv-none-embed/8.2.0/../../../../riscv-none-embed/lib/rv32imac/ilp32\libg_nano.a(lib_a-findfp.o)
                0x00000000000025c2                __sinit
 .text.__sfp    0x0000000000002628       0x9c f:/mounriver/mounriver_studio/toolchain/risc-v embedded gcc/bin/../lib/gcc/riscv-none-embed/8.2.0/../../../../riscv-none-embed/lib/rv32imac/ilp32\libg_nano.a(lib_a-findfp.o)
                0x0000000000002628                __sfp
 .text._fwalk_reent
                0x00000000000026c4       0x6c f:/mounriver/mounriver_studio/toolchain/risc-v embedded gcc/bin/../lib/gcc/riscv-none-embed/8.2.0/../../../../riscv-none-embed/lib/rv32imac/ilp32\libg_nano.a(lib_a-fwalk.o)
                0x00000000000026c4                _fwalk_reent
 .text.__swhatbuf_r
                0x0000000000002730       0x5a f:/mounriver/mounriver_studio/toolchain/risc-v embedded gcc/bin/../lib/gcc/riscv-none-embed/8.2.0/../../../../riscv-none-embed/lib/rv32imac/ilp32\libg_nano.a(lib_a-makebuf.o)
                0x0000000000002730                __swhatbuf_r
 .text.__smakebuf_r
                0x000000000000278a       0x9e f:/mounriver/mounriver_studio/toolchain/risc-v embedded gcc/bin/../lib/gcc/riscv-none-embed/8.2.0/../../../../riscv-none-embed/lib/rv32imac/ilp32\libg_nano.a(lib_a-makebuf.o)
                0x000000000000278a                __smakebuf_r
 .text._free_r  0x0000000000002828       0xa8 f:/mounriver/mounriver_studio/toolchain/risc-v embedded gcc/bin/../lib/gcc/riscv-none-embed/8.2.0/../../../../riscv-none-embed/lib/rv32imac/ilp32\libg_nano.a(lib_a-nano-freer.o)
                0x0000000000002828                _free_r
 .text._malloc_r
                0x00000000000028d0       0xd4 f:/mounriver/mounriver_studio/toolchain/risc-v embedded gcc/bin/../lib/gcc/riscv-none-embed/8.2.0/../../../../riscv-none-embed/lib/rv32imac/ilp32\libg_nano.a(lib_a-nano-mallocr.o)
                0x00000000000028d0                _malloc_r
 .text.__sfputc_r
                0x00000000000029a4       0x2a f:/mounriver/mounriver_studio/toolchain/risc-v embedded gcc/bin/../lib/gcc/riscv-none-embed/8.2.0/../../../../riscv-none-embed/lib/rv32imac/ilp32\libg_nano.a(lib_a-nano-vfprintf.o)
 .text.__sfputs_r
                0x00000000000029ce       0x42 f:/mounriver/mounriver_studio/toolchain/risc-v embedded gcc/bin/../lib/gcc/riscv-none-embed/8.2.0/../../../../riscv-none-embed/lib/rv32imac/ilp32\libg_nano.a(lib_a-nano-vfprintf.o)
                0x00000000000029ce                __sfputs_r
 .text._vfprintf_r
                0x0000000000002a10      0x29a f:/mounriver/mounriver_studio/toolchain/risc-v embedded gcc/bin/../lib/gcc/riscv-none-embed/8.2.0/../../../../riscv-none-embed/lib/rv32imac/ilp32\libg_nano.a(lib_a-nano-vfprintf.o)
                0x0000000000002a10                _vfprintf_r
                0x0000000000002a10                _vfiprintf_r
 .text._printf_common
                0x0000000000002caa      0x10c f:/mounriver/mounriver_studio/toolchain/risc-v embedded gcc/bin/../lib/gcc/riscv-none-embed/8.2.0/../../../../riscv-none-embed/lib/rv32imac/ilp32\libg_nano.a(lib_a-nano-vfprintf_i.o)
                0x0000000000002caa                _printf_common
 .text._printf_i
                0x0000000000002db6      0x2a8 f:/mounriver/mounriver_studio/toolchain/risc-v embedded gcc/bin/../lib/gcc/riscv-none-embed/8.2.0/../../../../riscv-none-embed/lib/rv32imac/ilp32\libg_nano.a(lib_a-nano-vfprintf_i.o)
                0x0000000000002db6                _printf_i
 .text._sbrk_r  0x000000000000305e       0x2a f:/mounriver/mounriver_studio/toolchain/risc-v embedded gcc/bin/../lib/gcc/riscv-none-embed/8.2.0/../../../../riscv-none-embed/lib/rv32imac/ilp32\libg_nano.a(lib_a-sbrkr.o)
                0x000000000000305e                _sbrk_r
 .text.__sread  0x0000000000003088       0x30 f:/mounriver/mounriver_studio/toolchain/risc-v embedded gcc/bin/../lib/gcc/riscv-none-embed/8.2.0/../../../../riscv-none-embed/lib/rv32imac/ilp32\libg_nano.a(lib_a-stdio.o)
                0x0000000000003088                __sread
 .text.__swrite
                0x00000000000030b8       0x4e f:/mounriver/mounriver_studio/toolchain/risc-v embedded gcc/bin/../lib/gcc/riscv-none-embed/8.2.0/../../../../riscv-none-embed/lib/rv32imac/ilp32\libg_nano.a(lib_a-stdio.o)
                0x00000000000030b8                __swrite
 .text.__sseek  0x0000000000003106       0x36 f:/mounriver/mounriver_studio/toolchain/risc-v embedded gcc/bin/../lib/gcc/riscv-none-embed/8.2.0/../../../../riscv-none-embed/lib/rv32imac/ilp32\libg_nano.a(lib_a-stdio.o)
                0x0000000000003106                __sseek
 .text.__sclose
                0x000000000000313c        0x6 f:/mounriver/mounriver_studio/toolchain/risc-v embedded gcc/bin/../lib/gcc/riscv-none-embed/8.2.0/../../../../riscv-none-embed/lib/rv32imac/ilp32\libg_nano.a(lib_a-stdio.o)
                0x000000000000313c                __sclose
 .text._write_r
                0x0000000000003142       0x2e f:/mounriver/mounriver_studio/toolchain/risc-v embedded gcc/bin/../lib/gcc/riscv-none-embed/8.2.0/../../../../riscv-none-embed/lib/rv32imac/ilp32\libg_nano.a(lib_a-writer.o)
                0x0000000000003142                _write_r
 .text._close_r
                0x0000000000003170       0x28 f:/mounriver/mounriver_studio/toolchain/risc-v embedded gcc/bin/../lib/gcc/riscv-none-embed/8.2.0/../../../../riscv-none-embed/lib/rv32imac/ilp32\libg_nano.a(lib_a-closer.o)
                0x0000000000003170                _close_r
 .text._fstat_r
                0x0000000000003198       0x2a f:/mounriver/mounriver_studio/toolchain/risc-v embedded gcc/bin/../lib/gcc/riscv-none-embed/8.2.0/../../../../riscv-none-embed/lib/rv32imac/ilp32\libg_nano.a(lib_a-fstatr.o)
                0x0000000000003198                _fstat_r
 .text._isatty_r
                0x00000000000031c2       0x28 f:/mounriver/mounriver_studio/toolchain/risc-v embedded gcc/bin/../lib/gcc/riscv-none-embed/8.2.0/../../../../riscv-none-embed/lib/rv32imac/ilp32\libg_nano.a(lib_a-isattyr.o)
                0x00000000000031c2                _isatty_r
 .text._lseek_r
                0x00000000000031ea       0x2c f:/mounriver/mounriver_studio/toolchain/risc-v embedded gcc/bin/../lib/gcc/riscv-none-embed/8.2.0/../../../../riscv-none-embed/lib/rv32imac/ilp32\libg_nano.a(lib_a-lseekr.o)
                0x00000000000031ea                _lseek_r
 .text.memchr   0x0000000000003216       0x1a f:/mounriver/mounriver_studio/toolchain/risc-v embedded gcc/bin/../lib/gcc/riscv-none-embed/8.2.0/../../../../riscv-none-embed/lib/rv32imac/ilp32\libg_nano.a(lib_a-memchr.o)
                0x0000000000003216                memchr
 .text.__malloc_lock
                0x0000000000003230        0x2 f:/mounriver/mounriver_studio/toolchain/risc-v embedded gcc/bin/../lib/gcc/riscv-none-embed/8.2.0/../../../../riscv-none-embed/lib/rv32imac/ilp32\libg_nano.a(lib_a-mlock.o)
                0x0000000000003230                __malloc_lock
 .text.__malloc_unlock
                0x0000000000003232        0x2 f:/mounriver/mounriver_studio/toolchain/risc-v embedded gcc/bin/../lib/gcc/riscv-none-embed/8.2.0/../../../../riscv-none-embed/lib/rv32imac/ilp32\libg_nano.a(lib_a-mlock.o)
                0x0000000000003232                __malloc_unlock
 .text._read_r  0x0000000000003234       0x2c f:/mounriver/mounriver_studio/toolchain/risc-v embedded gcc/bin/../lib/gcc/riscv-none-embed/8.2.0/../../../../riscv-none-embed/lib/rv32imac/ilp32\libg_nano.a(lib_a-readr.o)
                0x0000000000003234                _read_r
 .text._close   0x0000000000003260        0xc f:/mounriver/mounriver_studio/toolchain/risc-v embedded gcc/bin/../lib/gcc/riscv-none-embed/8.2.0/../../../../riscv-none-embed/lib/rv32imac/ilp32\libnosys.a(close.o)
                0x0000000000003260                _close
 .text._fstat   0x000000000000326c        0xc f:/mounriver/mounriver_studio/toolchain/risc-v embedded gcc/bin/../lib/gcc/riscv-none-embed/8.2.0/../../../../riscv-none-embed/lib/rv32imac/ilp32\libnosys.a(fstat.o)
                0x000000000000326c                _fstat
 .text._isatty  0x0000000000003278        0xc f:/mounriver/mounriver_studio/toolchain/risc-v embedded gcc/bin/../lib/gcc/riscv-none-embed/8.2.0/../../../../riscv-none-embed/lib/rv32imac/ilp32\libnosys.a(isatty.o)
                0x0000000000003278                _isatty
 .text._lseek   0x0000000000003284        0xc f:/mounriver/mounriver_studio/toolchain/risc-v embedded gcc/bin/../lib/gcc/riscv-none-embed/8.2.0/../../../../riscv-none-embed/lib/rv32imac/ilp32\libnosys.a(lseek.o)
                0x0000000000003284                _lseek
 .text._read    0x0000000000003290        0xc f:/mounriver/mounriver_studio/toolchain/risc-v embedded gcc/bin/../lib/gcc/riscv-none-embed/8.2.0/../../../../riscv-none-embed/lib/rv32imac/ilp32\libnosys.a(read.o)
                0x0000000000003290                _read
 *(.rodata)
 *(.rodata*)
 *fill*         0x000000000000329c        0x0 
 .rodata.OTG_FS_IRQHandler
                0x000000000000329c       0x70 ./User/ch32v30x_usbotg_device.o
 .rodata.MyCfgDescrHD
                0x000000000000330c       0x64 ./User/ch32v30x_usbotg_device.o
                0x000000000000330c                MyCfgDescrHD
 .rodata.MyDevDescrHD
                0x0000000000003370       0x12 ./User/ch32v30x_usbotg_device.o
                0x0000000000003370                MyDevDescrHD
 *fill*         0x0000000000003382        0x2 
 .rodata.MyManuInfoHD
                0x0000000000003384        0xe ./User/ch32v30x_usbotg_device.o
                0x0000000000003384                MyManuInfoHD
 *fill*         0x0000000000003392        0x2 
 .rodata.MyProdInfoHD
                0x0000000000003394        0xc ./User/ch32v30x_usbotg_device.o
                0x0000000000003394                MyProdInfoHD
 .rodata.MyReportDescHD
                0x00000000000033a0       0x3e ./User/ch32v30x_usbotg_device.o
                0x00000000000033a0                MyReportDescHD
 *fill*         0x00000000000033de        0x2 
 .rodata.MySerNumInfoHD
                0x00000000000033e0       0x16 ./User/ch32v30x_usbotg_device.o
                0x00000000000033e0                MySerNumInfoHD
 *fill*         0x00000000000033f6        0x2 
 .rodata.MyUSBQUADescHD
                0x00000000000033f8        0xa ./User/ch32v30x_usbotg_device.o
                0x00000000000033f8                MyUSBQUADescHD
 *fill*         0x0000000000003402        0x2 
 .rodata.OTG_FS_IRQHandler.str1.4
                0x0000000000003404        0x4 ./User/ch32v30x_usbotg_device.o
 .rodata.main.str1.4
                0x0000000000003408       0x3c ./User/main.o
 .rodata.USART2_CFG.str1.4
                0x0000000000003444       0x51 ./User/my_usart.o
 *fill*         0x0000000000003495        0x3 
 .rodata.__sf_fake_stderr
                0x0000000000003498       0x20 f:/mounriver/mounriver_studio/toolchain/risc-v embedded gcc/bin/../lib/gcc/riscv-none-embed/8.2.0/../../../../riscv-none-embed/lib/rv32imac/ilp32\libg_nano.a(lib_a-findfp.o)
                0x0000000000003498                __sf_fake_stderr
 .rodata.__sf_fake_stdin
                0x00000000000034b8       0x20 f:/mounriver/mounriver_studio/toolchain/risc-v embedded gcc/bin/../lib/gcc/riscv-none-embed/8.2.0/../../../../riscv-none-embed/lib/rv32imac/ilp32\libg_nano.a(lib_a-findfp.o)
                0x00000000000034b8                __sf_fake_stdin
 .rodata.__sf_fake_stdout
                0x00000000000034d8       0x20 f:/mounriver/mounriver_studio/toolchain/risc-v embedded gcc/bin/../lib/gcc/riscv-none-embed/8.2.0/../../../../riscv-none-embed/lib/rv32imac/ilp32\libg_nano.a(lib_a-findfp.o)
                0x00000000000034d8                __sf_fake_stdout
 .rodata._vfprintf_r.str1.4
                0x00000000000034f8       0x13 f:/mounriver/mounriver_studio/toolchain/risc-v embedded gcc/bin/../lib/gcc/riscv-none-embed/8.2.0/../../../../riscv-none-embed/lib/rv32imac/ilp32\libg_nano.a(lib_a-nano-vfprintf.o)
 *fill*         0x000000000000350b        0x1 
 .rodata._printf_i.str1.4
                0x000000000000350c       0x28 f:/mounriver/mounriver_studio/toolchain/risc-v embedded gcc/bin/../lib/gcc/riscv-none-embed/8.2.0/../../../../riscv-none-embed/lib/rv32imac/ilp32\libg_nano.a(lib_a-nano-vfprintf_i.o)
                                         0x25 (size before relaxing)
 *(.glue_7)
 *(.glue_7t)
 *(.gnu.linkonce.t.*)
                0x0000000000003534                . = ALIGN (0x4)

.rela.dyn       0x0000000000003534        0x0
 .rela.text.USBDeviceInit
                0x0000000000003534        0x0 ./User/ch32v30x_it.o
 .rela.text.USBOTG_Init
                0x0000000000003534        0x0 ./User/ch32v30x_it.o
 .rela.text.DevEP1_OUT_Deal
                0x0000000000003534        0x0 ./User/ch32v30x_it.o
 .rela.text.DevEP2_OUT_Deal
                0x0000000000003534        0x0 ./User/ch32v30x_it.o
 .rela.text.DevEP3_OUT_Deal
                0x0000000000003534        0x0 ./User/ch32v30x_it.o
 .rela.text.DevEP5_OUT_Deal
                0x0000000000003534        0x0 ./User/ch32v30x_it.o
 .rela.text.DevEP6_OUT_Deal
                0x0000000000003534        0x0 ./User/ch32v30x_it.o
 .rela.text.DevEP7_OUT_Deal
                0x0000000000003534        0x0 ./User/ch32v30x_it.o
 .rela.text.OTG_FS_IRQHandler
                0x0000000000003534        0x0 ./User/ch32v30x_it.o
 .rela.sdata.linecodingst
                0x0000000000003534        0x0 ./User/ch32v30x_it.o
 .rela.text.startup.main
                0x0000000000003534        0x0 ./User/ch32v30x_it.o
 .rela.text.Usart_Rx_Config
                0x0000000000003534        0x0 ./User/ch32v30x_it.o
 .rela.text.copy_data
                0x0000000000003534        0x0 ./User/ch32v30x_it.o
 .rela.text.DMA1_Channel6_IRQHandler
                0x0000000000003534        0x0 ./User/ch32v30x_it.o
 .rela.text.USART2_IRQHandler
                0x0000000000003534        0x0 ./User/ch32v30x_it.o
 .rela.init     0x0000000000003534        0x0 ./User/ch32v30x_it.o
 .rela.vector   0x0000000000003534        0x0 ./User/ch32v30x_it.o
 .rela.text.handle_reset
                0x0000000000003534        0x0 ./User/ch32v30x_it.o
 .rela.text._sbrk
                0x0000000000003534        0x0 ./User/ch32v30x_it.o
 .rela.sdata.curbrk.5229
                0x0000000000003534        0x0 ./User/ch32v30x_it.o
 .rela.text._vfprintf_r
                0x0000000000003534        0x0 ./User/ch32v30x_it.o
 .rela.text._sbrk_r
                0x0000000000003534        0x0 ./User/ch32v30x_it.o
 .rela.text._write_r
                0x0000000000003534        0x0 ./User/ch32v30x_it.o
 .rela.text._close_r
                0x0000000000003534        0x0 ./User/ch32v30x_it.o
 .rela.text._fstat_r
                0x0000000000003534        0x0 ./User/ch32v30x_it.o
 .rela.text._isatty_r
                0x0000000000003534        0x0 ./User/ch32v30x_it.o
 .rela.text._lseek_r
                0x0000000000003534        0x0 ./User/ch32v30x_it.o
 .rela.text._read_r
                0x0000000000003534        0x0 ./User/ch32v30x_it.o
 .rela.text._close
                0x0000000000003534        0x0 ./User/ch32v30x_it.o
 .rela.text._fstat
                0x0000000000003534        0x0 ./User/ch32v30x_it.o
 .rela.text._isatty
                0x0000000000003534        0x0 ./User/ch32v30x_it.o
 .rela.text._lseek
                0x0000000000003534        0x0 ./User/ch32v30x_it.o
 .rela.text._read
                0x0000000000003534        0x0 ./User/ch32v30x_it.o

.fini           0x0000000000003534        0x0
 *(SORT_NONE(.fini))
                0x0000000000003534                . = ALIGN (0x4)
                [!provide]                        PROVIDE (_etext = .)
                [!provide]                        PROVIDE (_eitcm = .)

.preinit_array  0x0000000000003534        0x0
                [!provide]                        PROVIDE (__preinit_array_start = .)
 *(.preinit_array)
                [!provide]                        PROVIDE (__preinit_array_end = .)

.init_array     0x0000000000003534        0x0
                [!provide]                        PROVIDE (__init_array_start = .)
 *(SORT_BY_INIT_PRIORITY(.init_array.*) SORT_BY_INIT_PRIORITY(.ctors.*))
 *(.init_array EXCLUDE_FILE(*crtend?.o *crtend.o *crtbegin?.o *crtbegin.o) .ctors)
                [!provide]                        PROVIDE (__init_array_end = .)

.fini_array     0x0000000000003534        0x0
                [!provide]                        PROVIDE (__fini_array_start = .)
 *(SORT_BY_INIT_PRIORITY(.fini_array.*) SORT_BY_INIT_PRIORITY(.dtors.*))
 *(.fini_array EXCLUDE_FILE(*crtend?.o *crtend.o *crtbegin?.o *crtbegin.o) .dtors)
                [!provide]                        PROVIDE (__fini_array_end = .)

.ctors
 *crtbegin.o(.ctors)
 *crtbegin?.o(.ctors)
 *(EXCLUDE_FILE(*crtend?.o *crtend.o) .ctors)
 *(SORT_BY_NAME(.ctors.*))
 *(.ctors)

.dtors
 *crtbegin.o(.dtors)
 *crtbegin?.o(.dtors)
 *(EXCLUDE_FILE(*crtend?.o *crtend.o) .dtors)
 *(SORT_BY_NAME(.dtors.*))
 *(.dtors)

.dalign         0x0000000020000000        0x0 load address 0x0000000000003534
                0x0000000020000000                . = ALIGN (0x4)
                0x0000000020000000                PROVIDE (_data_vma = .)

.dlalign        0x0000000000003534        0x0
                0x0000000000003534                . = ALIGN (0x4)
                0x0000000000003534                PROVIDE (_data_lma = .)

.data           0x0000000020000000      0x110 load address 0x0000000000003534
 *(.gnu.linkonce.r.*)
 *(.data .data.*)
 .data.TAB_USB_FS_OSC_DESC
                0x0000000020000000       0x64 ./User/ch32v30x_usbotg_device.o
                0x0000000020000000                TAB_USB_FS_OSC_DESC
 .data.APBAHBPrescTable
                0x0000000020000064       0x10 ./Peripheral/src/ch32v30x_rcc.o
 .data.impure_data
                0x0000000020000074       0x60 f:/mounriver/mounriver_studio/toolchain/risc-v embedded gcc/bin/../lib/gcc/riscv-none-embed/8.2.0/../../../../riscv-none-embed/lib/rv32imac/ilp32\libg_nano.a(lib_a-impure.o)
 *(.gnu.linkonce.d.*)
                0x00000000200000d8                . = ALIGN (0x8)
 *fill*         0x00000000200000d4        0x4 
                0x00000000200008d8                PROVIDE (__global_pointer$ = (. + 0x800))
 *(.sdata .sdata.*)
 .sdata.LineCoding
                0x00000000200000d8        0x7 ./User/ch32v30x_usbotg_device.o
                0x00000000200000d8                LineCoding
 .sdata.USBHD_Dev_Speed
                0x00000000200000df        0x1 ./User/ch32v30x_usbotg_device.o
                0x00000000200000df                USBHD_Dev_Speed
 .sdata.linecodingst
                0x00000000200000e0        0x4 ./User/ch32v30x_usbotg_device.o
                0x00000000200000e0                linecodingst
 .sdata.BufferLen
                0x00000000200000e4        0x2 ./User/main.o
                0x00000000200000e4                BufferLen
 *fill*         0x00000000200000e6        0x2 
 .sdata.SystemCoreClock
                0x00000000200000e8        0x4 ./User/system_ch32v30x.o
                0x00000000200000e8                SystemCoreClock
 .sdata.ADCPrescTable
                0x00000000200000ec        0x4 ./Peripheral/src/ch32v30x_rcc.o
 .sdata.curbrk.5229
                0x00000000200000f0        0x4 ./Debug/debug.o
 .sdata._impure_ptr
                0x00000000200000f4        0x4 f:/mounriver/mounriver_studio/toolchain/risc-v embedded gcc/bin/../lib/gcc/riscv-none-embed/8.2.0/../../../../riscv-none-embed/lib/rv32imac/ilp32\libg_nano.a(lib_a-impure.o)
                0x00000000200000f4                _impure_ptr
 *(.sdata2.*)
 .sdata2.MyLangDescrHD
                0x00000000200000f8        0x4 ./User/ch32v30x_usbotg_device.o
                0x00000000200000f8                MyLangDescrHD
 .sdata2.Key_NotPress
                0x00000000200000fc        0x8 ./User/main.o
                0x00000000200000fc                Key_NotPress
 .sdata2.Key_W_Val
                0x0000000020000104        0x8 ./User/main.o
                0x0000000020000104                Key_W_Val
 .sdata2._global_impure_ptr
                0x000000002000010c        0x4 f:/mounriver/mounriver_studio/toolchain/risc-v embedded gcc/bin/../lib/gcc/riscv-none-embed/8.2.0/../../../../riscv-none-embed/lib/rv32imac/ilp32\libg_nano.a(lib_a-impure.o)
                0x000000002000010c                _global_impure_ptr
 *(.gnu.linkonce.s.*)
                0x0000000020000110                . = ALIGN (0x8)
 *(.srodata.cst16)
 *(.srodata.cst8)
 *(.srodata.cst4)
 *(.srodata.cst2)
 *(.srodata .srodata.*)
                0x0000000020000110                . = ALIGN (0x4)
                0x0000000020000110                PROVIDE (_edata = .)

.bss            0x0000000020000110      0x4e8 load address 0x0000000000003644
                0x0000000020000110                . = ALIGN (0x4)
                0x0000000020000110                PROVIDE (_sbss = .)
 *(.sbss*)
 .sbss.USBBufOutPoint
                0x0000000020000110        0x1 ./User/ch32v30x_usbotg_device.o
                0x0000000020000110                USBBufOutPoint
 .sbss.USBByteCount
                0x0000000020000111        0x1 ./User/ch32v30x_usbotg_device.o
                0x0000000020000111                USBByteCount
 .sbss.USBHD_Dev_SetupReqLen
                0x0000000020000112        0x2 ./User/ch32v30x_usbotg_device.o
                0x0000000020000112                USBHD_Dev_SetupReqLen
 .sbss.USBHD_Dev_SleepStatus
                0x0000000020000114        0x1 ./User/ch32v30x_usbotg_device.o
                0x0000000020000114                USBHD_Dev_SleepStatus
 *fill*         0x0000000020000115        0x1 
 .sbss.USBHD_Endp1_Up_Flag
                0x0000000020000116        0x2 ./User/ch32v30x_usbotg_device.o
                0x0000000020000116                USBHD_Endp1_Up_Flag
 .sbss.USBHD_Endp2_Up_Flag
                0x0000000020000118        0x2 ./User/ch32v30x_usbotg_device.o
                0x0000000020000118                USBHD_Endp2_Up_Flag
 .sbss.USBHD_Endp3_Up_Flag
                0x000000002000011a        0x2 ./User/ch32v30x_usbotg_device.o
                0x000000002000011a                USBHD_Endp3_Up_Flag
 .sbss.USBHD_Endp4_Up_Flag
                0x000000002000011c        0x2 ./User/ch32v30x_usbotg_device.o
                0x000000002000011c                USBHD_Endp4_Up_Flag
 .sbss.UartByteCount
                0x000000002000011e        0x1 ./User/ch32v30x_usbotg_device.o
                0x000000002000011e                UartByteCount
 .sbss.Uart_Input_Point
                0x000000002000011f        0x1 ./User/ch32v30x_usbotg_device.o
                0x000000002000011f                Uart_Input_Point
 .sbss.Uart_Output_Point
                0x0000000020000120        0x1 ./User/ch32v30x_usbotg_device.o
                0x0000000020000120                Uart_Output_Point
 .sbss.UpPoint4_Busy
                0x0000000020000121        0x1 ./User/ch32v30x_usbotg_device.o
                0x0000000020000121                UpPoint4_Busy
 .sbss.rx_flag  0x0000000020000122        0x1 ./User/main.o
                0x0000000020000122                rx_flag
 *fill*         0x0000000020000123        0x1 
 .sbss.rx_len   0x0000000020000124        0x2 ./User/main.o
                0x0000000020000124                rx_len
 .sbss.t_flag   0x0000000020000126        0x1 ./User/main.o
                0x0000000020000126                t_flag
 *fill*         0x0000000020000127        0x1 
 .sbss.NVIC_Priority_Group
                0x0000000020000128        0x4 ./Peripheral/src/ch32v30x_misc.o
                0x0000000020000128                NVIC_Priority_Group
 .sbss.p_ms     0x000000002000012c        0x2 ./Debug/debug.o
 .sbss.p_us     0x000000002000012e        0x1 ./Debug/debug.o
 *fill*         0x000000002000012f        0x1 
 .sbss.__malloc_free_list
                0x0000000020000130        0x4 f:/mounriver/mounriver_studio/toolchain/risc-v embedded gcc/bin/../lib/gcc/riscv-none-embed/8.2.0/../../../../riscv-none-embed/lib/rv32imac/ilp32\libg_nano.a(lib_a-nano-mallocr.o)
                0x0000000020000130                __malloc_free_list
 .sbss.__malloc_sbrk_start
                0x0000000020000134        0x4 f:/mounriver/mounriver_studio/toolchain/risc-v embedded gcc/bin/../lib/gcc/riscv-none-embed/8.2.0/../../../../riscv-none-embed/lib/rv32imac/ilp32\libg_nano.a(lib_a-nano-mallocr.o)
                0x0000000020000134                __malloc_sbrk_start
 *(.gnu.linkonce.sb.*)
 *(.bss*)
 *(.gnu.linkonce.b.*)
 *(COMMON*)
 COMMON         0x0000000020000138      0x438 ./User/ch32v30x_usbotg_device.o
                0x0000000020000138                pEP7_RAM_Addr
                0x000000002000013c                EP3_DatabufHD
                0x00000000200001bc                EP6_DatabufHD
                0x000000002000023c                EP5_DatabufHD
                0x00000000200002bc                DevConfig
                0x00000000200002c0                EP2_DatabufHD
                0x0000000020000340                EP7_DatabufHD
                0x00000000200003c0                SetupReqLen
                0x00000000200003c2                SetupReqCode
                0x00000000200003c4                pEP6_RAM_Addr
                0x00000000200003c8                pDescr
                0x00000000200003cc                Boundrate
                0x00000000200003d0                pEP4_RAM_Addr
                0x00000000200003d4                pEP2_RAM_Addr
                0x00000000200003d8                pEP3_RAM_Addr
                0x00000000200003dc                pEP0_RAM_Addr
                0x00000000200003e0                EP1_DatabufHD
                0x0000000020000460                EP0_DatabufHD
                0x00000000200004a0                Receive_Uart_Buf
                0x00000000200004e0                pEP5_RAM_Addr
                0x00000000200004e4                LINECODINGST
                0x00000000200004ec                EP4_DatabufHD
                0x000000002000056c                pEP1_RAM_Addr
 COMMON         0x0000000020000570       0x84 ./User/main.o
                0x0000000020000570                Sendlen_backup
                0x0000000020000574                SendBuffer
                0x00000000200005b4                ReceiveBuffer
 COMMON         0x00000000200005f4        0x4 f:/mounriver/mounriver_studio/toolchain/risc-v embedded gcc/bin/../lib/gcc/riscv-none-embed/8.2.0/../../../../riscv-none-embed/lib/rv32imac/ilp32\libg_nano.a(lib_a-reent.o)
                0x00000000200005f4                errno
                0x00000000200005f8                . = ALIGN (0x4)
                0x00000000200005f8                PROVIDE (_ebss = .)
                0x00000000200005f8                PROVIDE (_end = _ebss)
                [!provide]                        PROVIDE (end = .)

.stack          0x0000000020007800      0x800
                0x0000000020007800                PROVIDE (_heap_end = .)
                0x0000000020007800                . = ALIGN (0x4)
                [!provide]                        PROVIDE (_susrstack = .)
                0x0000000020008000                . = (. + __stack_size)
 *fill*         0x0000000020007800      0x800 
                0x0000000020008000                PROVIDE (_eusrstack = .)
OUTPUT(HID+CDC_Device.elf elf32-littleriscv)

.debug_info     0x0000000000000000     0xd4b6
 .debug_info    0x0000000000000000      0x962 ./User/ch32v30x_it.o
 .debug_info    0x0000000000000962     0x1e90 ./User/ch32v30x_usbotg_device.o
 .debug_info    0x00000000000027f2     0x13bb ./User/main.o
 .debug_info    0x0000000000003bad     0x12c2 ./User/my_dma.o
 .debug_info    0x0000000000004e6f     0x1516 ./User/my_usart.o
 .debug_info    0x0000000000006385      0xb63 ./User/system_ch32v30x.o
 .debug_info    0x0000000000006ee8       0x22 ./Startup/startup_ch32v30x_D8C.o
 .debug_info    0x0000000000006f0a      0xd13 ./Peripheral/src/ch32v30x_dma.o
 .debug_info    0x0000000000007c1d     0x1093 ./Peripheral/src/ch32v30x_gpio.o
 .debug_info    0x0000000000008cb0      0xf6d ./Peripheral/src/ch32v30x_misc.o
 .debug_info    0x0000000000009c1d     0x155d ./Peripheral/src/ch32v30x_rcc.o
 .debug_info    0x000000000000b17a     0x1420 ./Peripheral/src/ch32v30x_usart.o
 .debug_info    0x000000000000c59a      0xf1c ./Debug/debug.o

.debug_abbrev   0x0000000000000000     0x2379
 .debug_abbrev  0x0000000000000000      0x1cf ./User/ch32v30x_it.o
 .debug_abbrev  0x00000000000001cf      0x37b ./User/ch32v30x_usbotg_device.o
 .debug_abbrev  0x000000000000054a      0x32f ./User/main.o
 .debug_abbrev  0x0000000000000879      0x304 ./User/my_dma.o
 .debug_abbrev  0x0000000000000b7d      0x2a9 ./User/my_usart.o
 .debug_abbrev  0x0000000000000e26      0x2c0 ./User/system_ch32v30x.o
 .debug_abbrev  0x00000000000010e6       0x12 ./Startup/startup_ch32v30x_D8C.o
 .debug_abbrev  0x00000000000010f8      0x2fd ./Peripheral/src/ch32v30x_dma.o
 .debug_abbrev  0x00000000000013f5      0x31a ./Peripheral/src/ch32v30x_gpio.o
 .debug_abbrev  0x000000000000170f      0x2fb ./Peripheral/src/ch32v30x_misc.o
 .debug_abbrev  0x0000000000001a0a      0x351 ./Peripheral/src/ch32v30x_rcc.o
 .debug_abbrev  0x0000000000001d5b      0x325 ./Peripheral/src/ch32v30x_usart.o
 .debug_abbrev  0x0000000000002080      0x2f9 ./Debug/debug.o

.debug_aranges  0x0000000000000000      0x5e0
 .debug_aranges
                0x0000000000000000       0x28 ./User/ch32v30x_it.o
 .debug_aranges
                0x0000000000000028       0xa8 ./User/ch32v30x_usbotg_device.o
 .debug_aranges
                0x00000000000000d0       0x30 ./User/main.o
 .debug_aranges
                0x0000000000000100       0x40 ./User/my_dma.o
 .debug_aranges
                0x0000000000000140       0x28 ./User/my_usart.o
 .debug_aranges
                0x0000000000000168       0x28 ./User/system_ch32v30x.o
 .debug_aranges
                0x0000000000000190       0x30 ./Startup/startup_ch32v30x_D8C.o
 .debug_aranges
                0x00000000000001c0       0x60 ./Peripheral/src/ch32v30x_dma.o
 .debug_aranges
                0x0000000000000220       0xa8 ./Peripheral/src/ch32v30x_gpio.o
 .debug_aranges
                0x00000000000002c8       0x28 ./Peripheral/src/ch32v30x_misc.o
 .debug_aranges
                0x00000000000002f0      0x1a8 ./Peripheral/src/ch32v30x_rcc.o
 .debug_aranges
                0x0000000000000498      0x100 ./Peripheral/src/ch32v30x_usart.o
 .debug_aranges
                0x0000000000000598       0x48 ./Debug/debug.o

.debug_ranges   0x0000000000000000      0x568
 .debug_ranges  0x0000000000000000       0x18 ./User/ch32v30x_it.o
 .debug_ranges  0x0000000000000018       0x98 ./User/ch32v30x_usbotg_device.o
 .debug_ranges  0x00000000000000b0       0x20 ./User/main.o
 .debug_ranges  0x00000000000000d0       0x30 ./User/my_dma.o
 .debug_ranges  0x0000000000000100       0x18 ./User/my_usart.o
 .debug_ranges  0x0000000000000118       0x38 ./User/system_ch32v30x.o
 .debug_ranges  0x0000000000000150       0x28 ./Startup/startup_ch32v30x_D8C.o
 .debug_ranges  0x0000000000000178       0x50 ./Peripheral/src/ch32v30x_dma.o
 .debug_ranges  0x00000000000001c8       0x98 ./Peripheral/src/ch32v30x_gpio.o
 .debug_ranges  0x0000000000000260       0x48 ./Peripheral/src/ch32v30x_misc.o
 .debug_ranges  0x00000000000002a8      0x198 ./Peripheral/src/ch32v30x_rcc.o
 .debug_ranges  0x0000000000000440       0xf0 ./Peripheral/src/ch32v30x_usart.o
 .debug_ranges  0x0000000000000530       0x38 ./Debug/debug.o

.debug_line     0x0000000000000000     0x8e6e
 .debug_line    0x0000000000000000      0x21d ./User/ch32v30x_it.o
 .debug_line    0x000000000000021d     0x2180 ./User/ch32v30x_usbotg_device.o
 .debug_line    0x000000000000239d      0x7f6 ./User/main.o
 .debug_line    0x0000000000002b93      0x736 ./User/my_dma.o
 .debug_line    0x00000000000032c9      0x653 ./User/my_usart.o
 .debug_line    0x000000000000391c      0x701 ./User/system_ch32v30x.o
 .debug_line    0x000000000000401d      0x380 ./Startup/startup_ch32v30x_D8C.o
 .debug_line    0x000000000000439d      0x9a5 ./Peripheral/src/ch32v30x_dma.o
 .debug_line    0x0000000000004d42      0xd85 ./Peripheral/src/ch32v30x_gpio.o
 .debug_line    0x0000000000005ac7      0x4a4 ./Peripheral/src/ch32v30x_misc.o
 .debug_line    0x0000000000005f6b     0x17c5 ./Peripheral/src/ch32v30x_rcc.o
 .debug_line    0x0000000000007730     0x107e ./Peripheral/src/ch32v30x_usart.o
 .debug_line    0x00000000000087ae      0x6c0 ./Debug/debug.o

.debug_str      0x0000000000000000     0x27dd
 .debug_str     0x0000000000000000      0x532 ./User/ch32v30x_it.o
                                        0x599 (size before relaxing)
 .debug_str     0x0000000000000532      0xef7 ./User/ch32v30x_usbotg_device.o
                                       0x1498 (size before relaxing)
 .debug_str     0x0000000000001429      0x2a8 ./User/main.o
                                        0xcc9 (size before relaxing)
 .debug_str     0x00000000000016d1      0x2cb ./User/my_dma.o
                                        0xe5d (size before relaxing)
 .debug_str     0x000000000000199c      0x13b ./User/my_usart.o
                                       0x115d (size before relaxing)
 .debug_str     0x0000000000001ad7       0xef ./User/system_ch32v30x.o
                                        0x693 (size before relaxing)
 .debug_str     0x0000000000001bc6       0x2e ./Startup/startup_ch32v30x_D8C.o
                                         0x58 (size before relaxing)
 .debug_str     0x0000000000001bf4       0xb4 ./Peripheral/src/ch32v30x_dma.o
                                        0x7d6 (size before relaxing)
 .debug_str     0x0000000000001ca8      0x232 ./Peripheral/src/ch32v30x_gpio.o
                                        0x954 (size before relaxing)
 .debug_str     0x0000000000001eda       0x8a ./Peripheral/src/ch32v30x_misc.o
                                        0xcae (size before relaxing)
 .debug_str     0x0000000000001f64      0x52e ./Peripheral/src/ch32v30x_rcc.o
                                        0xca4 (size before relaxing)
 .debug_str     0x0000000000002492      0x2e9 ./Peripheral/src/ch32v30x_usart.o
                                        0xafa (size before relaxing)
 .debug_str     0x000000000000277b       0x62 ./Debug/debug.o
                                        0x8e2 (size before relaxing)

.comment        0x0000000000000000       0x33
 .comment       0x0000000000000000       0x33 ./User/ch32v30x_it.o
                                         0x34 (size before relaxing)
 .comment       0x0000000000000033       0x34 ./User/ch32v30x_usbotg_device.o
 .comment       0x0000000000000033       0x34 ./User/main.o
 .comment       0x0000000000000033       0x34 ./User/my_dma.o
 .comment       0x0000000000000033       0x34 ./User/my_usart.o
 .comment       0x0000000000000033       0x34 ./User/system_ch32v30x.o
 .comment       0x0000000000000033       0x34 ./Peripheral/src/ch32v30x_dma.o
 .comment       0x0000000000000033       0x34 ./Peripheral/src/ch32v30x_gpio.o
 .comment       0x0000000000000033       0x34 ./Peripheral/src/ch32v30x_misc.o
 .comment       0x0000000000000033       0x34 ./Peripheral/src/ch32v30x_rcc.o
 .comment       0x0000000000000033       0x34 ./Peripheral/src/ch32v30x_usart.o
 .comment       0x0000000000000033       0x34 ./Debug/debug.o

.debug_frame    0x0000000000000000     0x14dc
 .debug_frame   0x0000000000000000       0x30 ./User/ch32v30x_it.o
 .debug_frame   0x0000000000000030      0x178 ./User/ch32v30x_usbotg_device.o
 .debug_frame   0x00000000000001a8       0x78 ./User/main.o
 .debug_frame   0x0000000000000220       0xb0 ./User/my_dma.o
 .debug_frame   0x00000000000002d0       0x68 ./User/my_usart.o
 .debug_frame   0x0000000000000338       0x3c ./User/system_ch32v30x.o
 .debug_frame   0x0000000000000374       0xc0 ./Peripheral/src/ch32v30x_dma.o
 .debug_frame   0x0000000000000434      0x150 ./Peripheral/src/ch32v30x_gpio.o
 .debug_frame   0x0000000000000584       0x30 ./Peripheral/src/ch32v30x_misc.o
 .debug_frame   0x00000000000005b4      0x340 ./Peripheral/src/ch32v30x_rcc.o
 .debug_frame   0x00000000000008f4      0x210 ./Peripheral/src/ch32v30x_usart.o
 .debug_frame   0x0000000000000b04       0xa4 ./Debug/debug.o
 .debug_frame   0x0000000000000ba8       0x20 f:/mounriver/mounriver_studio/toolchain/risc-v embedded gcc/bin/../lib/gcc/riscv-none-embed/8.2.0/../../../../riscv-none-embed/lib/rv32imac/ilp32\libg_nano.a(lib_a-memcpy.o)
 .debug_frame   0x0000000000000bc8       0x54 f:/mounriver/mounriver_studio/toolchain/risc-v embedded gcc/bin/../lib/gcc/riscv-none-embed/8.2.0/../../../../riscv-none-embed/lib/rv32imac/ilp32\libg_nano.a(lib_a-printf.o)
 .debug_frame   0x0000000000000c1c       0x54 f:/mounriver/mounriver_studio/toolchain/risc-v embedded gcc/bin/../lib/gcc/riscv-none-embed/8.2.0/../../../../riscv-none-embed/lib/rv32imac/ilp32\libg_nano.a(lib_a-puts.o)
 .debug_frame   0x0000000000000c70       0x50 f:/mounriver/mounriver_studio/toolchain/risc-v embedded gcc/bin/../lib/gcc/riscv-none-embed/8.2.0/../../../../riscv-none-embed/lib/rv32imac/ilp32\libg_nano.a(lib_a-wbuf.o)
 .debug_frame   0x0000000000000cc0       0x3c f:/mounriver/mounriver_studio/toolchain/risc-v embedded gcc/bin/../lib/gcc/riscv-none-embed/8.2.0/../../../../riscv-none-embed/lib/rv32imac/ilp32\libg_nano.a(lib_a-wsetup.o)
 .debug_frame   0x0000000000000cfc       0x7c f:/mounriver/mounriver_studio/toolchain/risc-v embedded gcc/bin/../lib/gcc/riscv-none-embed/8.2.0/../../../../riscv-none-embed/lib/rv32imac/ilp32\libg_nano.a(lib_a-fflush.o)
 .debug_frame   0x0000000000000d78      0x148 f:/mounriver/mounriver_studio/toolchain/risc-v embedded gcc/bin/../lib/gcc/riscv-none-embed/8.2.0/../../../../riscv-none-embed/lib/rv32imac/ilp32\libg_nano.a(lib_a-findfp.o)
 .debug_frame   0x0000000000000ec0       0x88 f:/mounriver/mounriver_studio/toolchain/risc-v embedded gcc/bin/../lib/gcc/riscv-none-embed/8.2.0/../../../../riscv-none-embed/lib/rv32imac/ilp32\libg_nano.a(lib_a-fwalk.o)
 .debug_frame   0x0000000000000f48       0x64 f:/mounriver/mounriver_studio/toolchain/risc-v embedded gcc/bin/../lib/gcc/riscv-none-embed/8.2.0/../../../../riscv-none-embed/lib/rv32imac/ilp32\libg_nano.a(lib_a-makebuf.o)
 .debug_frame   0x0000000000000fac       0x40 f:/mounriver/mounriver_studio/toolchain/risc-v embedded gcc/bin/../lib/gcc/riscv-none-embed/8.2.0/../../../../riscv-none-embed/lib/rv32imac/ilp32\libg_nano.a(lib_a-nano-freer.o)
 .debug_frame   0x0000000000000fec       0x40 f:/mounriver/mounriver_studio/toolchain/risc-v embedded gcc/bin/../lib/gcc/riscv-none-embed/8.2.0/../../../../riscv-none-embed/lib/rv32imac/ilp32\libg_nano.a(lib_a-nano-mallocr.o)
 .debug_frame   0x000000000000102c       0xd0 f:/mounriver/mounriver_studio/toolchain/risc-v embedded gcc/bin/../lib/gcc/riscv-none-embed/8.2.0/../../../../riscv-none-embed/lib/rv32imac/ilp32\libg_nano.a(lib_a-nano-vfprintf.o)
 .debug_frame   0x00000000000010fc       0x8c f:/mounriver/mounriver_studio/toolchain/risc-v embedded gcc/bin/../lib/gcc/riscv-none-embed/8.2.0/../../../../riscv-none-embed/lib/rv32imac/ilp32\libg_nano.a(lib_a-nano-vfprintf_i.o)
 .debug_frame   0x0000000000001188       0x30 f:/mounriver/mounriver_studio/toolchain/risc-v embedded gcc/bin/../lib/gcc/riscv-none-embed/8.2.0/../../../../riscv-none-embed/lib/rv32imac/ilp32\libg_nano.a(lib_a-sbrkr.o)
 .debug_frame   0x00000000000011b8       0xa4 f:/mounriver/mounriver_studio/toolchain/risc-v embedded gcc/bin/../lib/gcc/riscv-none-embed/8.2.0/../../../../riscv-none-embed/lib/rv32imac/ilp32\libg_nano.a(lib_a-stdio.o)
 .debug_frame   0x000000000000125c       0x30 f:/mounriver/mounriver_studio/toolchain/risc-v embedded gcc/bin/../lib/gcc/riscv-none-embed/8.2.0/../../../../riscv-none-embed/lib/rv32imac/ilp32\libg_nano.a(lib_a-writer.o)
 .debug_frame   0x000000000000128c       0x30 f:/mounriver/mounriver_studio/toolchain/risc-v embedded gcc/bin/../lib/gcc/riscv-none-embed/8.2.0/../../../../riscv-none-embed/lib/rv32imac/ilp32\libg_nano.a(lib_a-closer.o)
 .debug_frame   0x00000000000012bc       0x30 f:/mounriver/mounriver_studio/toolchain/risc-v embedded gcc/bin/../lib/gcc/riscv-none-embed/8.2.0/../../../../riscv-none-embed/lib/rv32imac/ilp32\libg_nano.a(lib_a-fstatr.o)
 .debug_frame   0x00000000000012ec       0x30 f:/mounriver/mounriver_studio/toolchain/risc-v embedded gcc/bin/../lib/gcc/riscv-none-embed/8.2.0/../../../../riscv-none-embed/lib/rv32imac/ilp32\libg_nano.a(lib_a-isattyr.o)
 .debug_frame   0x000000000000131c       0x30 f:/mounriver/mounriver_studio/toolchain/risc-v embedded gcc/bin/../lib/gcc/riscv-none-embed/8.2.0/../../../../riscv-none-embed/lib/rv32imac/ilp32\libg_nano.a(lib_a-lseekr.o)
 .debug_frame   0x000000000000134c       0x20 f:/mounriver/mounriver_studio/toolchain/risc-v embedded gcc/bin/../lib/gcc/riscv-none-embed/8.2.0/../../../../riscv-none-embed/lib/rv32imac/ilp32\libg_nano.a(lib_a-memchr.o)
 .debug_frame   0x000000000000136c       0x30 f:/mounriver/mounriver_studio/toolchain/risc-v embedded gcc/bin/../lib/gcc/riscv-none-embed/8.2.0/../../../../riscv-none-embed/lib/rv32imac/ilp32\libg_nano.a(lib_a-mlock.o)
 .debug_frame   0x000000000000139c       0x30 f:/mounriver/mounriver_studio/toolchain/risc-v embedded gcc/bin/../lib/gcc/riscv-none-embed/8.2.0/../../../../riscv-none-embed/lib/rv32imac/ilp32\libg_nano.a(lib_a-readr.o)
 .debug_frame   0x00000000000013cc       0x70 f:/mounriver/mounriver_studio/toolchain/risc-v embedded gcc/bin/../lib/gcc/riscv-none-embed/8.2.0/../../../../riscv-none-embed/lib/rv32imac/ilp32\libg_nano.a(lib_a-reent.o)
 .debug_frame   0x000000000000143c       0x20 f:/mounriver/mounriver_studio/toolchain/risc-v embedded gcc/bin/../lib/gcc/riscv-none-embed/8.2.0/../../../../riscv-none-embed/lib/rv32imac/ilp32\libnosys.a(close.o)
 .debug_frame   0x000000000000145c       0x20 f:/mounriver/mounriver_studio/toolchain/risc-v embedded gcc/bin/../lib/gcc/riscv-none-embed/8.2.0/../../../../riscv-none-embed/lib/rv32imac/ilp32\libnosys.a(fstat.o)
 .debug_frame   0x000000000000147c       0x20 f:/mounriver/mounriver_studio/toolchain/risc-v embedded gcc/bin/../lib/gcc/riscv-none-embed/8.2.0/../../../../riscv-none-embed/lib/rv32imac/ilp32\libnosys.a(isatty.o)
 .debug_frame   0x000000000000149c       0x20 f:/mounriver/mounriver_studio/toolchain/risc-v embedded gcc/bin/../lib/gcc/riscv-none-embed/8.2.0/../../../../riscv-none-embed/lib/rv32imac/ilp32\libnosys.a(lseek.o)
 .debug_frame   0x00000000000014bc       0x20 f:/mounriver/mounriver_studio/toolchain/risc-v embedded gcc/bin/../lib/gcc/riscv-none-embed/8.2.0/../../../../riscv-none-embed/lib/rv32imac/ilp32\libnosys.a(read.o)

.debug_loc      0x0000000000000000     0x2436
 .debug_loc     0x0000000000000000      0x45f ./User/ch32v30x_usbotg_device.o
 .debug_loc     0x000000000000045f       0xb4 ./User/main.o
 .debug_loc     0x0000000000000513       0xd8 ./User/my_dma.o
 .debug_loc     0x00000000000005eb       0x8f ./User/my_usart.o
 .debug_loc     0x000000000000067a       0xe5 ./User/system_ch32v30x.o
 .debug_loc     0x000000000000075f      0x19a ./Peripheral/src/ch32v30x_dma.o
 .debug_loc     0x00000000000008f9      0x67b ./Peripheral/src/ch32v30x_gpio.o
 .debug_loc     0x0000000000000f74       0xce ./Peripheral/src/ch32v30x_misc.o
 .debug_loc     0x0000000000001042      0xa54 ./Peripheral/src/ch32v30x_rcc.o
 .debug_loc     0x0000000000001a96      0x7f8 ./Peripheral/src/ch32v30x_usart.o
 .debug_loc     0x000000000000228e      0x1a8 ./Debug/debug.o

.stab           0x0000000000000000       0x84
 .stab          0x0000000000000000       0x24 f:/mounriver/mounriver_studio/toolchain/risc-v embedded gcc/bin/../lib/gcc/riscv-none-embed/8.2.0/../../../../riscv-none-embed/lib/rv32imac/ilp32\libnosys.a(close.o)
 .stab          0x0000000000000024       0x18 f:/mounriver/mounriver_studio/toolchain/risc-v embedded gcc/bin/../lib/gcc/riscv-none-embed/8.2.0/../../../../riscv-none-embed/lib/rv32imac/ilp32\libnosys.a(fstat.o)
                                         0x24 (size before relaxing)
 .stab          0x000000000000003c       0x18 f:/mounriver/mounriver_studio/toolchain/risc-v embedded gcc/bin/../lib/gcc/riscv-none-embed/8.2.0/../../../../riscv-none-embed/lib/rv32imac/ilp32\libnosys.a(isatty.o)
                                         0x24 (size before relaxing)
 .stab          0x0000000000000054       0x18 f:/mounriver/mounriver_studio/toolchain/risc-v embedded gcc/bin/../lib/gcc/riscv-none-embed/8.2.0/../../../../riscv-none-embed/lib/rv32imac/ilp32\libnosys.a(lseek.o)
                                         0x24 (size before relaxing)
 .stab          0x000000000000006c       0x18 f:/mounriver/mounriver_studio/toolchain/risc-v embedded gcc/bin/../lib/gcc/riscv-none-embed/8.2.0/../../../../riscv-none-embed/lib/rv32imac/ilp32\libnosys.a(read.o)
                                         0x24 (size before relaxing)

.stabstr        0x0000000000000000      0x117
 .stabstr       0x0000000000000000      0x117 f:/mounriver/mounriver_studio/toolchain/risc-v embedded gcc/bin/../lib/gcc/riscv-none-embed/8.2.0/../../../../riscv-none-embed/lib/rv32imac/ilp32\libnosys.a(close.o)
